int logctl_get(): open '/dev/hwlog_switch' fail -1, 13. Permission denied

Note: log switch off, only log_main and log_events will have logs!
--------- beginning of crash
02-23 09:21:44.510  5136  5138 F libc    : Fatal signal 11 (SIGSEGV), code 1, fault addr 0xe8 in tid 5138 (Binder:5136_1)
02-23 09:22:50.033  5272  5272 E AndroidRuntime: FATAL EXCEPTION: main
02-23 09:22:50.033  5272  5272 E AndroidRuntime: Process: com.yeapao.andorid, PID: 5272
02-23 09:22:50.033  5272  5272 E AndroidRuntime: java.lang.NullPointerException: Attempt to read from field 'float com.baidu.mapapi.map.MapStatus.zoom' on a null object reference
02-23 09:22:50.033  5272  5272 E AndroidRuntime: 	at com.yeapao.andorid.homepage.map.clusterutil.DefaultClusterRenderer$ViewModifier.handleMessage(DefaultClusterRenderer.java:250)
02-23 09:22:50.033  5272  5272 E AndroidRuntime: 	at android.os.Handler.dispatchMessage(Handler.java:105)
02-23 09:22:50.033  5272  5272 E AndroidRuntime: 	at android.os.Looper.loop(Looper.java:156)
02-23 09:22:50.033  5272  5272 E AndroidRuntime: 	at android.app.ActivityThread.main(ActivityThread.java:6523)
02-23 09:22:50.033  5272  5272 E AndroidRuntime: 	at java.lang.reflect.Method.invoke(Native Method)
02-23 09:22:50.033  5272  5272 E AndroidRuntime: 	at com.android.internal.os.ZygoteInit$MethodAndArgsCaller.run(ZygoteInit.java:942)
02-23 09:22:50.033  5272  5272 E AndroidRuntime: 	at com.android.internal.os.ZygoteInit.main(ZygoteInit.java:832)
02-23 10:22:49.703  6632  6632 E AndroidRuntime: FATAL EXCEPTION: main
02-23 10:22:49.703  6632  6632 E AndroidRuntime: Process: com.yeapao.andorid, PID: 6632
02-23 10:22:49.703  6632  6632 E AndroidRuntime: java.lang.NoSuchFieldError: No field button_back of type I in class Lcom/zhihu/matisse/R$id; or its superclasses (declaration of 'com.zhihu.matisse.R$id' appears in /data/app/com.yeapao.andorid-1/split_lib_slice_8_apk.apk)
02-23 10:22:49.703  6632  6632 E AndroidRuntime: 	at com.zhihu.matisse.internal.ui.BasePreviewActivity.onCreate(BasePreviewActivity.java:79)
02-23 10:22:49.703  6632  6632 E AndroidRuntime: 	at com.zhihu.matisse.internal.ui.AlbumPreviewActivity.onCreate(AlbumPreviewActivity.java:42)
02-23 10:22:49.703  6632  6632 E AndroidRuntime: 	at android.app.Activity.performCreate(Activity.java:6915)
02-23 10:22:49.703  6632  6632 E AndroidRuntime: 	at android.app.Instrumentation.callActivityOnCreate(Instrumentation.java:1123)
02-23 10:22:49.703  6632  6632 E AndroidRuntime: 	at cn.jiguang.a.a.d.a.a.d.callActivityOnCreate(Unknown Source)
02-23 10:22:49.703  6632  6632 E AndroidRuntime: 	at android.app.ActivityThread.performLaunchActivity(ActivityThread.java:2746)
02-23 10:22:49.703  6632  6632 E AndroidRuntime: 	at android.app.ActivityThread.handleLaunchActivity(ActivityThread.java:2864)
02-23 10:22:49.703  6632  6632 E AndroidRuntime: 	at android.app.ActivityThread.-wrap12(ActivityThread.java)
02-23 10:22:49.703  6632  6632 E AndroidRuntime: 	at android.app.ActivityThread$H.handleMessage(ActivityThread.java:1567)
02-23 10:22:49.703  6632  6632 E AndroidRuntime: 	at android.os.Handler.dispatchMessage(Handler.java:105)
02-23 10:22:49.703  6632  6632 E AndroidRuntime: 	at android.os.Looper.loop(Looper.java:156)
02-23 10:22:49.703  6632  6632 E AndroidRuntime: 	at android.app.ActivityThread.main(ActivityThread.java:6523)
02-23 10:22:49.703  6632  6632 E AndroidRuntime: 	at java.lang.reflect.Method.invoke(Native Method)
02-23 10:22:49.703  6632  6632 E AndroidRuntime: 	at com.android.internal.os.ZygoteInit$MethodAndArgsCaller.run(ZygoteInit.java:942)
02-23 10:22:49.703  6632  6632 E AndroidRuntime: 	at com.android.internal.os.ZygoteInit.main(ZygoteInit.java:832)
02-23 10:22:59.938  7011  7011 E AndroidRuntime: FATAL EXCEPTION: main
02-23 10:22:59.938  7011  7011 E AndroidRuntime: Process: com.yeapao.andorid, PID: 7011
02-23 10:22:59.938  7011  7011 E AndroidRuntime: java.lang.NoSuchFieldError: No field button_back of type I in class Lcom/zhihu/matisse/R$id; or its superclasses (declaration of 'com.zhihu.matisse.R$id' appears in /data/app/com.yeapao.andorid-1/split_lib_slice_8_apk.apk)
02-23 10:22:59.938  7011  7011 E AndroidRuntime: 	at com.zhihu.matisse.internal.ui.BasePreviewActivity.onCreate(BasePreviewActivity.java:79)
02-23 10:22:59.938  7011  7011 E AndroidRuntime: 	at com.zhihu.matisse.internal.ui.AlbumPreviewActivity.onCreate(AlbumPreviewActivity.java:42)
02-23 10:22:59.938  7011  7011 E AndroidRuntime: 	at android.app.Activity.performCreate(Activity.java:6915)
02-23 10:22:59.938  7011  7011 E AndroidRuntime: 	at android.app.Instrumentation.callActivityOnCreate(Instrumentation.java:1123)
02-23 10:22:59.938  7011  7011 E AndroidRuntime: 	at cn.jiguang.a.a.d.a.a.d.callActivityOnCreate(Unknown Source)
02-23 10:22:59.938  7011  7011 E AndroidRuntime: 	at android.app.ActivityThread.performLaunchActivity(ActivityThread.java:2746)
02-23 10:22:59.938  7011  7011 E AndroidRuntime: 	at android.app.ActivityThread.handleLaunchActivity(ActivityThread.java:2864)
02-23 10:22:59.938  7011  7011 E AndroidRuntime: 	at android.app.ActivityThread.-wrap12(ActivityThread.java)
02-23 10:22:59.938  7011  7011 E AndroidRuntime: 	at android.app.ActivityThread$H.handleMessage(ActivityThread.java:1567)
02-23 10:22:59.938  7011  7011 E AndroidRuntime: 	at android.os.Handler.dispatchMessage(Handler.java:105)
02-23 10:22:59.938  7011  7011 E AndroidRuntime: 	at android.os.Looper.loop(Looper.java:156)
02-23 10:22:59.938  7011  7011 E AndroidRuntime: 	at android.app.ActivityThread.main(ActivityThread.java:6523)
02-23 10:22:59.938  7011  7011 E AndroidRuntime: 	at java.lang.reflect.Method.invoke(Native Method)
02-23 10:22:59.938  7011  7011 E AndroidRuntime: 	at com.android.internal.os.ZygoteInit$MethodAndArgsCaller.run(ZygoteInit.java:942)
02-23 10:22:59.938  7011  7011 E AndroidRuntime: 	at com.android.internal.os.ZygoteInit.main(ZygoteInit.java:832)
02-23 10:23:03.448  7101  7101 E AndroidRuntime: FATAL EXCEPTION: main
02-23 10:23:03.448  7101  7101 E AndroidRuntime: Process: com.yeapao.andorid, PID: 7101
02-23 10:23:03.448  7101  7101 E AndroidRuntime: java.lang.RuntimeException: Unable to start activity ComponentInfo{com.yeapao.andorid/com.yeapao.andorid.MainActivity}: java.lang.NullPointerException: Attempt to invoke interface method 'void com.yeapao.andorid.homepage.circle.CircleContract$View.setPresenter(java.lang.Object)' on a null object reference
02-23 10:23:03.448  7101  7101 E AndroidRuntime: 	at android.app.ActivityThread.performLaunchActivity(ActivityThread.java:2793)
02-23 10:23:03.448  7101  7101 E AndroidRuntime: 	at android.app.ActivityThread.handleLaunchActivity(ActivityThread.java:2864)
02-23 10:23:03.448  7101  7101 E AndroidRuntime: 	at android.app.ActivityThread.-wrap12(ActivityThread.java)
02-23 10:23:03.448  7101  7101 E AndroidRuntime: 	at android.app.ActivityThread$H.handleMessage(ActivityThread.java:1567)
02-23 10:23:03.448  7101  7101 E AndroidRuntime: 	at android.os.Handler.dispatchMessage(Handler.java:105)
02-23 10:23:03.448  7101  7101 E AndroidRuntime: 	at android.os.Looper.loop(Looper.java:156)
02-23 10:23:03.448  7101  7101 E AndroidRuntime: 	at android.app.ActivityThread.main(ActivityThread.java:6523)
02-23 10:23:03.448  7101  7101 E AndroidRuntime: 	at java.lang.reflect.Method.invoke(Native Method)
02-23 10:23:03.448  7101  7101 E AndroidRuntime: 	at com.android.internal.os.ZygoteInit$MethodAndArgsCaller.run(ZygoteInit.java:942)
02-23 10:23:03.448  7101  7101 E AndroidRuntime: 	at com.android.internal.os.ZygoteInit.main(ZygoteInit.java:832)
02-23 10:23:03.448  7101  7101 E AndroidRuntime: Caused by: java.lang.NullPointerException: Attempt to invoke interface method 'void com.yeapao.andorid.homepage.circle.CircleContract$View.setPresenter(java.lang.Object)' on a null object reference
02-23 10:23:03.448  7101  7101 E AndroidRuntime: 	at com.yeapao.andorid.homepage.circle.CirclePresenter.<init>(CirclePresenter.java:21)
02-23 10:23:03.448  7101  7101 E AndroidRuntime: 	at com.yeapao.andorid.MainActivity.onCreate(MainActivity.java:256)
02-23 10:23:03.448  7101  7101 E AndroidRuntime: 	at android.app.Activity.performCreate(Activity.java:6915)
02-23 10:23:03.448  7101  7101 E AndroidRuntime: 	at android.app.Instrumentation.callActivityOnCreate(Instrumentation.java:1123)
02-23 10:23:03.448  7101  7101 E AndroidRuntime: 	at cn.jiguang.a.a.d.a.a.d.callActivityOnCreate(Unknown Source)
02-23 10:23:03.448  7101  7101 E AndroidRuntime: 	at android.app.ActivityThread.performLaunchActivity(ActivityThread.java:2746)
02-23 10:23:03.448  7101  7101 E AndroidRuntime: 	... 9 more
--------- beginning of main
02-23 10:24:14.363  1566  2184 I bt_btm  : btm_gen_resolvable_private_addr
02-23 10:24:14.367  1566  2184 I bt_btm  : btm_ble_multi_adv_gen_rpa_cmpl inst_id = 4
02-23 10:24:14.367  1566  2184 I bt_btm  : btm_ble_multi_adv_write_rpa-BD_ADDR:cc-b8-61-22-4c-67,inst_id:4
02-23 10:24:14.367  1566  2184 I bt_btm  : BTM: BTM_VendorSpecificCommand: Opcode: 0xFD54, ParamLen: 8.
02-23 10:24:15.658  1952  2244 W PhoneInterfaceManager: shouldBlockLocation running ...
02-23 10:24:15.658  1952  2244 I PhoneInterfaceManager: shouldBlockLocation  ret:false
02-23 10:24:15.673  1925  2014 I ScenarioAction: new ScenarioAction sPoolSize: 0
02-23 10:24:16.516  1925  2014 I ScenarioAction: new ScenarioAction sPoolSize: 0
02-23 10:24:17.265  1925  2014 I ScenarioAction: new ScenarioAction sPoolSize: 0
02-23 10:24:17.564  1925  2014 I ScenarioAction: new ScenarioAction sPoolSize: 0
02-23 10:24:17.930  1925  2014 I ScenarioAction: new ScenarioAction sPoolSize: 0
02-23 10:24:18.617  1925  2014 I ScenarioAction: new ScenarioAction sPoolSize: 0
02-23 10:24:19.764  1925  2014 I ScenarioAction: new ScenarioAction sPoolSize: 0
02-23 10:24:20.340  1925  2014 I ScenarioAction: new ScenarioAction sPoolSize: 0
02-23 10:24:20.671  1952  2142 W PhoneInterfaceManager: shouldBlockLocation running ...
02-23 10:24:20.672  1952  2142 I PhoneInterfaceManager: shouldBlockLocation  ret:false
02-23 10:24:20.918  1925  2014 I ScenarioAction: new ScenarioAction sPoolSize: 0
02-23 10:24:21.535  1925  2014 I ScenarioAction: new ScenarioAction sPoolSize: 0
02-23 10:24:21.932  1925  2014 I ScenarioAction: new ScenarioAction sPoolSize: 0
02-23 10:24:22.037  1925  2014 I ScenarioAction: new ScenarioAction sPoolSize: 0
02-23 10:24:22.199  1925  2014 I ScenarioAction: new ScenarioAction sPoolSize: 0
02-23 10:24:22.859  1925  2014 I ScenarioAction: new ScenarioAction sPoolSize: 0
02-23 10:24:22.939  7214  7214 I chatty  : uid=10294(com.yeapao.andorid) expire 46 lines
02-23 10:24:22.940  1925  2014 I ScenarioAction: new ScenarioAction sPoolSize: 0
02-23 10:24:22.951  1925  2014 I ScenarioAction: new ScenarioAction sPoolSize: 0
02-23 10:24:23.966  1925  2014 I ScenarioAction: new ScenarioAction sPoolSize: 0
02-23 10:24:24.033  1925  2014 I ScenarioAction: new ScenarioAction sPoolSize: 0
02-23 10:24:24.044  1925  2014 I ScenarioAction: new ScenarioAction sPoolSize: 0
02-23 10:24:24.705  1314  2607 I chatty  : uid=1000(system) Binder:1314_10 expire 20 lines
02-23 10:24:25.050  1925  2014 I chatty  : uid=1000(system) core expire 23 lines
02-23 10:24:25.409  5591  6448 E CloudAlbum[8.0.3.304]: [ReceiverManager] not log on ignore
02-23 10:24:25.435  2460  2460 I chatty  : uid=1000(system) com.huawei.imonitor expire 12 lines
02-23 10:24:25.447   595  1169 I logserver: handle_exception_events enter
02-23 10:24:25.461  2460  2545 I chatty  : uid=1000(system) gCollectService expire 7 lines
02-23 10:24:25.696  1952  2123 W PhoneInterfaceManager: shouldBlockLocation running ...
02-23 10:24:25.696  1952  2123 I PhoneInterfaceManager: shouldBlockLocation  ret:false
02-23 10:24:26.685  5591  6448 E CloudAlbum[8.0.3.304]: [ReceiverManager] not log on ignore
02-23 10:24:27.827  1662  1742 I chatty  : uid=10041(com.huawei.HwMultiScreenShot) SystemUIApplica expire 10 lines
02-23 10:24:27.863  7214  7378 I chatty  : uid=10294(com.yeapao.andorid) expire 5 lines
02-23 10:24:30.711  1952  2080 W PhoneInterfaceManager: shouldBlockLocation running ...
02-23 10:24:30.711  1952  2080 I PhoneInterfaceManager: shouldBlockLocation  ret:false
02-23 10:24:31.120  1925  1937 I chatty  : uid=1000(system) Binder:1925_1 expire 6 lines
02-23 10:24:31.123   580   612 I Pged-IPgedBinderService: ****action is 1, pid num is 4***
02-23 10:24:31.123   580   612 I Pged-Freezer: freezePids
02-23 10:24:31.123   580   612 I Pged-Freezer: Freeze process: 5197
02-23 10:24:31.124   580   612 I Pged-Freezer: Freeze process: 28708
02-23 10:24:31.125   580   612 I Pged-Freezer: Freeze process: 5431
02-23 10:24:31.389  7214  7225 I chatty  : uid=10294(com.yeapao.andorid) expire 1 line
02-23 10:24:32.105  1925  4274 I chatty  : uid=1000(system) traffic stats expire 8 lines
02-23 10:24:32.627   580   580 I Pged-IPgedBinderService: ****action is 2, pid num is 4***
02-23 10:24:32.627   580   580 I Pged-Freezer: thawPids
02-23 10:24:35.721  1952  2143 W PhoneInterfaceManager: shouldBlockLocation running ...
02-23 10:24:35.721  1952  2143 I PhoneInterfaceManager: shouldBlockLocation  ret:false
02-23 10:24:38.624  1314  2636 I chatty  : uid=1000(system) Binder:1314_15 expire 10 lines
02-23 10:24:38.629  1925  2868 I chatty  : uid=1000(system) Binder:1925_5 expire 11 lines
02-23 10:24:38.630   580 15878 I Pged-IPgedBinderService: ****action is 1, pid num is 4***
02-23 10:24:38.630   580 15878 I Pged-Freezer: freezePids
02-23 10:24:38.630   580 15878 I Pged-Freezer: Freeze process: 5197
02-23 10:24:38.631   580 15878 I Pged-Freezer: Freeze process: 28708
02-23 10:24:38.632   580 15878 I Pged-Freezer: Freeze process: 5431
02-23 10:24:38.635   447  1597 I chatty  : uid=1000(system) Binder:447_4 expire 10 lines
02-23 10:24:38.747   447  3999 I chatty  : uid=1000(system) Binder:447_5 expire 19 lines
02-23 10:24:38.768  1925  2014 I chatty  : uid=1000(system) core expire 11 lines
02-23 10:24:38.810  7214  7461 I chatty  : uid=10294(com.yeapao.andorid) expire 5 lines
02-23 10:24:39.560   595  1169 I logserver: handle_exception_events enter
02-23 10:24:39.879  1314  1314 I chatty  : uid=1000 system_server expire 12 lines
02-23 10:24:40.136   580   612 I Pged-IPgedBinderService: ****action is 2, pid num is 4***
02-23 10:24:40.136   580   612 I Pged-Freezer: thawPids
02-23 10:24:40.481  1314  1714 I chatty  : uid=1000(system) Binder:1314_4 expire 10 lines
02-23 10:24:40.673   579   579 I chatty  : uid=1000(system) /vendor/bin/thermal-daemon expire 10 lines
02-23 10:24:40.728  1952  2080 W PhoneInterfaceManager: shouldBlockLocation running ...
02-23 10:24:40.728  1952  2080 I PhoneInterfaceManager: shouldBlockLocation  ret:false
02-23 10:24:41.082  1314  2634 I chatty  : uid=1000(system) Binder:1314_14 expire 14 lines
02-23 10:24:41.674  7214  7214 I chatty  : uid=10294(com.yeapao.andorid) expire 43 lines
02-23 10:24:44.583  1314  2608 I chatty  : uid=1000(system) Binder:1314_11 expire 16 lines
02-23 10:24:44.665  1952  2080 W PhoneInterfaceManager: shouldBlockLocation running ...
02-23 10:24:44.673  1952  2080 I PhoneInterfaceManager: shouldBlockLocation  ret:false
02-23 10:24:44.674   595   654 W JankService: virtual bool android::JankManualDumpLogAnalyser::processEntry(android::LogEntry *, int, bool), not beta version or commercial log off
02-23 10:24:44.687  1952  2123 W PhoneInterfaceManager: shouldBlockLocation running ...
02-23 10:24:44.692  1952  2123 I PhoneInterfaceManager: shouldBlockLocation  ret:false
02-23 10:24:45.736  1952  2087 W PhoneInterfaceManager: shouldBlockLocation running ...
02-23 10:24:45.737  1952  2087 I PhoneInterfaceManager: shouldBlockLocation  ret:false
02-23 10:24:50.741  1952  1967 W PhoneInterfaceManager: shouldBlockLocation running ...
02-23 10:24:50.741  1952  1967 I PhoneInterfaceManager: shouldBlockLocation  ret:false
02-23 10:24:51.108  1314  1314 I chatty  : uid=1000 system_server expire 20 lines
02-23 10:24:51.128  1662  1742 I chatty  : uid=10041(com.huawei.HwMultiScreenShot) SystemUIApplica expire 13 lines
02-23 10:24:51.283  1314  2264 I chatty  : uid=1000(system) Binder:1314_A expire 14 lines
02-23 10:24:54.348  1314  2604 I chatty  : uid=1000(system) Binder:1314_E expire 14 lines
02-23 10:24:55.757  1952  2087 W PhoneInterfaceManager: shouldBlockLocation running ...
02-23 10:24:55.758  1952  2087 I PhoneInterfaceManager: shouldBlockLocation  ret:false
02-23 10:24:56.831  1662  1662 I chatty  : uid=10041(com.huawei.HwMultiScreenShot) com.android.systemui expire 13 lines
02-23 10:24:56.852  5591  6448 E CloudAlbum[8.0.3.304]: [ReceiverManager] not log on ignore
02-23 10:24:56.965  1925  2869 I chatty  : uid=1000(system) Binder:1925_6 expire 10 lines
02-23 10:24:56.967   580   580 I Pged-IPgedBinderService: ****action is 1, pid num is 4***
02-23 10:24:56.967   580   580 I Pged-Freezer: freezePids
02-23 10:24:56.967   580   580 I Pged-Freezer: Freeze process: 5197
02-23 10:24:56.967   580   580 I Pged-Freezer: Freeze process: 28708
02-23 10:24:56.968   580   580 I Pged-Freezer: Freeze process: 5431
02-23 10:24:57.421   447   447 I chatty  : uid=1000(system) /system/bin/surfaceflinger expire 10 lines
02-23 10:24:58.471   580 15878 I Pged-IPgedBinderService: ****action is 2, pid num is 4***
02-23 10:24:58.471   580 15878 I Pged-Freezer: thawPids
02-23 10:25:00.044  2652  2652 I HwLauncher: Model  onReceive intent=Intent { act=android.intent.action.TIME_TICK flg=0x50000014 (has extras) }
02-23 10:25:00.045  2652  2652 I HwLauncher: Model  onReceive user=UserHandle{0}
02-23 10:25:00.068   580   612 I Pged-IPgedBinderService: ****action is 1, pid num is 4***
02-23 10:25:00.068   580   612 I Pged-Freezer: freezePids
02-23 10:25:00.068   580   612 I Pged-Freezer: Freeze process: 5197
02-23 10:25:00.068   580   612 I Pged-Freezer: Freeze process: 28708
02-23 10:25:00.069   580   612 I Pged-Freezer: Freeze process: 5431
02-23 10:25:00.084  2981  2981 I Calendar: CalendarWidgetService info:LanguageChangeReceiver:android.intent.action.TIME_TICK
02-23 10:25:00.089  4859  5258 I Step_LSC: 80001313|processHandleBroadcastAction action:android.intent.action.TIME_TICK
02-23 10:25:00.112  4859  5258 W Step_MemoryPolicy: 80001313|pssSizeMB larger than 20M,warning...,pssSizeMB:25
02-23 10:25:00.143   447   460 I chatty  : uid=1000(system) Binder:447_1 expire 16 lines
02-23 10:25:00.194   447  1454 I chatty  : uid=1000(system) Binder:447_3 expire 10 lines
02-23 10:25:00.781  1952  1967 W PhoneInterfaceManager: shouldBlockLocation running ...
02-23 10:25:00.781  1952  1967 I PhoneInterfaceManager: shouldBlockLocation  ret:false
02-23 10:25:01.572   580   580 I Pged-IPgedBinderService: ****action is 2, pid num is 4***
02-23 10:25:01.572   580   580 I Pged-Freezer: thawPids
02-23 10:25:02.577  3063  6993 I ctaifs<也跑>[也跑][com.yeapao.andorid]: [openFile] 打开文件
02-23 10:25:02.579  3063  6995 I ctaifs<也跑>[也跑][com.yeapao.andorid]: [openFile] 打开文件
02-23 10:25:02.579  3063  6997 I ctaifs<也跑>[也跑][com.yeapao.andorid]: [openFile] 打开文件
02-23 10:25:02.595  3063  3075 I ctaifs<也跑>[也跑][com.yeapao.andorid]: [openFile] 打开文件
02-23 10:25:02.595  3063  6998 I ctaifs<也跑>[也跑][com.yeapao.andorid]: [openFile] 打开文件
02-23 10:25:02.595  3063  3277 I ctaifs<也跑>[也跑][com.yeapao.andorid]: [openFile] 打开文件
02-23 10:25:02.644  3063  6996 I ctaifs<也跑>[也跑][com.yeapao.andorid]: [openFile] 打开文件
02-23 10:25:02.648  3063  6994 I ctaifs<也跑>[也跑][com.yeapao.andorid]: [openFile] 打开文件
02-23 10:25:02.661  3063  6993 I ctaifs<也跑>[也跑][com.yeapao.andorid]: [openFile] 打开文件
02-23 10:25:02.664  3063  6997 I ctaifs<也跑>[也跑][com.yeapao.andorid]: [openFile] 打开文件
02-23 10:25:02.670  3063  6995 I ctaifs<也跑>[也跑][com.yeapao.andorid]: [openFile] 打开文件
02-23 10:25:02.689  3063  3076 I ctaifs<也跑>[也跑][com.yeapao.andorid]: [openFile] 打开文件
02-23 10:25:02.725  3063  6998 I ctaifs<也跑>[也跑][com.yeapao.andorid]: [openFile] 打开文件
02-23 10:25:02.727  3063  6996 I ctaifs<也跑>[也跑][com.yeapao.andorid]: [openFile] 打开文件
02-23 10:25:02.731  3063  6994 I ctaifs<也跑>[也跑][com.yeapao.andorid]: [openFile] 打开文件
02-23 10:25:02.741  3063  6993 I ctaifs<也跑>[也跑][com.yeapao.andorid]: [openFile] 打开文件
02-23 10:25:02.749  3063  6997 I ctaifs<也跑>[也跑][com.yeapao.andorid]: [openFile] 打开文件
02-23 10:25:02.767  3063  3076 I ctaifs<也跑>[也跑][com.yeapao.andorid]: [openFile] 打开文件
02-23 10:25:02.836  3063  6995 I ctaifs<也跑>[也跑][com.yeapao.andorid]: [openFile] 打开文件
02-23 10:25:02.836  3063  3277 I ctaifs<也跑>[也跑][com.yeapao.andorid]: [openFile] 打开文件
02-23 10:25:02.837  3063  3075 I ctaifs<也跑>[也跑][com.yeapao.andorid]: [openFile] 打开文件
02-23 10:25:02.847  3063  6996 I ctaifs<也跑>[也跑][com.yeapao.andorid]: [openFile] 打开文件
02-23 10:25:02.851  3063  3278 I ctaifs<也跑>[也跑][com.yeapao.andorid]: [openFile] 打开文件
02-23 10:25:02.852  3063  6993 I ctaifs<也跑>[也跑][com.yeapao.andorid]: [openFile] 打开文件
02-23 10:25:03.003  3063  6994 I ctaifs<也跑>[也跑][com.yeapao.andorid]: [openFile] 打开文件
02-23 10:25:03.003  3063  6997 I ctaifs<也跑>[也跑][com.yeapao.andorid]: [openFile] 打开文件
02-23 10:25:03.004  3063  3076 I ctaifs<也跑>[也跑][com.yeapao.andorid]: [openFile] 打开文件
02-23 10:25:03.019  3063  3075 I ctaifs<也跑>[也跑][com.yeapao.andorid]: [openFile] 打开文件
02-23 10:25:03.019  3063  3277 I ctaifs<也跑>[也跑][com.yeapao.andorid]: [openFile] 打开文件
02-23 10:25:03.022  3063  3278 I ctaifs<也跑>[也跑][com.yeapao.andorid]: [openFile] 打开文件
02-23 10:25:05.323  3063  6995 I ctaifs<也跑>[也跑][com.yeapao.andorid]: [openFile] 打开文件
02-23 10:25:05.327  3063  3075 I ctaifs<也跑>[也跑][com.yeapao.andorid]: [openFile] 打开文件
02-23 10:25:05.331  3063  3277 I ctaifs<也跑>[也跑][com.yeapao.andorid]: [openFile] 打开文件
02-23 10:25:05.348  3063  6997 I ctaifs<也跑>[也跑][com.yeapao.andorid]: [openFile] 打开文件
02-23 10:25:05.354  3063  6998 I ctaifs<也跑>[也跑][com.yeapao.andorid]: [openFile] 打开文件
02-23 10:25:05.359  3063  3278 I ctaifs<也跑>[也跑][com.yeapao.andorid]: [openFile] 打开文件
02-23 10:25:05.789  1952  1966 W PhoneInterfaceManager: shouldBlockLocation running ...
02-23 10:25:05.789  1952  1966 I PhoneInterfaceManager: shouldBlockLocation  ret:false
02-23 10:25:06.836  1925  1938 I chatty  : uid=1000(system) Binder:1925_2 expire 6 lines
02-23 10:25:06.838   580 15878 I Pged-IPgedBinderService: ****action is 1, pid num is 4***
02-23 10:25:06.838   580 15878 I Pged-Freezer: freezePids
02-23 10:25:06.838   580 15878 I Pged-Freezer: Freeze process: 5197
02-23 10:25:06.839   580 15878 I Pged-Freezer: Freeze process: 28708
02-23 10:25:06.840   580 15878 I Pged-Freezer: Freeze process: 5431
02-23 10:25:07.357  1314  1314 I chatty  : uid=1000 system_server expire 19 lines
02-23 10:25:07.703  7214  7214 E AndroidRuntime: FATAL EXCEPTION: main
02-23 10:25:07.703  7214  7214 E AndroidRuntime: Process: com.yeapao.andorid, PID: 7214
02-23 10:25:07.703  7214  7214 E AndroidRuntime: java.lang.NoSuchFieldError: No field button_back of type I in class Lcom/zhihu/matisse/R$id; or its superclasses (declaration of 'com.zhihu.matisse.R$id' appears in /data/app/com.yeapao.andorid-1/split_lib_slice_8_apk.apk)
02-23 10:25:07.703  7214  7214 E AndroidRuntime: 	at com.zhihu.matisse.internal.ui.BasePreviewActivity.onCreate(BasePreviewActivity.java:79)
02-23 10:25:07.703  7214  7214 E AndroidRuntime: 	at com.zhihu.matisse.internal.ui.AlbumPreviewActivity.onCreate(AlbumPreviewActivity.java:42)
02-23 10:25:07.703  7214  7214 E AndroidRuntime: 	at android.app.Activity.performCreate(Activity.java:6915)
02-23 10:25:07.703  7214  7214 E AndroidRuntime: 	at android.app.Instrumentation.callActivityOnCreate(Instrumentation.java:1123)
02-23 10:25:07.703  7214  7214 E AndroidRuntime: 	at cn.jiguang.a.a.d.a.a.d.callActivityOnCreate(Unknown Source)
02-23 10:25:07.703  7214  7214 E AndroidRuntime: 	at android.app.ActivityThread.performLaunchActivity(ActivityThread.java:2746)
02-23 10:25:07.703  7214  7214 E AndroidRuntime: 	at android.app.ActivityThread.handleLaunchActivity(ActivityThread.java:2864)
02-23 10:25:07.703  7214  7214 E AndroidRuntime: 	at android.app.ActivityThread.-wrap12(ActivityThread.java)
02-23 10:25:07.703  7214  7214 E AndroidRuntime: 	at android.app.ActivityThread$H.handleMessage(ActivityThread.java:1567)
02-23 10:25:07.703  7214  7214 E AndroidRuntime: 	at android.os.Handler.dispatchMessage(Handler.java:105)
02-23 10:25:07.703  7214  7214 E AndroidRuntime: 	at android.os.Looper.loop(Looper.java:156)
02-23 10:25:07.703  7214  7214 E AndroidRuntime: 	at android.app.ActivityThread.main(ActivityThread.java:6523)
02-23 10:25:07.703  7214  7214 E AndroidRuntime: 	at java.lang.reflect.Method.invoke(Native Method)
02-23 10:25:07.703  7214  7214 E AndroidRuntime: 	at com.android.internal.os.ZygoteInit$MethodAndArgsCaller.run(ZygoteInit.java:942)
02-23 10:25:07.703  7214  7214 E AndroidRuntime: 	at com.android.internal.os.ZygoteInit.main(ZygoteInit.java:832)
02-23 10:25:07.713   595  1168 I logserver: handle_logfile_events, Object Path:/data/system/dropbox/, mask=0x00000080
02-23 10:25:07.713   595  1168 I logserver: process_one_event, event->len=48, name=data_app_crash@1519352707713.txt
02-23 10:25:07.713   595  1168 I logserver: find_first_match: find match, plogs(type=1, pfile=/data/system/dropbox/, match=app_crash)
02-23 10:25:07.713   595  1168 I iMonitor: create: 901001001
02-23 10:25:07.713   595  1168 I logserver: process_event_by_imonitor, pos=0, type=crash, event_id=901001001
02-23 10:25:07.713   595  1168 I logserver: get_acr_info, match:(app_crash), actual_name:(data_app_crash@1519352707713.txt)
02-23 10:25:07.713   595  1168 E logserver: imonitor_add_dynamic_path, path:/data/system/dropbox/data_app_crash@1519352707713.txt
02-23 10:25:07.713   595  1168 I iMonitor: send: 901001001
02-23 10:25:07.713   595  1168 I logserver: imonitor_send_event ret=150
02-23 10:25:07.713   595  1169 I logserver: handle_exception_events enter
02-23 10:25:07.721  1925  2186 I chatty  : uid=1000(system) actions handler expire 10 lines
02-23 10:25:08.240  1314  4120 I chatty  : uid=1000(system) MobileQosDetect expire 15 lines
02-23 10:25:08.240  1314  1544 I chatty  : uid=1000(system) Thread-11 expire 10 lines
02-23 10:25:08.251  7482  7482 I         : power log dlsym ok
02-23 10:25:08.256  7482  7482 I chatty  : uid=10294(com.yeapao.andorid) expire 30 lines
02-23 10:25:08.265  2460  2482 I chatty  : uid=1000(system) Binder:2460_2 expire 1 line
02-23 10:25:08.266  2460  3247 I chatty  : uid=1000(system) Binder:2460_4 expire 1 line
02-23 10:25:08.270   447   463 I chatty  : uid=1000(system) Binder:447_2 expire 14 lines
02-23 10:25:08.286   595  1169 I logserver: handle_exception_events enter
02-23 10:25:08.308  1952  1967 W PhoneInterfaceManager: shouldBlockLocation running ...
02-23 10:25:08.308  1952  1967 I PhoneInterfaceManager: shouldBlockLocation  ret:false
02-23 10:25:08.315  1952  1967 W PhoneInterfaceManager: shouldBlockLocation running ...
02-23 10:25:08.315  1952  1967 I PhoneInterfaceManager: shouldBlockLocation  ret:false
02-23 10:25:08.317  2460 20201 I chatty  : uid=1000(system) Binder:2460_8 expire 1 line
02-23 10:25:08.322   447  1597 I chatty  : uid=1000(system) Binder:447_4 expire 12 lines
02-23 10:25:08.322  2460 13673 I chatty  : uid=1000(system) Binder:2460_5 expire 1 line
02-23 10:25:08.327  2460 16766 I chatty  : uid=1000(system) Binder:2460_6 expire 1 line
02-23 10:25:08.328  2460  2527 I chatty  : uid=1000(system) gCollectService expire 3 lines
02-23 10:25:08.329  2460  2528 I chatty  : uid=1000(system) e.LogDatabaseNc expire 11 lines
02-23 10:25:08.343   580   612 I Pged-IPgedBinderService: ****action is 2, pid num is 4***
02-23 10:25:08.343   580   612 I Pged-Freezer: thawPids
02-23 10:25:09.088  1314  2213 I chatty  : uid=1000(system) Binder:1314_9 expire 11 lines
02-23 10:25:09.667  7482  7533 I chatty  : uid=10294(com.yeapao.andorid) expire 1 line
02-23 10:25:09.748  7482  7534 I chatty  : uid=10294(com.yeapao.andorid) expire 2 lines
02-23 10:25:09.809   595   654 W JankService: virtual bool android::JankManualDumpLogAnalyser::processEntry(android::LogEntry *, int, bool), not beta version or commercial log off
02-23 10:25:09.812  1314  1336 I chatty  : uid=1000(system) android.display expire 11 lines
02-23 10:25:10.805  1952  2080 W PhoneInterfaceManager: shouldBlockLocation running ...
02-23 10:25:10.806  1952  2080 I PhoneInterfaceManager: shouldBlockLocation  ret:false
02-23 10:25:13.360  1314  2212 I chatty  : uid=1000(system) Binder:1314_8 expire 9 lines
02-23 10:25:15.702   579   579 I chatty  : uid=1000(system) /vendor/bin/thermal-daemon expire 10 lines
02-23 10:25:15.842  1952  2143 W PhoneInterfaceManager: shouldBlockLocation running ...
02-23 10:25:15.843  1952  2143 I PhoneInterfaceManager: shouldBlockLocation  ret:false
02-23 10:25:17.575   580   580 I Pged-IPgedBinderService: ****action is 1, pid num is 4***
02-23 10:25:17.575   580   580 I Pged-Freezer: freezePids
02-23 10:25:17.575   580   580 I Pged-Freezer: Freeze process: 5197
02-23 10:25:17.576   580   580 I Pged-Freezer: Freeze process: 28708
02-23 10:25:17.577   580   580 I Pged-Freezer: Freeze process: 5431
02-23 10:25:17.770  7482  7487 I chatty  : uid=10294(com.yeapao.andorid) expire 3 lines
02-23 10:25:19.083   580 15878 I Pged-IPgedBinderService: ****action is 2, pid num is 4***
02-23 10:25:19.083   580 15878 I Pged-Freezer: thawPids
02-23 10:25:19.905  1314  8236 I chatty  : uid=1000(system) Binder:1314_1D expire 10 lines
02-23 10:25:19.911   580   612 I Pged-IPgedBinderService: ****action is 1, pid num is 4***
02-23 10:25:19.911   580   612 I Pged-Freezer: freezePids
02-23 10:25:19.911   580   612 I Pged-Freezer: Freeze process: 5197
02-23 10:25:19.911   580   612 I Pged-Freezer: Freeze process: 28708
02-23 10:25:19.911   580   612 I Pged-Freezer: Freeze process: 5431
02-23 10:25:20.366  7482  7482 E AndroidRuntime: FATAL EXCEPTION: main
02-23 10:25:20.366  7482  7482 E AndroidRuntime: Process: com.yeapao.andorid, PID: 7482
02-23 10:25:20.366  7482  7482 E AndroidRuntime: java.lang.NoSuchFieldError: No field button_back of type I in class Lcom/zhihu/matisse/R$id; or its superclasses (declaration of 'com.zhihu.matisse.R$id' appears in /data/app/com.yeapao.andorid-1/split_lib_slice_8_apk.apk)
02-23 10:25:20.366  7482  7482 E AndroidRuntime: 	at com.zhihu.matisse.internal.ui.BasePreviewActivity.onCreate(BasePreviewActivity.java:79)
02-23 10:25:20.366  7482  7482 E AndroidRuntime: 	at com.zhihu.matisse.internal.ui.AlbumPreviewActivity.onCreate(AlbumPreviewActivity.java:42)
02-23 10:25:20.366  7482  7482 E AndroidRuntime: 	at android.app.Activity.performCreate(Activity.java:6915)
02-23 10:25:20.366  7482  7482 E AndroidRuntime: 	at android.app.Instrumentation.callActivityOnCreate(Instrumentation.java:1123)
02-23 10:25:20.366  7482  7482 E AndroidRuntime: 	at cn.jiguang.a.a.d.a.a.d.callActivityOnCreate(Unknown Source)
02-23 10:25:20.366  7482  7482 E AndroidRuntime: 	at android.app.ActivityThread.performLaunchActivity(ActivityThread.java:2746)
02-23 10:25:20.366  7482  7482 E AndroidRuntime: 	at android.app.ActivityThread.handleLaunchActivity(ActivityThread.java:2864)
02-23 10:25:20.366  7482  7482 E AndroidRuntime: 	at android.app.ActivityThread.-wrap12(ActivityThread.java)
02-23 10:25:20.366  7482  7482 E AndroidRuntime: 	at android.app.ActivityThread$H.handleMessage(ActivityThread.java:1567)
02-23 10:25:20.366  7482  7482 E AndroidRuntime: 	at android.os.Handler.dispatchMessage(Handler.java:105)
02-23 10:25:20.366  7482  7482 E AndroidRuntime: 	at android.os.Looper.loop(Looper.java:156)
02-23 10:25:20.366  7482  7482 E AndroidRuntime: 	at android.app.ActivityThread.main(ActivityThread.java:6523)
02-23 10:25:20.366  7482  7482 E AndroidRuntime: 	at java.lang.reflect.Method.invoke(Native Method)
02-23 10:25:20.366  7482  7482 E AndroidRuntime: 	at com.android.internal.os.ZygoteInit$MethodAndArgsCaller.run(ZygoteInit.java:942)
02-23 10:25:20.366  7482  7482 E AndroidRuntime: 	at com.android.internal.os.ZygoteInit.main(ZygoteInit.java:832)
02-23 10:25:20.374   595  1168 I logserver: handle_logfile_events, Object Path:/data/system/dropbox/, mask=0x00000080
02-23 10:25:20.374   595  1168 I logserver: process_one_event, event->len=48, name=data_app_crash@1519352720374.txt
02-23 10:25:20.374   595  1168 I logserver: find_first_match: find match, plogs(type=1, pfile=/data/system/dropbox/, match=app_crash)
02-23 10:25:20.374   595  1168 I iMonitor: create: 901001001
02-23 10:25:20.374   595  1168 I logserver: process_event_by_imonitor, pos=0, type=crash, event_id=901001001
02-23 10:25:20.374   595  1168 I logserver: get_acr_info, match:(app_crash), actual_name:(data_app_crash@1519352720374.txt)
02-23 10:25:20.374   595  1168 E logserver: imonitor_add_dynamic_path, path:/data/system/dropbox/data_app_crash@1519352720374.txt
02-23 10:25:20.374   595  1168 I iMonitor: send: 901001001
02-23 10:25:20.374   595  1168 I logserver: imonitor_send_event ret=150
02-23 10:25:20.374   595  1169 I logserver: handle_exception_events enter
02-23 10:25:20.515  1314  8235 I chatty  : uid=1000(system) Binder:1314_1C expire 16 lines
02-23 10:25:20.530  7564  7564 I         : power log dlsym ok
02-23 10:25:20.533  7564  7564 I chatty  : uid=10294(com.yeapao.andorid) expire 30 lines
02-23 10:25:20.869  1952  2143 W PhoneInterfaceManager: shouldBlockLocation running ...
02-23 10:25:20.869  1952  2143 I PhoneInterfaceManager: shouldBlockLocation  ret:false
02-23 10:25:20.884  1925  2536 I chatty  : uid=1000(system) NRTUserHabitTra expire 6 lines
02-23 10:25:21.414   580   580 I Pged-IPgedBinderService: ****action is 2, pid num is 4***
02-23 10:25:21.414   580   580 I Pged-Freezer: thawPids
02-23 10:25:21.791  7564  7610 I chatty  : uid=10294(com.yeapao.andorid) expire 1 line
02-23 10:25:21.865  7564  7611 I chatty  : uid=10294(com.yeapao.andorid) expire 2 lines
02-23 10:25:21.926   595   654 W JankService: virtual bool android::JankManualDumpLogAnalyser::processEntry(android::LogEntry *, int, bool), not beta version or commercial log off
02-23 10:25:22.742  7564  7604 I chatty  : uid=10294(com.yeapao.andorid) expire 2 lines
02-23 10:25:22.800  1952  2143 W PhoneInterfaceManager: shouldBlockLocation running ...
02-23 10:25:22.808  1952  2143 I PhoneInterfaceManager: shouldBlockLocation  ret:false
02-23 10:25:22.828  2831  2851 I AppLogManager: PrintWoker poll timeout , shutdown
02-23 10:25:22.831  2831  2851 I AppLogManager: PrintWoker poll timeout , shutdown
02-23 10:25:22.851  2831  2851 I AppLogManager: PrintWoker poll timeout , shutdown
02-23 10:25:23.070  7635  7635 I chatty  : uid=10294(com.yeapao.andorid) app_process expire 78 lines
02-23 10:25:23.144  2047  2047 W HwSystemManager: AbsRecordInfo:createRecordFromBundle type provider or service
02-23 10:25:23.272  6662  6755 I chatty  : uid=10294(com.yeapao.andorid) JHeartBeatHelpe expire 1 line
02-23 10:25:23.402  7653  7653 I chatty  : uid=10294(com.yeapao.andorid) app_process expire 78 lines
02-23 10:25:23.473  1314  5045 I chatty  : uid=1000(system) Binder:1314_1B expire 11 lines
02-23 10:25:23.476  2047  2047 W HwSystemManager: AbsRecordInfo:createRecordFromBundle type provider or service
02-23 10:25:25.386  1662  1662 I chatty  : uid=10041(com.huawei.HwMultiScreenShot) com.android.systemui expire 12 lines
02-23 10:25:25.400  5591  6448 E CloudAlbum[8.0.3.304]: [ReceiverManager] not log on ignore
02-23 10:25:25.881  1952  2244 W PhoneInterfaceManager: shouldBlockLocation running ...
02-23 10:25:25.882  1952  2244 I PhoneInterfaceManager: shouldBlockLocation  ret:false
02-23 10:25:27.014  5591  6448 E CloudAlbum[8.0.3.304]: [ReceiverManager] not log on ignore
02-23 10:25:27.676   580 15878 I Pged-IPgedBinderService: ****action is 1, pid num is 4***
02-23 10:25:27.676   580 15878 I Pged-Freezer: freezePids
02-23 10:25:27.676   580 15878 I Pged-Freezer: Freeze process: 5197
02-23 10:25:27.678   580 15878 I Pged-Freezer: Freeze process: 28708
02-23 10:25:27.679   580 15878 I Pged-Freezer: Freeze process: 5431
02-23 10:25:27.860  7564  7569 I chatty  : uid=10294(com.yeapao.andorid) expire 3 lines
02-23 10:25:28.298  1662  1742 I chatty  : uid=10041(com.huawei.HwMultiScreenShot) SystemUIApplica expire 6 lines
02-23 10:25:29.185   580   612 I Pged-IPgedBinderService: ****action is 2, pid num is 4***
02-23 10:25:29.185   580   612 I Pged-Freezer: thawPids
02-23 10:25:29.731  1314  5038 I chatty  : uid=1000(system) Binder:1314_17 expire 14 lines
02-23 10:25:30.024  7564  7564 E AndroidRuntime: FATAL EXCEPTION: main
02-23 10:25:30.024  7564  7564 E AndroidRuntime: Process: com.yeapao.andorid, PID: 7564
02-23 10:25:30.024  7564  7564 E AndroidRuntime: java.lang.NoSuchFieldError: No field button_back of type I in class Lcom/zhihu/matisse/R$id; or its superclasses (declaration of 'com.zhihu.matisse.R$id' appears in /data/app/com.yeapao.andorid-1/split_lib_slice_8_apk.apk)
02-23 10:25:30.024  7564  7564 E AndroidRuntime: 	at com.zhihu.matisse.internal.ui.BasePreviewActivity.onCreate(BasePreviewActivity.java:79)
02-23 10:25:30.024  7564  7564 E AndroidRuntime: 	at com.zhihu.matisse.internal.ui.AlbumPreviewActivity.onCreate(AlbumPreviewActivity.java:42)
02-23 10:25:30.024  7564  7564 E AndroidRuntime: 	at android.app.Activity.performCreate(Activity.java:6915)
02-23 10:25:30.024  7564  7564 E AndroidRuntime: 	at android.app.Instrumentation.callActivityOnCreate(Instrumentation.java:1123)
02-23 10:25:30.024  7564  7564 E AndroidRuntime: 	at cn.jiguang.a.a.d.a.a.d.callActivityOnCreate(Unknown Source)
02-23 10:25:30.024  7564  7564 E AndroidRuntime: 	at android.app.ActivityThread.performLaunchActivity(ActivityThread.java:2746)
02-23 10:25:30.024  7564  7564 E AndroidRuntime: 	at android.app.ActivityThread.handleLaunchActivity(ActivityThread.java:2864)
02-23 10:25:30.024  7564  7564 E AndroidRuntime: 	at android.app.ActivityThread.-wrap12(ActivityThread.java)
02-23 10:25:30.024  7564  7564 E AndroidRuntime: 	at android.app.ActivityThread$H.handleMessage(ActivityThread.java:1567)
02-23 10:25:30.024  7564  7564 E AndroidRuntime: 	at android.os.Handler.dispatchMessage(Handler.java:105)
02-23 10:25:30.024  7564  7564 E AndroidRuntime: 	at android.os.Looper.loop(Looper.java:156)
02-23 10:25:30.024  7564  7564 E AndroidRuntime: 	at android.app.ActivityThread.main(ActivityThread.java:6523)
02-23 10:25:30.024  7564  7564 E AndroidRuntime: 	at java.lang.reflect.Method.invoke(Native Method)
02-23 10:25:30.024  7564  7564 E AndroidRuntime: 	at com.android.internal.os.ZygoteInit$MethodAndArgsCaller.run(ZygoteInit.java:942)
02-23 10:25:30.024  7564  7564 E AndroidRuntime: 	at com.android.internal.os.ZygoteInit.main(ZygoteInit.java:832)
02-23 10:25:30.031   595  1168 I logserver: handle_logfile_events, Object Path:/data/system/dropbox/, mask=0x00000080
02-23 10:25:30.031   595  1168 I logserver: process_one_event, event->len=48, name=data_app_crash@1519352730031.txt
02-23 10:25:30.031   595  1168 I logserver: find_first_match: find match, plogs(type=1, pfile=/data/system/dropbox/, match=app_crash)
02-23 10:25:30.031   595  1168 I iMonitor: create: 901001001
02-23 10:25:30.031   595  1168 I logserver: process_event_by_imonitor, pos=0, type=crash, event_id=901001001
02-23 10:25:30.031   595  1168 I logserver: get_acr_info, match:(app_crash), actual_name:(data_app_crash@1519352730031.txt)
02-23 10:25:30.031   595  1168 E logserver: imonitor_add_dynamic_path, path:/data/system/dropbox/data_app_crash@1519352730031.txt
02-23 10:25:30.033   595  1168 I iMonitor: send: 901001001
02-23 10:25:30.033   595  1168 I logserver: imonitor_send_event ret=150
02-23 10:25:30.033   595  1169 I logserver: handle_exception_events enter
02-23 10:25:30.131  1314  1452 I chatty  : uid=1000(system) InputDispatcher expire 11 lines
02-23 10:25:30.531  1314  1327 I chatty  : uid=1000(system) ActivityManager expire 10 lines
02-23 10:25:30.561  7677  7677 I         : power log dlsym ok
02-23 10:25:30.563  7677  7677 I chatty  : uid=10294(com.yeapao.andorid) expire 30 lines
02-23 10:25:30.583  1314  2265 I chatty  : uid=1000(system) Binder:1314_B expire 11 lines
02-23 10:25:30.593   447   463 I chatty  : uid=1000(system) Binder:447_2 expire 12 lines
02-23 10:25:30.903  1952  2087 W PhoneInterfaceManager: shouldBlockLocation running ...
02-23 10:25:30.903  1952  2087 I PhoneInterfaceManager: shouldBlockLocation  ret:false
02-23 10:25:31.728  7677  7722 I chatty  : uid=10294(com.yeapao.andorid) expire 1 line
02-23 10:25:31.791  7677  7723 I chatty  : uid=10294(com.yeapao.andorid) expire 2 lines
02-23 10:25:31.853  1314  1336 I chatty  : uid=1000(system) android.display expire 12 lines
02-23 10:25:31.856   595   654 W JankService: virtual bool android::JankManualDumpLogAnalyser::processEntry(android::LogEntry *, int, bool), not beta version or commercial log off
02-23 10:25:34.297  1314  1314 I chatty  : uid=1000 system_server expire 15 lines
02-23 10:25:34.333   580   580 I Pged-IPgedBinderService: ****action is 1, pid num is 4***
02-23 10:25:34.333   580   580 I Pged-Freezer: freezePids
02-23 10:25:34.333   580   580 I Pged-Freezer: Freeze process: 5197
02-23 10:25:34.334   580   580 I Pged-Freezer: Freeze process: 28708
02-23 10:25:34.335   580   580 I Pged-Freezer: Freeze process: 5431
02-23 10:25:34.540   447  3999 I chatty  : uid=1000(system) Binder:447_5 expire 10 lines
02-23 10:25:34.554  7677  7682 I chatty  : uid=10294(com.yeapao.andorid) expire 3 lines
02-23 10:25:35.838   580 15878 I Pged-IPgedBinderService: ****action is 2, pid num is 4***
02-23 10:25:35.838   580 15878 I Pged-Freezer: thawPids
02-23 10:25:35.911  1952  2080 W PhoneInterfaceManager: shouldBlockLocation running ...
02-23 10:25:35.911  1952  2080 I PhoneInterfaceManager: shouldBlockLocation  ret:false
02-23 10:25:36.066  1314  2633 I chatty  : uid=1000(system) Binder:1314_13 expire 11 lines
02-23 10:25:36.401  7677  7677 E AndroidRuntime: FATAL EXCEPTION: main
02-23 10:25:36.401  7677  7677 E AndroidRuntime: Process: com.yeapao.andorid, PID: 7677
02-23 10:25:36.401  7677  7677 E AndroidRuntime: java.lang.NoSuchFieldError: No field button_back of type I in class Lcom/zhihu/matisse/R$id; or its superclasses (declaration of 'com.zhihu.matisse.R$id' appears in /data/app/com.yeapao.andorid-1/split_lib_slice_8_apk.apk)
02-23 10:25:36.401  7677  7677 E AndroidRuntime: 	at com.zhihu.matisse.internal.ui.BasePreviewActivity.onCreate(BasePreviewActivity.java:79)
02-23 10:25:36.401  7677  7677 E AndroidRuntime: 	at com.zhihu.matisse.internal.ui.AlbumPreviewActivity.onCreate(AlbumPreviewActivity.java:42)
02-23 10:25:36.401  7677  7677 E AndroidRuntime: 	at android.app.Activity.performCreate(Activity.java:6915)
02-23 10:25:36.401  7677  7677 E AndroidRuntime: 	at android.app.Instrumentation.callActivityOnCreate(Instrumentation.java:1123)
02-23 10:25:36.401  7677  7677 E AndroidRuntime: 	at cn.jiguang.a.a.d.a.a.d.callActivityOnCreate(Unknown Source)
02-23 10:25:36.401  7677  7677 E AndroidRuntime: 	at android.app.ActivityThread.performLaunchActivity(ActivityThread.java:2746)
02-23 10:25:36.401  7677  7677 E AndroidRuntime: 	at android.app.ActivityThread.handleLaunchActivity(ActivityThread.java:2864)
02-23 10:25:36.401  7677  7677 E AndroidRuntime: 	at android.app.ActivityThread.-wrap12(ActivityThread.java)
02-23 10:25:36.401  7677  7677 E AndroidRuntime: 	at android.app.ActivityThread$H.handleMessage(ActivityThread.java:1567)
02-23 10:25:36.401  7677  7677 E AndroidRuntime: 	at android.os.Handler.dispatchMessage(Handler.java:105)
02-23 10:25:36.401  7677  7677 E AndroidRuntime: 	at android.os.Looper.loop(Looper.java:156)
02-23 10:25:36.401  7677  7677 E AndroidRuntime: 	at android.app.ActivityThread.main(ActivityThread.java:6523)
02-23 10:25:36.401  7677  7677 E AndroidRuntime: 	at java.lang.reflect.Method.invoke(Native Method)
02-23 10:25:36.401  7677  7677 E AndroidRuntime: 	at com.android.internal.os.ZygoteInit$MethodAndArgsCaller.run(ZygoteInit.java:942)
02-23 10:25:36.401  7677  7677 E AndroidRuntime: 	at com.android.internal.os.ZygoteInit.main(ZygoteInit.java:832)
02-23 10:25:36.409   595  1168 I logserver: handle_logfile_events, Object Path:/data/system/dropbox/, mask=0x00000080
02-23 10:25:36.409   595  1168 I logserver: process_one_event, event->len=48, name=data_app_crash@1519352736409.txt
02-23 10:25:36.409   595  1168 I logserver: find_first_match: find match, plogs(type=1, pfile=/data/system/dropbox/, match=app_crash)
02-23 10:25:36.409   595  1168 I iMonitor: create: 901001001
02-23 10:25:36.409   595  1168 I logserver: process_event_by_imonitor, pos=0, type=crash, event_id=901001001
02-23 10:25:36.409   595  1168 I logserver: get_acr_info, match:(app_crash), actual_name:(data_app_crash@1519352736409.txt)
02-23 10:25:36.410   595  1168 E logserver: imonitor_add_dynamic_path, path:/data/system/dropbox/data_app_crash@1519352736409.txt
02-23 10:25:36.410   595  1168 I iMonitor: send: 901001001
02-23 10:25:36.410   595  1168 I logserver: imonitor_send_event ret=150
02-23 10:25:36.410   595  1169 I logserver: handle_exception_events enter
02-23 10:25:36.548   447  1454 I chatty  : uid=1000(system) Binder:447_3 expire 11 lines
02-23 10:25:36.561   447   447 I chatty  : uid=1000(system) /system/bin/surfaceflinger expire 10 lines
02-23 10:25:36.570  7753  7753 I         : power log dlsym ok
02-23 10:25:36.572  7753  7753 I chatty  : uid=10294(com.yeapao.andorid) expire 30 lines
02-23 10:25:36.900  1925  2565 I chatty  : uid=1000(system) Binder:1925_4 expire 7 lines
02-23 10:25:37.642  7753  7799 I chatty  : uid=10294(com.yeapao.andorid) expire 1 line
02-23 10:25:37.682  7753  7793 I chatty  : uid=10294(com.yeapao.andorid) expire 2 lines
02-23 10:25:37.696  7753  7800 I chatty  : uid=10294(com.yeapao.andorid) expire 2 lines
02-23 10:25:37.717  1952  1966 W PhoneInterfaceManager: shouldBlockLocation running ...
02-23 10:25:37.724  1952  1966 I PhoneInterfaceManager: shouldBlockLocation  ret:false
02-23 10:25:37.739  2831  2851 I AppLogManager: PrintWoker poll timeout , shutdown
02-23 10:25:37.741  2831  2851 I AppLogManager: PrintWoker poll timeout , shutdown
02-23 10:25:37.757  2831  2851 I AppLogManager: PrintWoker poll timeout , shutdown
02-23 10:25:39.740   580   612 I Pged-IPgedBinderService: ****action is 1, pid num is 4***
02-23 10:25:39.740   580   612 I Pged-Freezer: freezePids
02-23 10:25:39.740   580   612 I Pged-Freezer: Freeze process: 5197
02-23 10:25:39.741   580   612 I Pged-Freezer: Freeze process: 28708
02-23 10:25:39.741   580   612 I Pged-Freezer: Freeze process: 5431
02-23 10:25:39.963  7753  7758 I chatty  : uid=10294(com.yeapao.andorid) expire 3 lines
02-23 10:25:40.918  1952  1967 W PhoneInterfaceManager: shouldBlockLocation running ...
02-23 10:25:40.919  1952  1967 I PhoneInterfaceManager: shouldBlockLocation  ret:false
02-23 10:25:41.248   580   580 I Pged-IPgedBinderService: ****action is 2, pid num is 4***
02-23 10:25:41.248   580   580 I Pged-Freezer: thawPids
02-23 10:25:43.143  1314  1959 I chatty  : uid=1000(system) Binder:1314_6 expire 16 lines
02-23 10:25:43.152   580 15878 I Pged-IPgedBinderService: ****action is 1, pid num is 4***
02-23 10:25:43.152   580 15878 I Pged-Freezer: freezePids
02-23 10:25:43.152   580 15878 I Pged-Freezer: Freeze process: 5197
02-23 10:25:43.153   580 15878 I Pged-Freezer: Freeze process: 28708
02-23 10:25:43.153   580 15878 I Pged-Freezer: Freeze process: 5431
02-23 10:25:43.260  1314  2606 I chatty  : uid=1000(system) Binder:1314_F expire 10 lines
02-23 10:25:43.562  7753  7753 E AndroidRuntime: FATAL EXCEPTION: main
02-23 10:25:43.562  7753  7753 E AndroidRuntime: Process: com.yeapao.andorid, PID: 7753
02-23 10:25:43.562  7753  7753 E AndroidRuntime: java.lang.NoSuchFieldError: No field button_back of type I in class Lcom/zhihu/matisse/R$id; or its superclasses (declaration of 'com.zhihu.matisse.R$id' appears in /data/app/com.yeapao.andorid-1/split_lib_slice_8_apk.apk)
02-23 10:25:43.562  7753  7753 E AndroidRuntime: 	at com.zhihu.matisse.internal.ui.BasePreviewActivity.onCreate(BasePreviewActivity.java:79)
02-23 10:25:43.562  7753  7753 E AndroidRuntime: 	at com.zhihu.matisse.internal.ui.AlbumPreviewActivity.onCreate(AlbumPreviewActivity.java:42)
02-23 10:25:43.562  7753  7753 E AndroidRuntime: 	at android.app.Activity.performCreate(Activity.java:6915)
02-23 10:25:43.562  7753  7753 E AndroidRuntime: 	at android.app.Instrumentation.callActivityOnCreate(Instrumentation.java:1123)
02-23 10:25:43.562  7753  7753 E AndroidRuntime: 	at cn.jiguang.a.a.d.a.a.d.callActivityOnCreate(Unknown Source)
02-23 10:25:43.562  7753  7753 E AndroidRuntime: 	at android.app.ActivityThread.performLaunchActivity(ActivityThread.java:2746)
02-23 10:25:43.562  7753  7753 E AndroidRuntime: 	at android.app.ActivityThread.handleLaunchActivity(ActivityThread.java:2864)
02-23 10:25:43.562  7753  7753 E AndroidRuntime: 	at android.app.ActivityThread.-wrap12(ActivityThread.java)
02-23 10:25:43.562  7753  7753 E AndroidRuntime: 	at android.app.ActivityThread$H.handleMessage(ActivityThread.java:1567)
02-23 10:25:43.562  7753  7753 E AndroidRuntime: 	at android.os.Handler.dispatchMessage(Handler.java:105)
02-23 10:25:43.562  7753  7753 E AndroidRuntime: 	at android.os.Looper.loop(Looper.java:156)
02-23 10:25:43.562  7753  7753 E AndroidRuntime: 	at android.app.ActivityThread.main(ActivityThread.java:6523)
02-23 10:25:43.562  7753  7753 E AndroidRuntime: 	at java.lang.reflect.Method.invoke(Native Method)
02-23 10:25:43.562  7753  7753 E AndroidRuntime: 	at com.android.internal.os.ZygoteInit$MethodAndArgsCaller.run(ZygoteInit.java:942)
02-23 10:25:43.562  7753  7753 E AndroidRuntime: 	at com.android.internal.os.ZygoteInit.main(ZygoteInit.java:832)
02-23 10:25:43.571   595  1168 I logserver: handle_logfile_events, Object Path:/data/system/dropbox/, mask=0x00000080
02-23 10:25:43.571   595  1168 I logserver: process_one_event, event->len=48, name=data_app_crash@1519352743571.txt
02-23 10:25:43.571   595  1168 I logserver: find_first_match: find match, plogs(type=1, pfile=/data/system/dropbox/, match=app_crash)
02-23 10:25:43.571   595  1168 I iMonitor: create: 901001001
02-23 10:25:43.571   595  1168 I logserver: process_event_by_imonitor, pos=0, type=crash, event_id=901001001
