02-23 10:25:43.571   595  1168 I logserver: get_acr_info, match:(app_crash), actual_name:(data_app_crash@1519352743571.txt)
02-23 10:25:43.571   595  1168 E logserver: imonitor_add_dynamic_path, path:/data/system/dropbox/data_app_crash@1519352743571.txt
02-23 10:25:43.571   595  1168 I iMonitor: send: 901001001
02-23 10:25:43.572   595  1168 I logserver: imonitor_send_event ret=150
02-23 10:25:43.572   595  1169 I logserver: handle_exception_events enter
02-23 10:25:43.761  7834  7834 I         : power log dlsym ok
02-23 10:25:43.763  7834  7834 I chatty  : uid=10294(com.yeapao.andorid) expire 29 lines
02-23 10:25:43.810   447   460 I chatty  : uid=1000(system) Binder:447_1 expire 12 lines
02-23 10:25:43.818   447  1597 I chatty  : uid=1000(system) Binder:447_4 expire 10 lines
02-23 10:25:44.659   580   612 I Pged-IPgedBinderService: ****action is 2, pid num is 4***
02-23 10:25:44.660   580   612 I Pged-Freezer: thawPids
02-23 10:25:44.839  7834  7880 I chatty  : uid=10294(com.yeapao.andorid) expire 1 line
02-23 10:25:44.898  7834  7881 I chatty  : uid=10294(com.yeapao.andorid) expire 2 lines
02-23 10:25:45.929  1952  2143 W PhoneInterfaceManager: shouldBlockLocation running ...
02-23 10:25:45.929  1952  2143 I PhoneInterfaceManager: shouldBlockLocation  ret:false
02-23 10:25:49.866   580   580 I Pged-IPgedBinderService: ****action is 1, pid num is 4***
02-23 10:25:49.866   580   580 I Pged-Freezer: freezePids
02-23 10:25:49.866   580   580 I Pged-Freezer: Freeze process: 5197
02-23 10:25:49.867   580   580 I Pged-Freezer: Freeze process: 28708
02-23 10:25:49.867   580   580 I Pged-Freezer: Freeze process: 5431
02-23 10:25:49.951   447   463 I chatty  : uid=1000(system) Binder:447_2 expire 20 lines
02-23 10:25:50.036  7834  7839 I chatty  : uid=10294(com.yeapao.andorid) expire 6 lines
02-23 10:25:50.729   579   579 I chatty  : uid=1000(system) /vendor/bin/thermal-daemon expire 12 lines
02-23 10:25:50.947  1952  2142 W PhoneInterfaceManager: shouldBlockLocation running ...
02-23 10:25:50.947  1952  2142 I PhoneInterfaceManager: shouldBlockLocation  ret:false
02-23 10:25:51.371   580 15878 I Pged-IPgedBinderService: ****action is 2, pid num is 4***
02-23 10:25:51.371   580 15878 I Pged-Freezer: thawPids
02-23 10:25:52.127  1925  2014 I chatty  : uid=1000(system) core expire 11 lines
02-23 10:25:53.699   580   612 I Pged-IPgedBinderService: ****action is 1, pid num is 4***
02-23 10:25:53.699   580   612 I Pged-Freezer: freezePids
02-23 10:25:53.699   580   612 I Pged-Freezer: Freeze process: 5197
02-23 10:25:53.699   580   612 I Pged-Freezer: Freeze process: 28708
02-23 10:25:53.700   580   612 I Pged-Freezer: Freeze process: 5431
02-23 10:25:53.806  1314  5042 I chatty  : uid=1000(system) Binder:1314_18 expire 10 lines
02-23 10:25:54.015  2047  2047 W HwSystemManager: AbsRecordInfo:createRecordFromBundle type provider or service
02-23 10:25:54.030  1314  1326 I chatty  : uid=1000(system) android.bg expire 2 lines
02-23 10:25:54.035  2047  2047 W HwSystemManager: AbsRecordInfo:createRecordFromBundle type provider or service
02-23 10:25:54.107  7834  7834 E AndroidRuntime: FATAL EXCEPTION: main
02-23 10:25:54.107  7834  7834 E AndroidRuntime: Process: com.yeapao.andorid, PID: 7834
02-23 10:25:54.107  7834  7834 E AndroidRuntime: java.lang.NoSuchFieldError: No field button_back of type I in class Lcom/zhihu/matisse/R$id; or its superclasses (declaration of 'com.zhihu.matisse.R$id' appears in /data/app/com.yeapao.andorid-1/split_lib_slice_8_apk.apk)
02-23 10:25:54.107  7834  7834 E AndroidRuntime: 	at com.zhihu.matisse.internal.ui.BasePreviewActivity.onCreate(BasePreviewActivity.java:79)
02-23 10:25:54.107  7834  7834 E AndroidRuntime: 	at com.zhihu.matisse.internal.ui.AlbumPreviewActivity.onCreate(AlbumPreviewActivity.java:42)
02-23 10:25:54.107  7834  7834 E AndroidRuntime: 	at android.app.Activity.performCreate(Activity.java:6915)
02-23 10:25:54.107  7834  7834 E AndroidRuntime: 	at android.app.Instrumentation.callActivityOnCreate(Instrumentation.java:1123)
02-23 10:25:54.107  7834  7834 E AndroidRuntime: 	at cn.jiguang.a.a.d.a.a.d.callActivityOnCreate(Unknown Source)
02-23 10:25:54.107  7834  7834 E AndroidRuntime: 	at android.app.ActivityThread.performLaunchActivity(ActivityThread.java:2746)
02-23 10:25:54.107  7834  7834 E AndroidRuntime: 	at android.app.ActivityThread.handleLaunchActivity(ActivityThread.java:2864)
02-23 10:25:54.107  7834  7834 E AndroidRuntime: 	at android.app.ActivityThread.-wrap12(ActivityThread.java)
02-23 10:25:54.107  7834  7834 E AndroidRuntime: 	at android.app.ActivityThread$H.handleMessage(ActivityThread.java:1567)
02-23 10:25:54.107  7834  7834 E AndroidRuntime: 	at android.os.Handler.dispatchMessage(Handler.java:105)
02-23 10:25:54.107  7834  7834 E AndroidRuntime: 	at android.os.Looper.loop(Looper.java:156)
02-23 10:25:54.107  7834  7834 E AndroidRuntime: 	at android.app.ActivityThread.main(ActivityThread.java:6523)
02-23 10:25:54.107  7834  7834 E AndroidRuntime: 	at java.lang.reflect.Method.invoke(Native Method)
02-23 10:25:54.107  7834  7834 E AndroidRuntime: 	at com.android.internal.os.ZygoteInit$MethodAndArgsCaller.run(ZygoteInit.java:942)
02-23 10:25:54.107  7834  7834 E AndroidRuntime: 	at com.android.internal.os.ZygoteInit.main(ZygoteInit.java:832)
02-23 10:25:54.114   595  1168 I logserver: handle_logfile_events, Object Path:/data/system/dropbox/, mask=0x00000080
02-23 10:25:54.114   595  1168 I logserver: process_one_event, event->len=48, name=data_app_crash@1519352754114.txt
02-23 10:25:54.114   595  1168 I logserver: find_first_match: find match, plogs(type=1, pfile=/data/system/dropbox/, match=app_crash)
02-23 10:25:54.114  1314  1314 I chatty  : uid=1000 system_server expire 26 lines
02-23 10:25:54.114   595  1168 I iMonitor: create: 901001001
02-23 10:25:54.114   595  1168 I logserver: process_event_by_imonitor, pos=0, type=crash, event_id=901001001
02-23 10:25:54.114   595  1168 I logserver: get_acr_info, match:(app_crash), actual_name:(data_app_crash@1519352754114.txt)
02-23 10:25:54.115   595  1168 E logserver: imonitor_add_dynamic_path, path:/data/system/dropbox/data_app_crash@1519352754114.txt
02-23 10:25:54.115   595  1168 I iMonitor: send: 901001001
02-23 10:25:54.115   595  1168 I logserver: imonitor_send_event ret=150
02-23 10:25:54.115   595  1169 I logserver: handle_exception_events enter
02-23 10:25:54.117  7834  7834 I chatty  : uid=10294(com.yeapao.andorid) expire 1 line
02-23 10:25:54.279   447  3999 I chatty  : uid=1000(system) Binder:447_5 expire 12 lines
02-23 10:25:54.301  7912  7912 I         : power log dlsym ok
02-23 10:25:54.303  7912  7912 I chatty  : uid=10294(com.yeapao.andorid) expire 30 lines
02-23 10:25:54.313  1314  1336 I chatty  : uid=1000(system) android.display expire 19 lines
02-23 10:25:55.203   580   580 I Pged-IPgedBinderService: ****action is 2, pid num is 4***
02-23 10:25:55.203   580   580 I Pged-Freezer: thawPids
02-23 10:25:55.561  7912  7959 I chatty  : uid=10294(com.yeapao.andorid) expire 1 line
02-23 10:25:55.616  7912  7960 I chatty  : uid=10294(com.yeapao.andorid) expire 2 lines
02-23 10:25:55.957  1952  2080 W PhoneInterfaceManager: shouldBlockLocation running ...
02-23 10:25:55.957  1952  2080 I PhoneInterfaceManager: shouldBlockLocation  ret:false
02-23 10:25:56.527  7912  7953 I chatty  : uid=10294(com.yeapao.andorid) expire 2 lines
02-23 10:25:56.581  1952  2244 W PhoneInterfaceManager: shouldBlockLocation running ...
02-23 10:25:56.588  1952  2244 I PhoneInterfaceManager: shouldBlockLocation  ret:false
02-23 10:25:56.619  2831  2851 I AppLogManager: PrintWoker poll timeout , shutdown
02-23 10:25:56.630  2831  2851 I AppLogManager: PrintWoker poll timeout , shutdown
02-23 10:25:56.846  7984  7984 I chatty  : uid=10294(com.yeapao.andorid) app_process expire 78 lines
02-23 10:25:56.920  2047  2047 W HwSystemManager: AbsRecordInfo:createRecordFromBundle type provider or service
02-23 10:25:57.136  1662  1662 I chatty  : uid=10041(com.huawei.HwMultiScreenShot) com.android.systemui expire 24 lines
02-23 10:25:57.142  5591  6448 E CloudAlbum[8.0.3.304]: [ReceiverManager] not log on ignore
02-23 10:25:57.180  8000  8000 I chatty  : uid=10294(com.yeapao.andorid) app_process expire 78 lines
02-23 10:25:57.252  1314  1958 I chatty  : uid=1000(system) Binder:1314_5 expire 11 lines
02-23 10:25:57.254  2047  2047 W HwSystemManager: AbsRecordInfo:createRecordFromBundle type provider or service
02-23 10:25:57.323  1925  2564 I chatty  : uid=1000(system) Binder:1925_3 expire 4 lines
02-23 10:25:57.324   580 15878 I Pged-IPgedBinderService: ****action is 1, pid num is 4***
02-23 10:25:57.324   580 15878 I Pged-Freezer: freezePids
02-23 10:25:57.324   580 15878 I Pged-Freezer: Freeze process: 5197
02-23 10:25:57.324   580 15878 I Pged-Freezer: Freeze process: 28708
02-23 10:25:57.325   580 15878 I Pged-Freezer: Freeze process: 5431
02-23 10:25:57.434  1314  1969 I chatty  : uid=1000(system) Binder:1314_7 expire 13 lines
02-23 10:25:57.506  7912  7917 I chatty  : uid=10294(com.yeapao.andorid) expire 3 lines
02-23 10:25:58.287  1314  4120 I chatty  : uid=1000(system) MobileQosDetect expire 18 lines
02-23 10:25:58.287  1314  1544 I chatty  : uid=1000(system) Thread-11 expire 14 lines
02-23 10:25:58.806  1314  2213 I chatty  : uid=1000(system) Binder:1314_9 expire 15 lines
02-23 10:25:58.827   580   612 I Pged-IPgedBinderService: ****action is 2, pid num is 4***
02-23 10:25:58.827   580   612 I Pged-Freezer: thawPids
02-23 10:25:59.183  7912  7912 E AndroidRuntime: FATAL EXCEPTION: main
02-23 10:25:59.183  7912  7912 E AndroidRuntime: Process: com.yeapao.andorid, PID: 7912
02-23 10:25:59.183  7912  7912 E AndroidRuntime: java.lang.NoSuchFieldError: No field button_back of type I in class Lcom/zhihu/matisse/R$id; or its superclasses (declaration of 'com.zhihu.matisse.R$id' appears in /data/app/com.yeapao.andorid-1/split_lib_slice_8_apk.apk)
02-23 10:25:59.183  7912  7912 E AndroidRuntime: 	at com.zhihu.matisse.internal.ui.BasePreviewActivity.onCreate(BasePreviewActivity.java:79)
02-23 10:25:59.183  7912  7912 E AndroidRuntime: 	at com.zhihu.matisse.internal.ui.AlbumPreviewActivity.onCreate(AlbumPreviewActivity.java:42)
02-23 10:25:59.183  7912  7912 E AndroidRuntime: 	at android.app.Activity.performCreate(Activity.java:6915)
02-23 10:25:59.183  7912  7912 E AndroidRuntime: 	at android.app.Instrumentation.callActivityOnCreate(Instrumentation.java:1123)
02-23 10:25:59.183  7912  7912 E AndroidRuntime: 	at cn.jiguang.a.a.d.a.a.d.callActivityOnCreate(Unknown Source)
02-23 10:25:59.183  7912  7912 E AndroidRuntime: 	at android.app.ActivityThread.performLaunchActivity(ActivityThread.java:2746)
02-23 10:25:59.183  7912  7912 E AndroidRuntime: 	at android.app.ActivityThread.handleLaunchActivity(ActivityThread.java:2864)
02-23 10:25:59.183  7912  7912 E AndroidRuntime: 	at android.app.ActivityThread.-wrap12(ActivityThread.java)
02-23 10:25:59.183  7912  7912 E AndroidRuntime: 	at android.app.ActivityThread$H.handleMessage(ActivityThread.java:1567)
02-23 10:25:59.183  7912  7912 E AndroidRuntime: 	at android.os.Handler.dispatchMessage(Handler.java:105)
02-23 10:25:59.183  7912  7912 E AndroidRuntime: 	at android.os.Looper.loop(Looper.java:156)
02-23 10:25:59.183  7912  7912 E AndroidRuntime: 	at android.app.ActivityThread.main(ActivityThread.java:6523)
02-23 10:25:59.183  7912  7912 E AndroidRuntime: 	at java.lang.reflect.Method.invoke(Native Method)
02-23 10:25:59.183  7912  7912 E AndroidRuntime: 	at com.android.internal.os.ZygoteInit$MethodAndArgsCaller.run(ZygoteInit.java:942)
02-23 10:25:59.183  7912  7912 E AndroidRuntime: 	at com.android.internal.os.ZygoteInit.main(ZygoteInit.java:832)
02-23 10:25:59.186   595  1168 I logserver: handle_logfile_events, Object Path:/data/system/dropbox/, mask=0x00000080
02-23 10:25:59.186   595  1168 I logserver: process_one_event, event->len=48, name=data_app_crash@1519352759186.txt
02-23 10:25:59.186   595  1168 I logserver: find_first_match: find match, plogs(type=1, pfile=/data/system/dropbox/, match=app_crash)
02-23 10:25:59.186   595  1168 I iMonitor: create: 901001001
02-23 10:25:59.186   595  1168 I logserver: process_event_by_imonitor, pos=0, type=crash, event_id=901001001
02-23 10:25:59.186   595  1168 I logserver: get_acr_info, match:(app_crash), actual_name:(data_app_crash@1519352759186.txt)
02-23 10:25:59.187   595  1168 E logserver: imonitor_add_dynamic_path, path:/data/system/dropbox/data_app_crash@1519352759186.txt
02-23 10:25:59.187   595  1168 I iMonitor: send: 901001001
02-23 10:25:59.187   595  1168 I logserver: imonitor_send_event ret=150
02-23 10:25:59.187   595  1169 I logserver: handle_exception_events enter
02-23 10:25:59.195  1314  4495 I chatty  : uid=1000(system) AsyUploadThread expire 5 lines
02-23 10:25:59.720  8018  8018 I         : power log dlsym ok
02-23 10:25:59.722  8018  8018 I chatty  : uid=10294(com.yeapao.andorid) expire 14 lines
02-23 10:25:59.723  1314  1714 I chatty  : uid=1000(system) Binder:1314_4 expire 7 lines
02-23 10:25:59.740  1314  2602 I chatty  : uid=1000(system) Binder:1314_C expire 12 lines
02-23 10:26:00.049  2652  2652 I HwLauncher: Model  onReceive intent=Intent { act=android.intent.action.TIME_TICK flg=0x50000014 (has extras) }
02-23 10:26:00.049  2652  2652 I HwLauncher: Model  onReceive user=UserHandle{0}
02-23 10:26:00.078  2981  2981 I Calendar: CalendarWidgetService info:LanguageChangeReceiver:android.intent.action.TIME_TICK
02-23 10:26:00.084  4859  5258 I Step_LSC: 80001313|processHandleBroadcastAction action:android.intent.action.TIME_TICK
02-23 10:26:00.126  4859  5258 W Step_MemoryPolicy: 80001313|pssSizeMB larger than 20M,warning...,pssSizeMB:25
02-23 10:26:00.219  1314  1334 I chatty  : uid=1000(system) android.fg expire 13 lines
02-23 10:26:00.226  3063  1458 I HwMtpServerExJNI: cleanup MtpServerEx
02-23 10:26:00.226  3063  1458 I StagefrightMediaScannerEx: StagefrightMediaScanner destructor
02-23 10:26:00.227  8018  8025 I chatty  : uid=10294(com.yeapao.andorid) expire 2 lines
02-23 10:26:00.229 17167 17167 I UsbReceiver: Usb port changed, start service. data role = 0, port = UsbPort{id=otg_default, supportedModes=dual}, powerSupplyEnabled = true
02-23 10:26:00.231  1314  1440 I chatty  : uid=1000(system) HwBatteryServic expire 17 lines
02-23 10:26:00.232  6789  6796 I chatty  : uid=10294(com.yeapao.andorid) JDWP expire 2 lines
02-23 10:26:00.232   589  1015 W AMessage: failed to post message as target looper for handler 0 is gone.
02-23 10:26:00.233  6662  6669 I chatty  : uid=10294(com.yeapao.andorid) JDWP expire 2 lines
02-23 10:26:00.234  1314  2603 I chatty  : uid=1000(system) Binder:1314_D expire 11 lines
02-23 10:26:00.253  5591  6448 E CloudAlbum[8.0.3.304]: [ReceiverManager] not log on ignore
02-23 10:26:00.271  1314  1332 I chatty  : uid=1000(system) batterystats-sy expire 2 lines
02-23 10:26:00.286  2047  2181 E HwSystemManager: ChargeInfo: doRecordsChargeInfo chargeTime =64321113 plugType = 2 chargeType =1
02-23 10:26:00.286  2047  2181 E HwSystemManager: ChargeInfo: doRecordsChargeInfo lastCapacityRm =2260 capacityRm = 2299 mTimes = 5131224 chargeBattery =39
02-23 10:26:00.286  2047  2181 E HwSystemManager: ChargeInfo: doRecordsChargeInfo BATTERY_PLUGGED_USB chargeBattery =39
02-23 10:26:00.300   595  1169 I logserver: handle_exception_events enter
02-23 10:26:00.303  8040  8040 I         : power log dlsym ok
02-23 10:26:00.305  8040  8040 I art     : Reinit property: dalvik.vm.checkjni= false
02-23 10:26:00.309  5591  5591 I hisync-findmyphone.BatteryLowReport: BatteryLowBroadcastReceiver action:android.intent.action.ACTION_POWER_DISCONNECTED;isLastLocReportSwitchOpen:false
02-23 10:26:00.313   595  1169 I logserver: handle_exception_events enter
02-23 10:26:00.348  8040  8040 I art     : Starting a blocking GC AddRemoveAppImageSpace
02-23 10:26:00.364  5877  5981 I chatty  : uid=1101000(com.huawei.android.CotaDecompressService) BgPowerManagerS expire 480 lines
02-23 10:26:00.369  8040  8040 I HwOUC   : [main-1]HwOUCSearchIndexablesProvider onCreate(/HwOUCSearchIndexablesProvider.java:136)
02-23 10:26:00.377  8040  8040 I HwOUC   : [main-1]HwOucApplication--onCreate, start(/HwOucApplication.java:53)
02-23 10:26:00.379  8040  8040 I HwOUC   : [main-1]HwOucApplication--getProcessName, pid is 8040(/HwOucApplication.java:99)
02-23 10:26:00.380  8040  8040 I HwOUC   : [main-1]HwOucApplication--onCreate, processName is com.huawei.android.hwouc; android.os.Process.myUid() is 10059(/HwOucApplication.java:55)
02-23 10:26:00.380  8040  8040 I HwOUC   : [main-1]HwOucApplication--onCreate, isDefaultProcess true, init(/HwOucApplication.java:59)
02-23 10:26:00.380  8040  8040 I HwOUC   : [main-1]----load default presets...(/HwOucConfig.java:2473)
02-23 10:26:00.402  8040  8040 I HwOUC   : [main-1]----loadOucConfig by HwCfgFilePolicy.getCfgFileList filepath is /product/etc/xml/hwouc_presets.xml ; AbsolutePath is /product/etc/xml/hwouc_presets.xml(/HwOucConfig.java:2488)
02-23 10:26:00.403  8040  8040 I HwOUC   : [main-1]loadOucConfig by HwCfgFilePolicy.getCfgFileList no exception(/HwOucConfig.java:2576)
02-23 10:26:00.421  8040  8040 I HwCust  : Constructor found for class com.huawei.android.cust.cota.util.HwCustHwOucUtilityImpl, args = [Ljava.lang.Object;@71471b8
02-23 10:26:00.422  8040  8040 I HwOUC   : [main-1]enter detectStorage!!!(/HwOucUtility.java:566)
02-23 10:26:00.435  8040  8040 I HwOUC   : [main-1]getCryptToUncryptDir dir is /data/update(/HwOucUtility.java:6974)
02-23 10:26:00.435  8040  8040 I HwOUC   : [main-1]getCryptToUncryptDir return /data/update(/HwOucUtility.java:6979)
02-23 10:26:00.436  8040  8040 I HwOUC   : [main-1]enter detectStorage path is /storage/emulated/0(/HwOucUtility.java:583)
02-23 10:26:00.436  8040  8040 I HwOUC   : [main-1]enter detectStorage isEmulated is true;isRemovable is false;isPrimary is true;uUid is null(/HwOucUtility.java:584)
02-23 10:26:00.436  8040  8040 I HwOUC   : [main-1]enter detectStorage isPrimary or isEmulated true, set internal path: /storage/emulated/0(/HwOucUtility.java:586)
02-23 10:26:00.438  8040  8040 E HwOUC   : [main-1]method invoke failed(/HwOucUtility.java:779)
02-23 10:26:00.439  8040  8040 I HwOUC   : [main-1]isTablet() = false(/HwOucUtility.java:782)
02-23 10:26:00.439  8040  8040 I HwOUC   : [main-1]getAutoDownloadValueOfStartupGuide(/HwOucUtility.java:5060)
02-23 10:26:00.440  8040  8040 I HwOUC   : [main-1]isDemoVersion vendor is all ; country is cn; return false(/HwOucUtility.java:8296)
02-23 10:26:00.443  8040  8065 I HwOUC   : [Thread-4-559]CheckPhoneEncrypted(/CheckPhoneEncrypted.java:27)
02-23 10:26:00.446  8040  8040 I HwOUC   : [main-1]getAutoDownloadValueOfStartupGuide autoDownloadValue is 1(/HwOucUtility.java:5072)
02-23 10:26:00.448  8040  8040 I HwOUC   : [main-1]getRealFirmwareVersion(),send ro.build.product.real.id = (/HwOucUtility.java:3299)
02-23 10:26:00.448  8040  8040 I HwOUC   : [main-1]getFirmwareVersion(), getDisplayFirmwareVersion EVA-AL10C00B399SP02(/HwOucUtility.java:3302)
02-23 10:26:00.449  8040  8040 I HwOUC   : [main-1]isInstallingStatus(/HwOucUtility.java:3347)
02-23 10:26:00.449  8040  8040 I HwOUC   : [main-1]isAllFirmwareInstallingStatus(/HwOucUtility.java:3362)
02-23 10:26:00.468  8040  8040 I HwOUC   : [main-1]DBManager--getCacheContents data is null tableType is 4(/CacheDBManager.java:138)
02-23 10:26:00.469  8040  8040 E HwOUC   : [main-1]isAllFirmwareInSameStatus cacheContents is null, return false(/HwOucUtility.java:4942)
02-23 10:26:00.469  8040  8040 I HwOUC   : [main-1]isAllFirmwareInstallingStatus is false(/HwOucUtility.java:3364)
02-23 10:26:00.469  8040  8040 I HwOUC   : [main-1]DBManager--getCacheContents data is null tableType is 4(/CacheDBManager.java:138)
02-23 10:26:00.470  8040  8040 E HwOUC   : [main-1]isAllFirmwareInSameStatus cacheContents is null, return false(/HwOucUtility.java:4942)
02-23 10:26:00.470  8040  8040 I HwOUC   : [main-1]isAllFirmwareSwitchBeginUnderAB is false(/HwOucUtility.java:4905)
02-23 10:26:00.470  8040  8040 I HwOUC   : [main-1]isInstallingStatus is false(/HwOucUtility.java:3351)
02-23 10:26:00.471  8040  8040 I HwOUC   : [main-1]baseVersionOfNewVersion is EVA-AL10C00B398;isInstallingStatus is false(/HwOucUtility.java:3225)
02-23 10:26:00.471  8040  8040 I HwOUC   : [main-1]processCancelAllVersinoLockForBeta init beta type(/HwOucUtility.java:5849)
02-23 10:26:00.472  8040  8040 E HwOUC   : [main-1]checkHwoucBetaApplicationExist NameNotFoundException is com.huawei.android.hwoucbeta(/HwOucUtility.java:5874)
02-23 10:26:00.473  8040  8040 I HwOUC   : [main-1]processCancelAllVersinoLockForBeta isBetaApplicationExist is false(/HwOucUtility.java:5853)
02-23 10:26:00.473  8040  8040 I HwOUC   : [main-1]processCancelAllVersinoLockForBeta BetaApplication not Exist(/HwOucUtility.java:5855)
02-23 10:26:00.473  8040  8040 I HwOUC   : [main-1]initNewVersionRecord isLastUpdateAvailableForCurVersion false(/HwOucUtility.java:3187)
02-23 10:26:00.477  8040  8040 I HwOUC   : [main-1]isDataExistInFirmwareTable cursor is null,return false(/HwOucUtility.java:3383)
02-23 10:26:00.479  8040  8040 I HwOUC   : [main-1]initNewVersionRecord isDataExistInFirmwareTable false do not delete database record(/HwOucUtility.java:3201)
02-23 10:26:00.480  8018  8018 I chatty  : uid=10294(com.yeapao.andorid) expire 8 lines
02-23 10:26:00.481  8040  8040 I HwOUC   : [main-1]initNewVersionRecord systemTableValue is 0, do not process(/HwOucUtility.java:3209)
02-23 10:26:00.482  8040  8040 I HwOUC   : [main-1]initSystemVersionInOmeInfo(/OemInfoUtil.java:138)
02-23 10:26:00.483  8040  8040 I HwOUC   : [main-1]getRealFirmwareVersion(),send ro.build.product.real.id = (/HwOucUtility.java:3299)
02-23 10:26:00.483  8040  8040 I HwOUC   : [main-1]getFirmwareVersion(), getDisplayFirmwareVersion EVA-AL10C00B399SP02(/HwOucUtility.java:3302)
02-23 10:26:00.484  8040  8040 I HwOUC   : [main-1]DBManager--getCacheContents data is null tableType is 4(/CacheDBManager.java:138)
02-23 10:26:00.484  8040  8040 E HwOUC   : [main-1]isMicroPatchOnly cacheContents is null, return false(/HwOucUtility.java:5011)
02-23 10:26:00.485  8040  8040 I HwOUC   : [main-1]isABsystemSupport local swtich is closed, return false(/HwOucUtility.java:7260)
02-23 10:26:00.485  8040  8040 I HwOUC   : [main-1]initSystemVersionInOmeInfo nextCheckNewVersionTime is 1519410977956; isABsystemSupport is false(/OemInfoUtil.java:141)
02-23 10:26:00.485  8040  8040 I HwOUC   : [main-1]initSystemVersionInOmeInfo nextCheckNewVersionTime is not -1 and ABsystem not Support ,do not init system version in omeInfo : 1519410977956(/OemInfoUtil.java:167)
02-23 10:26:00.486  8040  8040 I HwOUC   : [main-1]initTopActivityList.(/HwOucConfig.java:2940)
02-23 10:26:00.486  8040  8040 I HwOUC   : [main-1]DBManager--getCacheContents data is null tableType is 4(hwouc/CacheDBManager.java:138)
02-23 10:26:00.486  8040  8040 E HwOUC   : [main-1]isSelfUpdateInstalling cacheContents is null(hwouc/HwOucUtility.java:8149)
02-23 10:26:00.487  8040  8040 I HwOUC   : [main-1]HwOucApplication--onCreate, cacheCpuInfo is 8_2.5GHz(hwouc/HwOucApplication.java:70)
02-23 10:26:00.487  8040  8040 I HwOUC   : [main-1]HwOucApplication--onCreate, end(hwouc/HwOucApplication.java:83)
02-23 10:26:00.490  8040  8040 I HwOUC   : [main-1]PowerConnectedReceiver receive ACTION_POWER_DISCONNECTED intent(hwouc/PowerConnectedReceiver.java:34)
02-23 10:26:00.490  8040  8040 I HwOUC   : [main-1]DBManager--getCacheContents data is null tableType is 4(hwouc/CacheDBManager.java:138)
02-23 10:26:00.490  8040  8040 E HwOUC   : [main-1]isAllFirmwareInSameStatus cacheContents is null, return false(hwouc/HwOucUtility.java:4942)
02-23 10:26:00.491  8040  8040 I HwOUC   : [main-1]isAllFirmwareVerifySuccess is false(hwouc/HwOucUtility.java:4882)
02-23 10:26:00.491  8040  8040 I HwOUC   : [main-1]getRealFirmwareVersion(),send ro.build.product.real.id = (hwouc/HwOucUtility.java:3299)
02-23 10:26:00.491  8040  8040 I HwOUC   : [main-1]getFirmwareVersion(), getDisplayFirmwareVersion EVA-AL10C00B399SP02(hwouc/HwOucUtility.java:3302)
02-23 10:26:00.492  8040  8040 I HwOUC   : [main-1]DBManager--getCacheContents data is null tableType is 4(hwouc/CacheDBManager.java:138)
02-23 10:26:00.492  8040  8040 E HwOUC   : [main-1]isMicroPatchOnly cacheContents is null, return false(hwouc/HwOucUtility.java:5011)
02-23 10:26:00.492  8040  8040 I HwOUC   : [main-1]isABsystemSupport local swtich is closed, return false(hwouc/HwOucUtility.java:7260)
02-23 10:26:00.492  8040  8040 I HwOUC   : [main-1]DBManager--getCacheContents data is null tableType is 4(hwouc/CacheDBManager.java:138)
02-23 10:26:00.493  8040  8040 E HwOUC   : [main-1]isAllFirmwareInSameStatus cacheContents is null, return false(hwouc/HwOucUtility.java:4942)
02-23 10:26:00.493  8040  8040 I HwOUC   : [main-1]isAllFirmwareInstallSuccessUnderAB is false(hwouc/HwOucUtility.java:4893)
02-23 10:26:00.493  8040  8040 I HwOUC   : [main-1]PowerConnectedReceiver nextInstallRemindTime is -1 or nextSwitchABSystemRemindTime is -1 not AllFirmwareVerifySuccess and not AllFirmwareInstallSuccessUnderAB, do noting(hwouc/PowerConnectedReceiver.java:123)
02-23 10:26:00.515  8073  8073 I         : power log dlsym ok
02-23 10:26:00.518  8073  8073 I art     : Reinit property: dalvik.vm.checkjni= false
02-23 10:26:00.563  8073  8073 I art     : Starting a blocking GC AddRemoveAppImageSpace
02-23 10:26:00.583  8073  8073 E CommonUtils: getBoolean [class java.lang.String, class java.lang.String]
02-23 10:26:00.595  8073  8073 I LogCollectManager: start to bind to Log Collect service
02-23 10:26:00.599  8073  8073 E AppLogApi/CrashHandler: CrashHandler init
02-23 10:26:00.600  8073  8073 I AppLogManager: AppLogManager onCreate
02-23 10:26:00.600  8073  8073 E ReportApi: init reportCycle==40000
02-23 10:26:00.601  8073  8073 I AppLogManager: first init
02-23 10:26:00.601  8073  8073 I AppLogManager: worker start
02-23 10:26:00.616  8073  8073 E AppLogApi: handlerNetworkEvent !
02-23 10:26:00.616  8073  8073 E AppLogApi: currentTimeMillis!1519352760616
02-23 10:26:00.619  8073  8073 E AppLogApi: beforeTimeMillis!1519347629753
02-23 10:26:00.622  8073  8073 E AppLogApi: setTenMinAutoCheckTime!
02-23 10:26:00.623  8073  8073 E AppLogApi: checkTimeOver true
02-23 10:26:00.623  8073  8073 E AppLogApi: checkPolicyOver beforeTimeMillis1498100164461
02-23 10:26:00.623  8073  8073 E AppLogApi: checkPolicyOver policy1
02-23 10:26:00.624  8073  8073 E AppLogApi: checkPolicyOver currentTimeMillis-beforeTimeMillis21252596162
02-23 10:26:00.624  8073  8073 E AppLogApi: checkPolicyOver (policymillis+randommillis)87891937
02-23 10:26:00.624  8073  8073 E AppLogApi: checkPolicyOver true
02-23 10:26:00.626  8073  8073 E RefectUtilss: No field SUPPORT_SYSTEMAPP_GET_DEVICEID in class Landroid/telephony/HwTelephonyManager; (declaration of 'android.telephony.HwTelephonyManager' appears in /system/framework/hwframework.jar)
02-23 10:26:00.626  8073  8073 I DeviceProperty: supportNewPermissionCheck value=-1
02-23 10:26:00.646  8104  8104 I         : power log dlsym ok
02-23 10:26:00.648  8104  8104 I art     : Reinit property: dalvik.vm.checkjni= false
02-23 10:26:00.653  8073  8073 I LogCollectManager: service is connected
02-23 10:26:00.667   447   463 I chatty  : uid=1000(system) Binder:447_2 expire 11 lines
02-23 10:26:00.679  4521  4521 I iu.Environment: update battery state; isPlugged? false*
02-23 10:26:00.685  4521  4656 I iu.UploadsManager: num queued entries: 0
02-23 10:26:00.690  8104  8104 I art     : Starting a blocking GC AddRemoveAppImageSpace
02-23 10:26:00.692  8121  8121 I         : power log dlsym ok
02-23 10:26:00.695  8121  8121 I chatty  : uid=1101000(com.huawei.android.CotaDecompressService) com.huawei.systemmanager expire 4 lines
02-23 10:26:00.699  4521  4656 I iu.UploadsManager: num updated entries: 0
02-23 10:26:00.703  4521  4656 I iu.SyncManager: NEXT; no task
02-23 10:26:00.710  8104  8104 E CommonUtils: getBoolean [class java.lang.String, class java.lang.String]
02-23 10:26:00.717  8104  8104 I LogCollectManager: start to bind to Log Collect service
02-23 10:26:00.722  8104  8104 E AppLogApi/CrashHandler: CrashHandler init
02-23 10:26:00.722  8104  8104 I AppLogManager: AppLogManager onCreate
02-23 10:26:00.723  8104  8104 E ReportApi: init reportCycle==40000
02-23 10:26:00.723  8104  8104 I AppLogManager: first init
02-23 10:26:00.723  8104  8104 I AppLogManager: worker start
02-23 10:26:00.731  8104  8104 I LogCollectManager: service is connected
02-23 10:26:00.732  8104  8137 E AppLogApi: deleteOverTimeLog 
02-23 10:26:00.738  8104  8137 E AppLogApi: deleteOverTimeLog selectall 
02-23 10:26:00.739   579   579 I chatty  : uid=1000(system) /vendor/bin/thermal-daemon expire 10 lines
02-23 10:26:00.767  8104  8137 E AppLogApi: remainsize 1048576
02-23 10:26:00.768  8104  8137 E AppLogApi: begin to createBiglogzip!
02-23 10:26:00.775  8104  8137 E AppLogApi: autohasloglist0
02-23 10:26:00.780  8121  8139 I chatty  : uid=1101000(com.huawei.android.CotaDecompressService) com.huawei.systemmanager expire 6 lines
02-23 10:26:00.784  8104  8137 E AppLogApi: begin creatEventlogzip!
02-23 10:26:00.785  8104  8137 E AppLogApi: no hasloglistsize,stop!
02-23 10:26:00.785  8104  8137 E AppLogApi: Biglogzip path
02-23 10:26:00.785  8104  8137 E AppLogApi/AutoUploadService: createBiglogzip failed!
02-23 10:26:00.808  8018  8147 I chatty  : uid=10294(com.yeapao.andorid) expire 1 line
02-23 10:26:00.876  1314  8237 I chatty  : uid=1000(system) Binder:1314_1E expire 10 lines
02-23 10:26:00.894  8018  8148 I chatty  : uid=10294(com.yeapao.andorid) expire 2 lines
02-23 10:26:00.898  8018  8018 I chatty  : uid=10294(com.yeapao.andorid) expire 2 lines
02-23 10:26:00.966  1952  2143 W PhoneInterfaceManager: shouldBlockLocation running ...
02-23 10:26:00.967  1952  2143 I PhoneInterfaceManager: shouldBlockLocation  ret:false
02-23 10:26:00.993   595   654 W JankService: virtual bool android::JankManualDumpLogAnalyser::processEntry(android::LogEntry *, int, bool), not beta version or commercial log off
02-23 10:26:01.143  1314  2632 I chatty  : uid=1000(system) Binder:1314_12 expire 10 lines
02-23 10:26:01.161  1314  1324 I chatty  : uid=1000(system) Binder:1314_1 expire 11 lines
02-23 10:26:01.163  1662  1742 I chatty  : uid=10041(com.huawei.HwMultiScreenShot) SystemUIApplica expire 1 line
02-23 10:26:01.288  1925  2186 I chatty  : uid=1000(system) actions handler expire 19 lines
02-23 10:26:01.295 17167 17167 I UsbSettingsService: ACTION_USB_STATE stop service!
02-23 10:26:01.313  1662  1662 I chatty  : uid=10041(com.huawei.HwMultiScreenShot) com.android.systemui expire 5 lines
02-23 10:26:01.324  8187  8187 I         : power log dlsym ok
02-23 10:26:01.326  8187  8187 I art     : Reinit property: dalvik.vm.checkjni= false
02-23 10:26:01.356  8187  8187 I art     : Starting a blocking GC AddRemoveAppImageSpace
02-23 10:26:01.366  8187  8187 W HwVDrive: VDrivingSettingsProvider onCreate moveDatabaseFrom sdkcode = 24, devicePath = /data/user_de/0/com.huawei.vdrive, path = /data/user/0/com.huawei.vdrive
02-23 10:26:01.369  8187  8187 W HwVDrive: CompatUtils getNetworkType, not such method.
02-23 10:26:01.369  8187  8187 W HwVDrive: CompatUtils getNetworkOperatorName, not such method.
02-23 10:26:01.369  8187  8187 W HwVDrive: CompatUtils hasIccCard, not such method.
02-23 10:26:01.369  8187  8187 W HwVDrive: CompatUtils getCallState, not such method.
02-23 10:26:01.370  8187  8187 W HwVDrive: CompatUtils getDefaultSubscription, not such method.
02-23 10:26:01.370  8187  8187 W HwVDrive: CompatUtils getVoiceMailNumber, not such method.
02-23 10:26:01.370  8187  8187 W HwVDrive: CompatUtils getSubscriberId, not such method.
02-23 10:26:01.371  8187  8187 W HwVDrive: CompatUtils getDefaultVoiceSubId, not such method.
02-23 10:26:01.371  8187  8187 W HwVDrive: CompatUtils getDefaultSmsSubId, not such method.
02-23 10:26:01.392  8187  8187 I usbreceiver: Intent: Intent { act=android.hardware.usb.action.USB_STATE flg=0x30000010 cmp=com.huawei.vdrive/com.realvnc.mirrorlinktogo.implementation.android.receiver.USBReceiver (has extras) }
02-23 10:26:01.392  8187  8187 I usbreceiver: Recognised extras: 
02-23 10:26:01.394  8187  8187 I usbreceiver: Notifying USB event: USB_UNPLUGGED
02-23 10:26:01.394  1314  8239 I chatty  : uid=1000(system) Binder:1314_20 expire 16 lines
02-23 10:26:02.016   595  1168 I logserver: handle_logfile_events, Object Path:/data/system/dropbox/, mask=0x00000080
02-23 10:26:02.016   595  1168 I logserver: process_one_event, event->len=48, name=system_server_wtf@1519352762015.txt
02-23 10:26:02.625  1314  1452 I chatty  : uid=1000(system) InputDispatcher expire 47 lines
02-23 10:26:02.659  1314  2636 I chatty  : uid=1000(system) Binder:1314_15 expire 11 lines
02-23 10:26:02.772  8018  8023 I chatty  : uid=10294(com.yeapao.andorid) expire 3 lines
02-23 10:26:02.777  8018  8018 I chatty  : uid=10294(com.yeapao.andorid) expire 3 lines
02-23 10:26:02.936  6662  6764 I chatty  : uid=10294 com.yeapao.andorid:pushcore expire 1 line
02-23 10:26:03.204  8018  8018 E AndroidRuntime: FATAL EXCEPTION: main
02-23 10:26:03.204  8018  8018 E AndroidRuntime: Process: com.yeapao.andorid, PID: 8018
02-23 10:26:03.204  8018  8018 E AndroidRuntime: java.lang.RuntimeException: Unable to start activity ComponentInfo{com.yeapao.andorid/com.yeapao.andorid.MainActivity}: java.lang.NullPointerException: Attempt to invoke interface method 'void com.yeapao.andorid.homepage.circle.CircleContract$View.setPresenter(java.lang.Object)' on a null object reference
02-23 10:26:03.204  8018  8018 E AndroidRuntime: 	at android.app.ActivityThread.performLaunchActivity(ActivityThread.java:2793)
02-23 10:26:03.204  8018  8018 E AndroidRuntime: 	at android.app.ActivityThread.handleLaunchActivity(ActivityThread.java:2864)
02-23 10:26:03.204  8018  8018 E AndroidRuntime: 	at android.app.ActivityThread.-wrap12(ActivityThread.java)
02-23 10:26:03.204  8018  8018 E AndroidRuntime: 	at android.app.ActivityThread$H.handleMessage(ActivityThread.java:1567)
02-23 10:26:03.204  8018  8018 E AndroidRuntime: 	at android.os.Handler.dispatchMessage(Handler.java:105)
02-23 10:26:03.204  8018  8018 E AndroidRuntime: 	at android.os.Looper.loop(Looper.java:156)
02-23 10:26:03.204  8018  8018 E AndroidRuntime: 	at android.app.ActivityThread.main(ActivityThread.java:6523)
02-23 10:26:03.204  8018  8018 E AndroidRuntime: 	at java.lang.reflect.Method.invoke(Native Method)
02-23 10:26:03.204  8018  8018 E AndroidRuntime: 	at com.android.internal.os.ZygoteInit$MethodAndArgsCaller.run(ZygoteInit.java:942)
02-23 10:26:03.204  8018  8018 E AndroidRuntime: 	at com.android.internal.os.ZygoteInit.main(ZygoteInit.java:832)
02-23 10:26:03.204  8018  8018 E AndroidRuntime: Caused by: java.lang.NullPointerException: Attempt to invoke interface method 'void com.yeapao.andorid.homepage.circle.CircleContract$View.setPresenter(java.lang.Object)' on a null object reference
02-23 10:26:03.204  8018  8018 E AndroidRuntime: 	at com.yeapao.andorid.homepage.circle.CirclePresenter.<init>(CirclePresenter.java:21)
02-23 10:26:03.204  8018  8018 E AndroidRuntime: 	at com.yeapao.andorid.MainActivity.onCreate(MainActivity.java:256)
02-23 10:26:03.204  8018  8018 E AndroidRuntime: 	at android.app.Activity.performCreate(Activity.java:6915)
02-23 10:26:03.204  8018  8018 E AndroidRuntime: 	at android.app.Instrumentation.callActivityOnCreate(Instrumentation.java:1123)
02-23 10:26:03.204  8018  8018 E AndroidRuntime: 	at cn.jiguang.a.a.d.a.a.d.callActivityOnCreate(Unknown Source)
02-23 10:26:03.204  8018  8018 E AndroidRuntime: 	at android.app.ActivityThread.performLaunchActivity(ActivityThread.java:2746)
02-23 10:26:03.204  8018  8018 E AndroidRuntime: 	... 9 more
02-23 10:26:03.218   595  1168 I logserver: handle_logfile_events, Object Path:/data/system/dropbox/, mask=0x00000080
02-23 10:26:03.218   595  1168 I logserver: process_one_event, event->len=48, name=data_app_crash@1519352763217.txt
02-23 10:26:03.218   595  1168 I logserver: find_first_match: find match, plogs(type=1, pfile=/data/system/dropbox/, match=app_crash)
02-23 10:26:03.218   595  1168 I iMonitor: create: 901001001
02-23 10:26:03.218   595  1168 I logserver: process_event_by_imonitor, pos=0, type=crash, event_id=901001001
02-23 10:26:03.218   595  1168 I logserver: get_acr_info, match:(app_crash), actual_name:(data_app_crash@1519352763217.txt)
02-23 10:26:03.218   595  1168 E logserver: imonitor_add_dynamic_path, path:/data/system/dropbox/data_app_crash@1519352763217.txt
02-23 10:26:03.218   595  1168 I iMonitor: send: 901001001
02-23 10:26:03.218   595  1168 I logserver: imonitor_send_event ret=175
02-23 10:26:03.218   595  1169 I logserver: handle_exception_events enter
02-23 10:26:03.389   447   447 I chatty  : uid=1000(system) /system/bin/surfaceflinger expire 11 lines
02-23 10:26:03.408  1314  1325 I chatty  : uid=1000(system) Binder:1314_2 expire 7 lines
02-23 10:26:03.430  1925  2208 I chatty  : uid=1000(system) sdk thread expire 6 lines
02-23 10:26:03.438  2652  2652 I HwLauncher: Launcher onStart()
02-23 10:26:03.438  2652  2652 I HwLauncher: Launcher  Launcher.onStart() cost 0 ms
02-23 10:26:03.439  2652  2652 I HwLauncher: Launcher onResume()
02-23 10:26:03.439  2652  2788 E HwLauncher: SettingsEx , no such field.
02-23 10:26:03.439  2652  2788 W HwLauncher: Clock getDataFormat the getSystemString failed.
02-23 10:26:03.440  2652  2652 I HwLauncher: Launcher doResumeWork()
02-23 10:26:03.442  2652  2652 I HwLauncher: Launcher  onResume mIsToUninstallApp = false
02-23 10:26:03.442  2652  2652 I HwLauncher: Launcher  Launcher hot start cost 4 ms
02-23 10:26:03.446  2652  2788 I HwLauncher: ClockDynamicUpdater clock update folder at ClockDynamicUpdater
02-23 10:26:03.446  2652  2788 I HwLauncher: DynamicUpdater updateBitmap end and send update message
02-23 10:26:03.461  2652  2908 I OpenGLRenderer: Initialized EGL, version 1.4
02-23 10:26:03.462  2652  2652 I HwLauncher: DynamicUpdater  mDynamicIconList size:1 Intent:Intent { cmp=com.android.deskclock/.AlarmsMainActivity }
02-23 10:26:03.462  2652  2652 I HwLauncher: DynamicUpdater call updateFolder
02-23 10:26:03.470   447  1454 I chatty  : uid=1000(system) Binder:447_3 expire 6 lines
02-23 10:26:03.504  1579  1579 I SendBroadcastPermission: action:com.baidu.input.entry.launcer, mPermissionType:0
02-23 10:26:03.590  1314  1323 I chatty  : uid=1000(system) HeapTaskDaemon expire 3 lines
02-23 10:26:03.661  2652  2652 I HwLauncher: Launcher onBackPressed zoomEnable=false
02-23 10:26:03.661  2652  2652 I HwLauncher:  FPSMonitor snapToPage whichPage = 7 delta = 0 duration = 300
02-23 10:26:03.662  2652  2652 I HwLauncher: DropSearchView  hide() Already hidden.
02-23 10:26:03.662  2652  2652 I HwLauncher: Launcher onBackPressed end
02-23 10:26:03.839  2652  2652 I HwLauncher: Launcher onBackPressed zoomEnable=false
02-23 10:26:03.839  2652  2652 I HwLauncher: DropSearchView  hide() Already hidden.
02-23 10:26:03.839  2652  2652 I HwLauncher: Launcher onBackPressed end
02-23 10:26:03.983  2652  2652 I HwLauncher:  FPSMonitor endScroll
02-23 10:26:04.049  2652  2652 I HwLauncher: Launcher.Utilities  unread scaledHeight = 57;sBigIconSize = 180
02-23 10:26:04.069  2652  2908 W OpenGLRenderer: Incorrectly called buildLayer on View: ShortcutAndWidgetContainer, destroying layer...
02-23 10:26:04.069  2652  2908 W OpenGLRenderer: Incorrectly called buildLayer on View: ShortcutAndWidgetContainer, destroying layer...
02-23 10:26:04.070  2652  2652 I HwLauncher: Launcher onBackPressed zoomEnable=false
02-23 10:26:04.070  2652  2652 I HwLauncher:  FPSMonitor snapToPage whichPage = 7 delta = 0 duration = 300
02-23 10:26:04.071  2652  2652 I HwLauncher: DropSearchView  hide() Already hidden.
02-23 10:26:04.071  2652  2652 I HwLauncher: Launcher onBackPressed end
02-23 10:26:04.195  2652  2652 I HwLauncher: Launcher onBackPressed zoomEnable=false
02-23 10:26:04.195  2652  2652 I HwLauncher: DropSearchView  hide() Already hidden.
02-23 10:26:04.195  2652  2652 I HwLauncher: Launcher onBackPressed end
02-23 10:26:04.396  2652  2652 I HwLauncher:  FPSMonitor endScroll
02-23 10:26:05.764  8224  8224 I         : power log dlsym ok
02-23 10:26:05.769  8224  8224 I art     : Reinit property: dalvik.vm.checkjni= false
02-23 10:26:05.812  8224  8224 W System  : ClassLoader referenced unknown path: /system/priv-app/Mms/lib/arm64
02-23 10:26:05.827  8224  8224 I HwCust  : Constructor found for class com.huawei.mms.util.HwCustHwBackgroundLoaderImpl
02-23 10:26:05.870  8224  8224 E TmoMonitor: Add already observed target for ThreadEx's defualtExecutor TaskStack com.huawei.cspcommon.ex.ThreadEx$SerialExecutor@213d13a
02-23 10:26:05.877  8224  8224 I HwCust  : Constructor found for class com.huawei.mms.util.HwCustHwMessageUtilsImpl
02-23 10:26:05.882  8224  8224 I HwCust  : Constructor found for class com.android.mms.data.HwCustContactImpl
02-23 10:26:05.884  8224  8224 I HwCust  : Constructor found for class com.android.mms.HwCustMmsConfigImpl
02-23 10:26:05.888  8224  8224 W CfgFilePolicy: No config file found for:xml/rcs_defaults.xml
02-23 10:26:05.892  8224  8224 I HwCust  : Constructor found for class com.android.mms.ui.HwCustMessageUtilsImpl
02-23 10:26:05.910  1828  1839 E Contacts: CspPrefProvider Can't get file contentcom.android.contacts_preferences
02-23 10:26:05.911  8224  8243 E CspPrefsUpgrader: No pref files find or state mismatch.0
02-23 10:26:05.911  8224  8243 I MMS_BkLoader:  initCountryArea start
02-23 10:26:05.911  8224  8244 I Mms_threadcache: [RecipientIdCache] fill: begin
02-23 10:26:05.915  8224  8243 I MMS_BkLoader: mCountryDetector.detectCountry()
02-23 10:26:05.918  8224  8243 I MMS_BkLoader:  initCountryArea end
02-23 10:26:05.921  8224  8245 W HwPhoneLayoutInflater: onCreateView : ClassNotFoundException, In this case we want to let the base class take a crack at it
02-23 10:26:05.921  8224  8245 W HwPhoneLayoutInflater: onCreateView : ClassNotFoundException, In this case we want to let the base class take a crack at it
02-23 10:26:05.921  8224  8243 I HwCust  : Constructor found for class com.android.mms.pdu.HwCustPduPersisterImpl
02-23 10:26:05.940  8224  8224 I HwCust  : Constructor found for class com.android.mms.HwCustMMSAppImpl
02-23 10:26:05.947  8224  8224 E OsUtil  : Sms enabled for me
02-23 10:26:05.949  8224  8244 I Mms_threadcache: [RecipientIdCache] fill: finish. Loaded =90
02-23 10:26:05.957  8224  8243 I Mms/SmileyParser: SmileyParser init
02-23 10:26:05.957  8224  8243 I Mms/SmileyParser: initSmileyText start
02-23 10:26:05.958  8224  8243 I Mms/SmileyParser: buildPattern
02-23 10:26:05.958  8224  8243 I Mms/SmileyParser: initPrefs start
02-23 10:26:05.966  8224  8243 I HwCust  : Constructor found for class com.huawei.mms.util.HwCustSmartArchiveSettingUtilsImpl
02-23 10:26:05.971  8224  8243 I HwCust  : Constructor found for class com.huawei.mms.util.HwCustMccMncConfigImpl
02-23 10:26:05.977  8224  8245 W HwCust  : CUST VERSION = true, use class = class com.huawei.mms.util.HwCustSelectRecorder
02-23 10:26:05.978  8224  8245 I HwCust  : Constructor found for class com.huawei.mms.util.HwCustSelectRecorder
02-23 10:26:05.979  8224  8224 I MccMncConfig: received ACTION_SET_GLOBAL_AUTO_PARAM_DONE 
02-23 10:26:05.989  8224  8243 W System.err: java.lang.NoSuchMethodException: toSkeleton [class java.util.Calendar, class java.util.Calendar, int]
02-23 10:26:05.989  8224  8243 W System.err: 	at java.lang.Class.getMethod(Class.java:1981)
02-23 10:26:05.989  8224  8243 W System.err: 	at java.lang.Class.getDeclaredMethod(Class.java:1960)
02-23 10:26:05.989  8224  8243 W System.err: 	at com.huawei.mms.util.HwSpecialUtils$HwDateUtils.init(HwSpecialUtils.java:265)
02-23 10:26:05.989  8224  8243 W System.err: 	at com.huawei.mms.util.HwBackgroundLoader.initAppSettings(HwBackgroundLoader.java:618)
02-23 10:26:05.989  8224  8243 W System.err: 	at com.huawei.mms.util.HwBackgroundLoader.-wrap1(HwBackgroundLoader.java)
02-23 10:26:05.990  8224  8243 W System.err: 	at com.huawei.mms.util.HwBackgroundLoader$4.run(HwBackgroundLoader.java:474)
02-23 10:26:05.990  8224  8243 W System.err: 	at com.huawei.cspcommon.ex.HandlerEx.dispatchMessage(HandlerEx.java:145)
02-23 10:26:05.990  8224  8243 W System.err: 	at android.os.Looper.loop(Looper.java:156)
02-23 10:26:05.990  8224  8243 W System.err: 	at android.os.HandlerThread.run(HandlerThread.java:61)
02-23 10:26:05.991  1952  2143 W PhoneInterfaceManager: shouldBlockLocation running ...
02-23 10:26:05.992  1952  2143 I PhoneInterfaceManager: shouldBlockLocation  ret:false
02-23 10:26:06.031  8224  8243 I SendBroadcastPermission: action:huawei.floatapp.notice.orginapp.launch.mms, mPermissionType:0
02-23 10:26:06.038  8224  8243 I HwCust  : Constructor found for class com.android.mms.transaction.HwCustMessagingNotificationImpl
02-23 10:26:06.058  8224  8224 I HwCust  : Constructor found for class com.android.mms.transaction.HwCustTransactionServiceImpl
02-23 10:26:06.061  8224  8224 I HwCust  : Constructor found for class com.huawei.mms.util.HwCustUpdateUserBehaviorImpl
02-23 10:26:06.062  8224  8224 I Mms_TXM_SVC: onStartCommand send EVENT_NEW_INTENT. service-id 1
02-23 10:26:06.062  8224  8224 W Mms_TXM_SVC: ConnectivityBroadcastReceiver.onReceive() action: android.net.conn.CONNECTIVITY_CHANGE
02-23 10:26:06.075  8224  8255 I HwCust  : Constructor found for class com.huawei.mms.util.HwCustHwSpecialUtilsImpl
02-23 10:26:06.093  8224  8224 I MMS_BkLoader: sim ready, so we read the match num
02-23 10:26:06.111  8257  8257 I         : power log dlsym ok
02-23 10:26:06.112  8224  8243 E HwCustSmsReceiverServiceImpl: handleSmsDeliverAction: onCreate
02-23 10:26:06.115  8257  8257 I art     : Reinit property: dalvik.vm.checkjni= false
02-23 10:26:06.165   447   460 I chatty  : uid=1000(system) Binder:447_1 expire 11 lines
02-23 10:26:06.168  8224  8243 E MmsRadarInfoData: smsc in card:null
02-23 10:26:06.181  8257  8257 E HwCryptoMessageService: CryptoMessageService error:start load libibe
02-23 10:26:06.184  8257  8257 E HwCryptoMessageService: CryptoMessageService error:load libibe succ
02-23 10:26:06.184  8257  8257 E HwCryptoMessageService: CryptoMessageService error:load libibe result true
02-23 10:26:06.369  8224  8278 I System.out: [chmod, 640, /data/data/com.android.mms/app_outdex/parseUtilMain_476.dex]
02-23 10:26:06.369  8224  8278 I System.out: null
02-23 10:26:06.369  8224  8278 I System.out: null
02-23 10:26:06.369  8224  8278 I System.out: Calling by::className:cn.com.xy.sms.sdk.util.XyUtil  MethodName:chmodSyn
02-23 10:26:06.440  8257  8257 I libteec : teec_init open session OK
02-23 10:26:06.440  8257  8257 I libteec : teec_init init OK
02-23 10:26:06.443  8257  8257 E HwCryptoMessageService: MutiCardFactory error:isMtkGeminiSupport() method:FeatureOption.MTK_GEMINI_SUPPORT, exception = java.lang.ClassNotFoundException: com.mediatek.common.featureoption.FeatureOption
02-23 10:26:06.457  8257  8257 E HwCryptoMessageService: ConfigInfo error:getSimIMSI(int subid) method get imsi FAILED that subid = 1
02-23 10:26:06.459  8257  8257 E HwCryptoMessageService: ConfigInfo error:getSimIMSI(int subid) method get imsi FAILED that subid = 1
02-23 10:26:06.460  8257  8257 E HwCryptoMessageService: ConfigInfo error:getSimIMSI(int subid) method get imsi FAILED that subid = 1
02-23 10:26:06.462  8257  8257 E HwCryptoMessageService: ConfigInfo error:getSimIMSI(int subid) method get imsi FAILED that subid = 1
02-23 10:26:06.463  8257  8257 E HwCryptoMessageService: ConfigInfo error:getSimIMSI(int subid) method get imsi FAILED that subid = 1
02-23 10:26:06.463  8257  8257 E HwCryptoMessageService: ConfigInfo error:setSubConfig(int subid, SubConfig sc) method bad parameter for imsi is null
02-23 10:26:06.492  8224  8224 E CryptoMessageManager: bindService success
02-23 10:26:06.501  8257  8257 E HwCryptoMessageService: ConfigInfo error:getSimIMSI(int subid) method get imsi FAILED that subid = 1
02-23 10:26:06.580  1314  5044 I chatty  : uid=1000(system) Binder:1314_1A expire 7 lines
02-23 10:26:06.691  2652  2652 I HwLauncher: FPSMonitor  [Launcher , dispatchTouchEvent begin, false, true] down event  x = 612 y = 1228
02-23 10:26:06.691  2652  2652 I HwLauncher: Launcher workspaceTranslationX = 0.0
02-23 10:26:06.691  2652  2652 I HwLauncher: FPSMonitor  [PagedView , onIntercept] down event  x = 612 y = 1228
02-23 10:26:06.692  2652  2652 I HwLauncher: FPSMonitor  [Launcher , dispatchTouchEvent end, false, true] down event  x = 612 y = 1228
02-23 10:26:06.868  2652  2652 I HwLauncher: FPSMonitor  [Launcher , dispatchTouchEvent begin, false, true] up event  x = 849 y = 675
02-23 10:26:06.868  2652  2652 I HwLauncher: FPSMonitor  [PagedView , onIntercept] up event  x = 849 y = 675
02-23 10:26:06.868  2652  2652 I HwLauncher: FPSMonitor  [Launcher , dispatchTouchEvent end, false, true] up event  x = 849 y = 675
02-23 10:26:07.171  1662  1742 I chatty  : uid=10041(com.huawei.HwMultiScreenShot) SystemUIApplica expire 2 lines
02-23 10:26:07.359  2652  2652 I HwLauncher: FPSMonitor  [Launcher , dispatchTouchEvent begin, false, true] down event  x = 827 y = 1050
02-23 10:26:07.359  2652  2652 I HwLauncher: Launcher workspaceTranslationX = 0.0
02-23 10:26:07.360  2652  2652 I HwLauncher: FPSMonitor  [PagedView , onIntercept] down event  x = 827 y = 1050
02-23 10:26:07.362  2652  2652 I HwLauncher: FPSMonitor  [Launcher , dispatchTouchEvent end, false, true] down event  x = 827 y = 1050
02-23 10:26:07.397  2652  2652 I HwLauncher:  FPSMonitor startScroll xMoved = false  xPaged = true xDiff =  33
02-23 10:26:07.453  2652  2652 I HwLauncher: FPSMonitor  [Launcher , dispatchTouchEvent begin, false, true] up event  x = 1006 y = 1084
02-23 10:26:07.453  2652  2652 I HwLauncher: FPSMonitor  [PagedView , onTouchEvent] up event  x = 1006 y = 1084
02-23 10:26:07.453  2652  2652 I HwLauncher:  FPSMonitor snapToPage whichPage = 6 delta = -842 duration = 640
