02-23 10:26:07.454  2652  2652 I HwLauncher: FPSMonitor  [Launcher , dispatchTouchEvent end, false, true] up event  x = 1006 y = 1084
02-23 10:26:07.493  1662  1678 I chatty  : uid=10041(com.huawei.HwMultiScreenShot) Binder:1662_1 expire 1 line
02-23 10:26:07.493  8224  8224 I NewMessageContentObserver : onChange() : selfChange = false
02-23 10:26:07.776  2652  2652 I HwLauncher:  FPSMonitor endScroll
02-23 10:26:07.827  2652  2652 I HwLauncher: FPSMonitor  [Launcher , dispatchTouchEvent begin, false, true] down event  x = 1025 y = 1051
02-23 10:26:07.827  2652  2652 I HwLauncher: Launcher workspaceTranslationX = 0.0
02-23 10:26:07.828  2652  2652 I HwLauncher: FPSMonitor  [PagedView , onIntercept] down event  x = 1025 y = 1051
02-23 10:26:07.829  2652  2652 I HwLauncher: FPSMonitor  [Launcher , dispatchTouchEvent end, false, true] down event  x = 1025 y = 1051
02-23 10:26:07.859  2652  2652 I HwLauncher:  FPSMonitor startScroll xMoved = true  xPaged = true xDiff =  58
02-23 10:26:07.892  2652  2652 I HwLauncher: FPSMonitor  [Launcher , dispatchTouchEvent begin, false, true] up event  x = 857 y = 1097
02-23 10:26:07.892  1925  2014 I chatty  : uid=1000(system) core expire 15 lines
02-23 10:26:07.893  2652  2652 I HwLauncher: FPSMonitor  [PagedView , onTouchEvent] up event  x = 857 y = 1097
02-23 10:26:07.893  2652  2652 I HwLauncher:  FPSMonitor snapToPage whichPage = 7 delta = 870 duration = 504
02-23 10:26:07.894  2652  2652 I HwLauncher: FPSMonitor  [Launcher , dispatchTouchEvent end, false, true] up event  x = 857 y = 1097
02-23 10:26:07.993  8224  8224 I NewMessageContentObserver :  handle update icon message
02-23 10:26:08.012  8224  8224 W NewMessageContentObserver : newUnreadCount:0,oldUnreadCount:-1
02-23 10:26:08.012  8224  8224 I NewMessageContentObserver :  updateLuancherUnreadCount unreadCount = 0
02-23 10:26:08.017  2652  2664 I HwLauncher: Launcher.LauncherProvider  launcher call - method:change_badge arg: extras:[package=com.android.mms][badgenumber=0][class=com.android.mms.ui.ConversationList] uid =10038 pid =8224
02-23 10:26:08.019  2652  2664 I HwLauncher: ProviderCallUtils callBadge isCloned = false
02-23 10:26:08.030  8224  8224 I NewMessageContentObserver : updateUnreadCountToLuancher end ================
02-23 10:26:08.204  2652  2652 I HwLauncher:  FPSMonitor endScroll
02-23 10:26:08.207  2652  2652 I HwLauncher: FPSMonitor  [Launcher , dispatchTouchEvent begin, false, true] down event  x = 769 y = 1184
02-23 10:26:08.207  2652  2652 I HwLauncher: Launcher workspaceTranslationX = 0.0
02-23 10:26:08.208  2652  2652 I HwLauncher: FPSMonitor  [PagedView , onIntercept] down event  x = 769 y = 1184
02-23 10:26:08.210  2652  2652 I HwLauncher: FPSMonitor  [Launcher , dispatchTouchEvent end, false, true] down event  x = 769 y = 1184
02-23 10:26:08.239  2652  2652 I HwLauncher:  FPSMonitor startScroll xMoved = true  xPaged = true xDiff =  53
02-23 10:26:08.286  2652  2652 I HwLauncher: FPSMonitor  [Launcher , dispatchTouchEvent begin, false, true] up event  x = 994 y = 1078
02-23 10:26:08.286  2652  2652 I HwLauncher: FPSMonitor  [PagedView , onTouchEvent] up event  x = 994 y = 1078
02-23 10:26:08.286  2652  2652 I HwLauncher:  FPSMonitor snapToPage whichPage = 6 delta = -821 duration = 452
02-23 10:26:08.288  2652  2652 I HwLauncher: FPSMonitor  [Launcher , dispatchTouchEvent end, false, true] up event  x = 994 y = 1078
02-23 10:26:08.533  2652  2788 I HwLauncher: Launcher.LauncherProvider  queried count: 1
02-23 10:26:08.534  2652  2788 I HwLauncher: BadgeContentObserver  getBadgeNumber: 0 mComponentName :ComponentInfo{com.android.mms/com.android.mms.ui.ConversationList}
02-23 10:26:08.534  2652  2788 I HwLauncher: BadgeContentObserver newBadgeNumber:0,oldBadgeNumber:0 mComponentName : ComponentInfo{com.android.mms/com.android.mms.ui.ConversationList}
02-23 10:26:08.560  2652  2652 I HwLauncher: FPSMonitor  [Launcher , dispatchTouchEvent begin, false, true] down event  x = 1033 y = 1062
02-23 10:26:08.560  2652  2652 I HwLauncher: Launcher workspaceTranslationX = 0.0
02-23 10:26:08.560  2652  2652 I HwLauncher: FPSMonitor  [PagedView , onIntercept] down event  x = 1033 y = 1062
02-23 10:26:08.561  2652  2652 I HwLauncher: FPSMonitor  [Launcher , dispatchTouchEvent end, false, true] down event  x = 1033 y = 1062
02-23 10:26:08.568  2652  2652 I HwLauncher:  FPSMonitor endScroll
02-23 10:26:08.617  2652  2652 I HwLauncher:  FPSMonitor startScroll xMoved = false  xPaged = true xDiff =  61
02-23 10:26:08.665  2652  2652 I HwLauncher: FPSMonitor  [Launcher , dispatchTouchEvent begin, false, true] up event  x = 880 y = 1217
02-23 10:26:08.665  2652  2652 I HwLauncher: FPSMonitor  [PagedView , onTouchEvent] up event  x = 880 y = 1217
02-23 10:26:08.666  2652  2652 I HwLauncher:  FPSMonitor snapToPage whichPage = 7 delta = 889 duration = 920
02-23 10:26:08.667  2652  2652 I HwLauncher: FPSMonitor  [Launcher , dispatchTouchEvent end, false, true] up event  x = 880 y = 1217
02-23 10:26:08.980  2652  2652 I HwLauncher:  FPSMonitor endScroll
02-23 10:26:09.179  2652  2652 I HwLauncher: FPSMonitor  [Launcher , dispatchTouchEvent begin, false, true] down event  x = 1017 y = 1147
02-23 10:26:09.180  2652  2652 I HwLauncher: Launcher workspaceTranslationX = 0.0
02-23 10:26:09.181  2652  2652 I HwLauncher: FPSMonitor  [PagedView , onIntercept] down event  x = 1017 y = 1147
02-23 10:26:09.187  2652  2652 I HwLauncher: FPSMonitor  [Launcher , dispatchTouchEvent end, false, true] down event  x = 1017 y = 1147
02-23 10:26:09.212  2652  2652 I HwLauncher:  FPSMonitor startScroll xMoved = true  xPaged = false xDiff =  21
02-23 10:26:09.258  2652  2652 I HwLauncher: FPSMonitor  [Launcher , dispatchTouchEvent begin, false, true] up event  x = 902 y = 1150
02-23 10:26:09.258  2652  2652 I HwLauncher: FPSMonitor  [PagedView , onTouchEvent] up event  x = 902 y = 1150
02-23 10:26:09.258  2652  2652 I HwLauncher:  FPSMonitor snapToPage whichPage = 8 delta = 992 duration = 724
02-23 10:26:09.260  2652  2652 I HwLauncher: FPSMonitor  [Launcher , dispatchTouchEvent end, false, true] up event  x = 902 y = 1150
02-23 10:26:09.574  2652  2652 W HwLauncher: Workspace workspace notfiyPageSwitchListener clingContoller is NULL
02-23 10:26:09.575  2652  2652 I HwLauncher:  FPSMonitor endScroll
02-23 10:26:11.008  1952  2244 W PhoneInterfaceManager: shouldBlockLocation running ...
02-23 10:26:11.009  1952  2244 I PhoneInterfaceManager: shouldBlockLocation  ret:false
02-23 10:26:11.061  2652  2652 I HwLauncher: FPSMonitor  [Launcher , dispatchTouchEvent begin, false, true] down event  x = 644 y = 1136
02-23 10:26:11.061  2652  2652 I HwLauncher: Launcher workspaceTranslationX = 0.0
02-23 10:26:11.063  2652  2652 I HwLauncher: FPSMonitor  [PagedView , onIntercept] down event  x = 644 y = 1136
02-23 10:26:11.066  2652  2652 I HwLauncher: FPSMonitor  [Launcher , dispatchTouchEvent end, false, true] down event  x = 644 y = 1136
02-23 10:26:11.469  2652  2652 I HwLauncher: FPSMonitor  [Launcher , dispatchTouchEvent begin, false, true] up event  x = 735 y = 640
02-23 10:26:11.471  2652  2652 I HwLauncher: FPSMonitor  [PagedView , onIntercept] up event  x = 735 y = 640
02-23 10:26:11.471  2652  2652 I HwLauncher: FPSMonitor  [Launcher , dispatchTouchEvent end, false, true] up event  x = 735 y = 640
02-23 10:26:13.030 17167 17167 I UsbReceiver: Usb port changed, start service. data role = 2, port = UsbPort{id=otg_default, supportedModes=dual}, powerSupplyEnabled = true
02-23 10:26:13.414  1662  1662 I chatty  : uid=10041(com.huawei.HwMultiScreenShot) com.android.systemui expire 18 lines
02-23 10:26:13.425  5591  6448 E CloudAlbum[8.0.3.304]: [ReceiverManager] not log on ignore
02-23 10:26:13.429  1925  2186 I chatty  : uid=1000(system) actions handler expire 32 lines
02-23 10:26:13.450  2460  2460 I chatty  : uid=1000(system) com.huawei.imonitor expire 13 lines
02-23 10:26:13.457  2047  2181 E HwSystemManager: ChargeInfo: doRecordsChargeInfo POWER_LEVEL_CONNECTED_USB_SET POWER_CHARGE_TIME =69465509 POWER_LEVEL_LAST_CAPACITY_RM = 2299 chargeType =0
02-23 10:26:13.466  3063  3277 I ctaifs<Android 系统>[Android 系统][android]: [openFile] 打开文件
02-23 10:26:13.469  5877  5981 I chatty  : uid=1101000(com.huawei.android.CotaDecompressService) BgPowerManagerS expire 88 lines
02-23 10:26:13.477  5591  5591 I hisync-findmyphone.BatteryLowReport: BatteryLowBroadcastReceiver action:android.intent.action.ACTION_POWER_CONNECTED;isLastLocReportSwitchOpen:false
02-23 10:26:13.477  5591  5591 I hisync-findmyphone.BatteryLowReport: ACTION_POWER_CONNECTED releaseLowBatteryBec
02-23 10:26:13.478  5591  5591 I hisync-findmyphone.BatteryLowReport: mBatteryChangeBroadcastReceiver is null
02-23 10:26:13.482   595  1169 I logserver: handle_exception_events enter
02-23 10:26:13.483  8040  8040 I HwOUC   : [main-1]PowerConnectedReceiver receive ACTION_POWER_CONNECTED intent(hwouc/PowerConnectedReceiver.java:30)
02-23 10:26:13.488   589  6094 I MediaPlayerService: MediaPlayerService::Client::setDataSource local file://?FileDescriptor=15&Offset=0&Length=25784&Path=/system/media/audio/ui
02-23 10:26:13.499  8040  8040 I HwOUC   : [main-1]WifiAutoDownloadManageService onCreate()(hwouc/WifiAutoDownloadManageService.java:41)
02-23 10:26:13.500   589  8293 W MediaExtractor: creating media extractor in calling process
02-23 10:26:13.501  8040  8040 E HwOUC   : [main-1]checkHwoucBetaApplicationExist NameNotFoundException is com.huawei.android.hwoucbeta(hwouc/HwOucUtility.java:5874)
02-23 10:26:13.501  8040  8040 I HwOUC   : [main-1]isDemoVersion vendor is all ; country is cn; return false(hwouc/HwOucUtility.java:8296)
02-23 10:26:13.502  8040  8040 W Settings: Setting device_provisioned has moved from android.provider.Settings.Secure to android.provider.Settings.Global.
02-23 10:26:13.503  8040  8040 I HwOUC   : [main-1]isStartupGuideFinished startupGuideStatus is 1(hwouc/HwOucUtility.java:5120)
02-23 10:26:13.503  8040  8040 I HwOUC   : [main-1]isStartupGuideFinished true(hwouc/HwOucUtility.java:5128)
02-23 10:26:13.504  8040  8040 I HwOUC   : [main-1]isAutoDownloadAvailable isFeatureSupport is true;isRootedByUser is false(hwouc/HwOucUtility.java:5285)
02-23 10:26:13.504  8040  8040 I HwOUC   : [main-1]isAutoDownloadAvailable return true(hwouc/HwOucUtility.java:5290)
02-23 10:26:13.513  8073  8073 E AppLogApi: handlerNetworkEvent !
02-23 10:26:13.513  8073  8073 E AppLogApi: currentTimeMillis!1519352773513
02-23 10:26:13.513  8073  8073 E AppLogApi: beforeTimeMillis!1519352760616
02-23 10:26:13.513  8073  8073 E AppLogApi: checkTimeOver false
02-23 10:26:13.515   589  8293 I MediaExtractor: extractor created in uid: 1013 (media)
02-23 10:26:13.516  8073  8073 E AppLogApi: CONNECTIVITY_ACTION checkTimeOver or checkPolicyOver false!
02-23 10:26:13.528  8040  8040 I HwOUC   : [main-1]isMeteredWifi is false(hwouc/HwOucUtility.java:3972)
02-23 10:26:13.528   589  8292 W AMessage: failed to post message as target looper for handler 0 is gone.
02-23 10:26:13.541  3063  6998 I ctaifs<Android 系统>[Android 系统][android]: [openFile] 打开文件
02-23 10:26:13.548  5591  6448 E CloudAlbum[8.0.3.304]: [ReceiverManager] not log on ignore
02-23 10:26:13.554 27573  2709 W HwSystemManager: BootBroadcastReceiver:No handler exist for registered action:android.intent.action.ACTION_POWER_CONNECTED
02-23 10:26:13.560   589  6094 I MediaPlayerService: MediaPlayerService::Client::setDataSource local file://?FileDescriptor=15&Offset=0&Length=25784&Path=/system/media/audio/ui
02-23 10:26:13.570   589  8302 W MediaExtractor: creating media extractor in calling process
02-23 10:26:13.582   589  8302 I MediaExtractor: extractor created in uid: 1013 (media)
02-23 10:26:13.596  4521  4521 I iu.Environment: update battery state; isPlugged? true*
02-23 10:26:13.616  4521  4656 I iu.UploadsManager: num queued entries: 0
02-23 10:26:13.619  4521  4656 I iu.UploadsManager: num updated entries: 0
02-23 10:26:13.622  4521  4656 I iu.SyncManager: NEXT; no task
02-23 10:26:13.624  4521  8304 I iu.FingerprintManager: Start processing all media
02-23 10:26:13.640 27573  2587 W HwSystemManager: BootBroadcastReceiver:No handler exist for registered action:android.intent.action.ACTION_POWER_CONNECTED
02-23 10:26:13.666 10762 10834 W ConfigurationChimeraPro: Got null configs for com.google.android.gms.backup
02-23 10:26:13.666 10762 10773 W ConfigurationChimeraPro: Got null configs for com.google.android.gms.constellation
02-23 10:26:13.689  8312  8312 I         : power log dlsym ok
02-23 10:26:13.693  8312  8312 I art     : Reinit property: dalvik.vm.checkjni= false
02-23 10:26:13.704  4521  8304 I iu.FingerprintManager: Start processing media store URI: content://media/external/images/media
02-23 10:26:13.733  8312  8312 I art     : Starting a blocking GC AddRemoveAppImageSpace
02-23 10:26:13.734  8312  8312 W System  : ClassLoader referenced unknown path: /system/priv-app/GoogleServicesFramework/lib/arm64
02-23 10:26:13.735  4521  8304 I iu.FingerprintManager: Start processing media store URI: content://media/external/video/media
02-23 10:26:13.761  8312  8312 W System  : ClassLoader referenced unknown path: 
02-23 10:26:13.762  8312  8312 W System  : ClassLoader referenced unknown path: /system/priv-app/GoogleServicesFramework/lib/arm64
02-23 10:26:13.823  8312  8312 I GservicesProvider: Gservices pushing to system: true; secure/global: true
02-23 10:26:13.830  4521  8304 I iu.FingerprintManager: Start processing media store URI: content://media/phoneStorage/images/media
02-23 10:26:13.834  4521  8304 I iu.FingerprintManager: Start processing media store URI: content://media/phoneStorage/video/media
02-23 10:26:13.876 17167 17167 E UsbSettingsService: usb service onCreate!
02-23 10:26:13.883  8187  8187 I usbreceiver: Intent: Intent { act=android.hardware.usb.action.USB_STATE flg=0x30000010 cmp=com.huawei.vdrive/com.realvnc.mirrorlinktogo.implementation.android.receiver.USBReceiver (has extras) }
02-23 10:26:13.883  8187  8187 I usbreceiver: Recognised extras: connected 
02-23 10:26:13.883  8187  8187 I usbreceiver: Notifying USB event: USB_PLUGGED
02-23 10:26:13.894  1314  2634 I chatty  : uid=1000(system) Binder:1314_14 expire 11 lines
02-23 10:26:13.928  1314  1314 I chatty  : uid=1000 system_server expire 11 lines
02-23 10:26:13.933  3063  3063 I HWSERVICES: hwnative_get_component:libstagefright,Scanner
02-23 10:26:13.934  3063  3063 I StagefrightMediaScannerEx: StagefrightMediaScanner Constructor
02-23 10:26:13.937  3063  3063 I HWSERVICES: hwnative_get_component_mtpServer  comes...
02-23 10:26:13.939  3063  3063 I HwMtpServerExJNI: set MtpServerEx 0x7529232800
02-23 10:26:13.939  3063  3063 I HwMtpServerExJNI: Finish to setup MtpServer
02-23 10:26:13.960 17167 17167 I UsbSettingsService: ACTION_USB_STATE start service!
02-23 10:26:13.981  8187  8187 I usbreceiver: Intent: Intent { act=android.hardware.usb.action.USB_STATE flg=0x30000010 cmp=com.huawei.vdrive/com.realvnc.mirrorlinktogo.implementation.android.receiver.USBReceiver (has extras) }
02-23 10:26:13.981  8187  8187 I usbreceiver: Recognised extras: connected configured 
02-23 10:26:14.027  1662  1662 W HwPhoneLayoutInflater: onCreateView : ClassNotFoundException, In this case we want to let the base class take a crack at it
02-23 10:26:14.028  1662  1662 W HwPhoneLayoutInflater: onCreateView : ClassNotFoundException, In this case we want to let the base class take a crack at it
02-23 10:26:14.034  1662  1662 W HwPhoneLayoutInflater: onCreateView : ClassNotFoundException, In this case we want to let the base class take a crack at it
02-23 10:26:14.035  1662  1662 W HwPhoneLayoutInflater: onCreateView : ClassNotFoundException, In this case we want to let the base class take a crack at it
02-23 10:26:14.035  4521  8304 I iu.FingerprintManager: Finished generating fingerprints; 0.411 seconds
02-23 10:26:14.035  4521  8304 I iu.FingerprintManager:   numSeen=2616 numGenerated=0 numDeleted=0 numFailed=0
02-23 10:26:14.062  1662  1662 W HwKeyguardDragHelper: AnimationBlocked
02-23 10:26:14.703  1662  1662 W HwKeyguardDragHelper: AnimationBlocked
02-23 10:26:14.895  1662  1662 W ChargingAnimController: Add charging view is skiped as occluded or not showing.
02-23 10:26:14.943 17167 17167 I         : getMacAddress: btMacAddr = A471740220C7
02-23 10:26:14.992 17167 17167 W VRSystemServiceManager: vr service is not alive
02-23 10:26:14.992 17167 17167 W VRSystemServiceManager: vr service is not alive
02-23 10:26:14.995 17167 17167 I HwPointEventFilter: support AFT
02-23 10:26:15.532  8040  8040 I HwOUC   : [main-1]WifiAutoDownloadManageService ServiceHandler(hwouc/WifiAutoDownloadManageService.java:233)
02-23 10:26:15.532  8040  8040 I HwOUC   : [main-1]WifiAutoDownloadManageService ServiceHandler stop service(hwouc/WifiAutoDownloadManageService.java:236)
02-23 10:26:15.534  8040  8040 I HwOUC   : [main-1]WifiAutoDownloadManageService, onDestroy(hwouc/WifiAutoDownloadManageService.java:151)
02-23 10:26:16.038  1952  2080 W PhoneInterfaceManager: shouldBlockLocation running ...
02-23 10:26:16.040  1952  2080 I PhoneInterfaceManager: shouldBlockLocation  ret:false
02-23 10:26:16.514  8257  8257 E HwCryptoMessageService: ConfigInfo error:getSimIMSI(int subid) method get imsi FAILED that subid = 1
02-23 10:26:19.193  1662  1742 I HwMobileSignalController: subId:0 phoneType:2 networktype:13 targetClass:3 masterLevel:5 slaveLevel:5
02-23 10:26:19.475 17167 17167 I SendBroadcastPermission: action:com.android.settings.usb.UPDATE_CHOOSERS, mPermissionType:0
02-23 10:26:19.537  3063  8334 I HwMtpServerExJNI: cleanup MtpServerEx
02-23 10:26:19.537  3063  8334 I StagefrightMediaScannerEx: StagefrightMediaScanner destructor
02-23 10:26:19.895  1662  1662 W ChargingAnimController: Remove charging skip as not exist
02-23 10:26:20.222  1662  1662 W HwKeyguardDragHelper: AnimationBlocked
02-23 10:26:20.274 17167 17167 I UsbSettingsService: ACTION_USB_STATE start service!
02-23 10:26:20.288 17167 17167 I UsbSettingsService: ACTION_USB_STATE start service!
02-23 10:26:20.290  1662  1662 W HwPhoneLayoutInflater: onCreateView : ClassNotFoundException, In this case we want to let the base class take a crack at it
02-23 10:26:20.291  1662  1662 W HwPhoneLayoutInflater: onCreateView : ClassNotFoundException, In this case we want to let the base class take a crack at it
02-23 10:26:20.302  1662  1662 W HwPhoneLayoutInflater: onCreateView : ClassNotFoundException, In this case we want to let the base class take a crack at it
02-23 10:26:20.303  1662  1662 W HwPhoneLayoutInflater: onCreateView : ClassNotFoundException, In this case we want to let the base class take a crack at it
02-23 10:26:20.304  8187  8187 I usbreceiver: Intent: Intent { act=android.hardware.usb.action.USB_STATE flg=0x30000010 cmp=com.huawei.vdrive/com.realvnc.mirrorlinktogo.implementation.android.receiver.USBReceiver (has extras) }
02-23 10:26:20.304  8187  8187 I usbreceiver: Recognised extras: connected adb 
02-23 10:26:20.323  1662  1662 W HwPhoneLayoutInflater: onCreateView : ClassNotFoundException, In this case we want to let the base class take a crack at it
02-23 10:26:20.324  1662  1662 W HwPhoneLayoutInflater: onCreateView : ClassNotFoundException, In this case we want to let the base class take a crack at it
02-23 10:26:20.333  1662  1662 W HwPhoneLayoutInflater: onCreateView : ClassNotFoundException, In this case we want to let the base class take a crack at it
02-23 10:26:20.333  1662  1662 W HwPhoneLayoutInflater: onCreateView : ClassNotFoundException, In this case we want to let the base class take a crack at it
02-23 10:26:20.341  3063  3063 I HWSERVICES: hwnative_get_component:libstagefright,Scanner
02-23 10:26:20.342  3063  3063 I StagefrightMediaScannerEx: StagefrightMediaScanner Constructor
02-23 10:26:20.344  3063  3063 I HWSERVICES: hwnative_get_component_mtpServer  comes...
02-23 10:26:20.345  3063  3063 I HwMtpServerExJNI: set MtpServerEx 0x7529232980
02-23 10:26:20.345  3063  3063 I HwMtpServerExJNI: Finish to setup MtpServer
02-23 10:26:20.348  8187  8187 I usbreceiver: Intent: Intent { act=android.hardware.usb.action.USB_STATE flg=0x30000010 cmp=com.huawei.vdrive/com.realvnc.mirrorlinktogo.implementation.android.receiver.USBReceiver (has extras) }
02-23 10:26:20.349  8187  8187 I usbreceiver: Recognised extras: connected configured adb 
02-23 10:26:20.352  1314  2264 I chatty  : uid=1000(system) Binder:1314_A expire 6 lines
02-23 10:26:20.354  3063  3063 E HwMtpServerExJNI: void android_mtp_MtpServerEx_add_storage(JNIEnv *, jobject, jobject), line 149: descriptionStr = 内部存储
02-23 10:26:20.354  3063  3063 I HWSERVICES: hwnative_get_component_mtpStorage  comes...
02-23 10:26:20.367  1662  1662 W HwKeyguardDragHelper: AnimationBlocked
02-23 10:26:20.789  2652  2652 I HwLauncher: FPSMonitor  [Launcher , dispatchTouchEvent begin, false, true] down event  x = 649 y = 1174
02-23 10:26:20.789  2652  2652 I HwLauncher: Launcher workspaceTranslationX = 0.0
02-23 10:26:20.789  2652  2652 I HwLauncher: FPSMonitor  [PagedView , onIntercept] down event  x = 649 y = 1174
02-23 10:26:20.790  2652  2652 I HwLauncher: FPSMonitor  [Launcher , dispatchTouchEvent end, false, true] down event  x = 649 y = 1174
02-23 10:26:20.820  2652  2652 I HwLauncher:  FPSMonitor startScroll xMoved = true  xPaged = true xDiff =  49
02-23 10:26:20.867  2652  2652 I HwLauncher: FPSMonitor  [Launcher , dispatchTouchEvent begin, false, true] up event  x = 890 y = 1086
02-23 10:26:20.867  2652  2652 I HwLauncher: FPSMonitor  [PagedView , onTouchEvent] up event  x = 890 y = 1086
02-23 10:26:20.867  2652  2652 I HwLauncher:  FPSMonitor snapToPage whichPage = 7 delta = -812 duration = 396
02-23 10:26:20.868  2652  2652 W HwLauncher: Workspace workspace notfiyPageSwitchListener clingContoller is NULL
02-23 10:26:20.869  2652  2652 I HwLauncher: FPSMonitor  [Launcher , dispatchTouchEvent end, false, true] up event  x = 890 y = 1086
02-23 10:26:21.036  1662  1662 W HwKeyguardDragHelper: AnimationBlocked
02-23 10:26:21.065  1952  2143 W PhoneInterfaceManager: shouldBlockLocation running ...
02-23 10:26:21.066  1952  2143 I PhoneInterfaceManager: shouldBlockLocation  ret:false
02-23 10:26:21.169  2652  2652 I HwLauncher: FPSMonitor  [Launcher , dispatchTouchEvent begin, false, true] down event  x = 922 y = 1062
02-23 10:26:21.169  2652  2652 I HwLauncher: Launcher workspaceTranslationX = 0.0
02-23 10:26:21.169  2652  2652 I HwLauncher: FPSMonitor  [PagedView , onIntercept] down event  x = 922 y = 1062
02-23 10:26:21.170  2652  2652 I HwLauncher: FPSMonitor  [Launcher , dispatchTouchEvent end, false, true] down event  x = 922 y = 1062
02-23 10:26:21.183  2652  2652 I HwLauncher:  FPSMonitor endScroll
02-23 10:26:21.216  2652  2652 I HwLauncher:  FPSMonitor startScroll xMoved = true  xPaged = true xDiff =  50
02-23 10:26:21.245  2652  2652 I HwLauncher: FPSMonitor  [Launcher , dispatchTouchEvent begin, false, true] up event  x = 762 y = 1077
02-23 10:26:21.246  2652  2652 I HwLauncher: FPSMonitor  [PagedView , onTouchEvent] up event  x = 762 y = 1077
02-23 10:26:21.246  2652  2652 I HwLauncher:  FPSMonitor snapToPage whichPage = 8 delta = 913 duration = 492
02-23 10:26:21.247  2652  2652 I HwLauncher: FPSMonitor  [Launcher , dispatchTouchEvent end, false, true] up event  x = 762 y = 1077
02-23 10:26:21.371  1925  2014 I chatty  : uid=1000(system) core expire 12 lines
02-23 10:26:21.561  2652  2652 W HwLauncher: Workspace workspace notfiyPageSwitchListener clingContoller is NULL
02-23 10:26:21.562  2652  2652 I HwLauncher:  FPSMonitor endScroll
02-23 10:26:21.892  1314  5043 I chatty  : uid=1000(system) Binder:1314_19 expire 10 lines
02-23 10:26:21.900  1662  1742 I HwMobileSignalController: subId:0 phoneType:2 networktype:13 targetClass:3 masterLevel:5 slaveLevel:5
02-23 10:26:25.758   579   579 I chatty  : uid=1000(system) /vendor/bin/thermal-daemon expire 10 lines
02-23 10:26:26.081  1952  1966 W PhoneInterfaceManager: shouldBlockLocation running ...
02-23 10:26:26.082  1952  1966 I PhoneInterfaceManager: shouldBlockLocation  ret:false
02-23 10:26:27.898  1314  8238 I chatty  : uid=1000(system) Binder:1314_1F expire 5 lines
02-23 10:26:27.915  1662  1742 I HwMobileSignalController: subId:0 phoneType:2 networktype:13 targetClass:3 masterLevel:5 slaveLevel:5
02-23 10:26:31.115  1952  2080 W PhoneInterfaceManager: shouldBlockLocation running ...
02-23 10:26:31.116  1952  2080 I PhoneInterfaceManager: shouldBlockLocation  ret:false
02-23 10:26:33.893  1314  1314 I chatty  : uid=1000 system_server expire 12 lines
02-23 10:26:33.898  1662  1742 I HwMobileSignalController: subId:0 phoneType:2 networktype:13 targetClass:3 masterLevel:5 slaveLevel:5
02-23 10:26:36.036  1939  1939 W HwStepCounter: version : 1
02-23 10:26:36.036  1939  1939 I HwStepCounter: dealReportData length 19
02-23 10:26:36.036  1939  1939 W HwStepCounter: abi 25 total 4869 total floor 0 totalCar 1024 total dis 2048
02-23 10:26:36.036  1939  1939 W HwStepCounter: stepPace 4096 stepLength 8192 speed 16384 touchdown_ratio 32768 reserved1 0 reserved2 0
02-23 10:26:36.039  1939  1939 E HwStepCounter: dealReportData tm: 2018-02-23 10:26:36 steps_value[0] : 0 state_value[0]:5 level_value[0]:0
02-23 10:26:36.039  4859  5258 I Step_LSC: 80001313|onStandStepChanged 4869
02-23 10:26:36.039  1939  1939 I HwStepCounter: ###### finish ####
02-23 10:26:36.040  1939  1939 I HwStepCounter: isBeginOfToday: 23 -> 23
02-23 10:26:36.040  1939  1939 I HwStepCounter: isBeginOfToday: false
02-23 10:26:36.040  1939  1939 I HwStepCounter: dealReportData: diff = 0
02-23 10:26:36.053  1939  2959 I StepCounterRemoteProxy: Report client count 1
02-23 10:26:36.054  4859  4870 I Step_LSC: 80001313|onExtend:1519352796000 0 0 5
02-23 10:26:36.142  1952  1967 W PhoneInterfaceManager: shouldBlockLocation running ...
02-23 10:26:36.142  1952  1967 I PhoneInterfaceManager: shouldBlockLocation  ret:false
02-23 10:26:36.343  4859  5258 I Step_SPUtils: 80001313| getTodayTotalDetailSteps = 1519315200000##1736##38797##0##0##69129393
02-23 10:26:36.345  4859  5258 I Step_SPUtils: 80001313|setTodayTotalDetailSteps=1519315200000##1736##38797##0##0##69488397 timeZero=1519315200000
02-23 10:26:36.361  4859  5258 I Step_ExtSDM: 80001313|calculateCaloriesWithCache totalCalories=34132
02-23 10:26:36.369  4859  5258 I Step_ExtSDM: 80001313|calculateAltitudeWithCache totalAltitude=0
02-23 10:26:37.133  1662  1742 I HwMobileSignalController: subId:0 phoneType:2 networktype:13 targetClass:3 masterLevel:5 slaveLevel:5
02-23 10:26:37.897  1662  1742 I HwMobileSignalController: subId:0 phoneType:2 networktype:13 targetClass:3 masterLevel:5 slaveLevel:5
02-23 10:26:39.612   595  1169 I logserver: handle_exception_events enter
02-23 10:26:41.159  1952  2142 W PhoneInterfaceManager: shouldBlockLocation running ...
02-23 10:26:41.160  1952  2142 I PhoneInterfaceManager: shouldBlockLocation  ret:false
02-23 10:26:41.203  1662  1742 I HwMobileSignalController: subId:0 phoneType:2 networktype:13 targetClass:3 masterLevel:5 slaveLevel:5
02-23 10:26:41.603  1662  1742 I HwMobileSignalController: subId:0 phoneType:2 networktype:13 targetClass:3 masterLevel:5 slaveLevel:5
02-23 10:26:43.710  1662  1662 W KeyguardUpdateMonitor: ACTION_BATTERY_CHANGED AMP: 0; Volt: 0
02-23 10:26:43.727  5591  6448 E CloudAlbum[8.0.3.304]: [ReceiverManager] not log on ignore
02-23 10:26:43.745  1662  1662 W KeyguardUpdateMonitor: ChargingSpeed  Wattage: -1 ST: 5000000 --> 7500000
02-23 10:26:43.745  1662  1662 I KgBattery: BatteryInfo updated:  5lPC-1
02-23 10:26:43.745  1662  1662 W AppHandler: sendMessage with obj100
02-23 10:26:43.761  1662  1662 W HwLockScreenPanel: Handle message: 100
02-23 10:26:43.761  1662  1662 W HwLockScreenPanel: refreshBatteryInfo: null
02-23 10:26:46.212  1952  2123 W PhoneInterfaceManager: shouldBlockLocation running ...
02-23 10:26:46.214  1952  2123 I PhoneInterfaceManager: shouldBlockLocation  ret:false
02-23 10:26:47.584  1314  1314 I chatty  : uid=1000 system_server expire 10 lines
02-23 10:26:47.606  1662  1742 I HwMobileSignalController: subId:0 phoneType:2 networktype:13 targetClass:3 masterLevel:5 slaveLevel:5
02-23 10:26:51.246  1952  1966 W PhoneInterfaceManager: shouldBlockLocation running ...
02-23 10:26:51.248  1952  1966 I PhoneInterfaceManager: shouldBlockLocation  ret:false
02-23 10:26:55.052  1662  1742 I HwMobileSignalController: subId:0 phoneType:2 networktype:13 targetClass:3 masterLevel:5 slaveLevel:5
02-23 10:26:55.741  1662  1742 I HwMobileSignalController: subId:0 phoneType:2 networktype:13 targetClass:3 masterLevel:5 slaveLevel:5
02-23 10:26:56.280  1952  1966 W PhoneInterfaceManager: shouldBlockLocation running ...
02-23 10:26:56.281  1952  1966 I PhoneInterfaceManager: shouldBlockLocation  ret:false
02-23 10:26:58.354  1314  4120 I chatty  : uid=1000(system) MobileQosDetect expire 12 lines
02-23 10:27:00.032  1662  1662 W HwKeyguardDragHelper: AnimationBlocked
02-23 10:27:00.041  1662  1662 I EventCenter: EventCenter Get :android.intent.action.TIME_TICK
02-23 10:27:00.055  1662  1662 W HwKeyguardDragHelper: AnimationBlocked
02-23 10:27:00.060  1662  1662 W ResourceType: Failure getting entry for 0xffffffff (t=254 e=65535) (error -2147483647)
02-23 10:27:00.061  1662  1662 E DateLunarView: mDateString is: 2月23日星期五
02-23 10:27:00.067  1662  1662 W ResourceType: Failure getting entry for 0xffffffff (t=254 e=65535) (error -2147483647)
02-23 10:27:00.068  1662  1662 E DateLunarView: mDateString is: 2月23日星期五
02-23 10:27:00.075  2652  2652 I HwLauncher: Model  onReceive intent=Intent { act=android.intent.action.TIME_TICK flg=0x50000014 (has extras) }
02-23 10:27:00.075  2652  2652 I HwLauncher: Model  onReceive user=UserHandle{0}
02-23 10:27:00.086  2652  2652 I HwLauncher: ClockDynamicUpdater date changed begin
02-23 10:27:00.086  2652  2652 I HwLauncher: ClockDynamicUpdater date changed end
02-23 10:27:00.087  2652  2788 E HwLauncher: SettingsEx , no such field.
02-23 10:27:00.087  2652  2788 W HwLauncher: Clock getDataFormat the getSystemString failed.
02-23 10:27:00.089  2652  2788 I HwLauncher: ClockDynamicUpdater clock update folder at ClockDynamicUpdater
02-23 10:27:00.089  2652  2788 I HwLauncher: DynamicUpdater updateBitmap end and send update message
02-23 10:27:00.090  2652  2652 I HwLauncher: DynamicUpdater  mDynamicIconList size:1 Intent:Intent { cmp=com.android.deskclock/.AlarmsMainActivity }
02-23 10:27:00.090  2652  2652 I HwLauncher: DynamicUpdater call updateFolder
02-23 10:27:00.098  2652  2652 I HwLauncher: CalenderDynamicUpdater date changed begin
02-23 10:27:00.098  2652  2652 I HwLauncher: CalenderDynamicUpdater date changed end
02-23 10:27:00.104  2981  2981 I Calendar: CalendarWidgetService info:LanguageChangeReceiver:android.intent.action.TIME_TICK
02-23 10:27:00.111  4859  5258 I Step_LSC: 80001313|processHandleBroadcastAction action:android.intent.action.TIME_TICK
02-23 10:27:00.132  1662  1662 W HwKeyguardDragHelper: AnimationBlocked
02-23 10:27:00.141  4859  5258 W Step_MemoryPolicy: 80001313|pssSizeMB larger than 20M,warning...,pssSizeMB:24
02-23 10:27:00.790  8104  8136 I AppLogManager: PrintWoker poll timeout , shutdown
02-23 10:27:01.312  1952  2143 W PhoneInterfaceManager: shouldBlockLocation running ...
02-23 10:27:01.313  1952  2143 I PhoneInterfaceManager: shouldBlockLocation  ret:false
02-23 10:27:01.723  1314  1314 I chatty  : uid=1000 system_server expire 10 lines
02-23 10:27:01.742  1662  1742 I HwMobileSignalController: subId:0 phoneType:2 networktype:13 targetClass:3 masterLevel:5 slaveLevel:5
02-23 10:27:06.346  1952  1967 W PhoneInterfaceManager: shouldBlockLocation running ...
02-23 10:27:06.348  1952  1967 I PhoneInterfaceManager: shouldBlockLocation  ret:false
02-23 10:27:07.750  1662  1742 I HwMobileSignalController: subId:0 phoneType:2 networktype:13 targetClass:3 masterLevel:5 slaveLevel:5
02-23 10:27:08.368  1314  1544 I chatty  : uid=1000(system) Thread-11 expire 10 lines
02-23 10:27:10.803   579   579 I chatty  : uid=1000(system) /vendor/bin/thermal-daemon expire 10 lines
02-23 10:27:11.378  1952  1966 W PhoneInterfaceManager: shouldBlockLocation running ...
02-23 10:27:11.379  1952  1966 I PhoneInterfaceManager: shouldBlockLocation  ret:false
02-23 10:27:13.422  1662  1662 W KeyguardUpdateMonitor: ACTION_BATTERY_CHANGED AMP: 0; Volt: 0
02-23 10:27:13.433  1662  1662 W KeyguardUpdateMonitor: ChargingSpeed  Wattage: -1 ST: 5000000 --> 7500000
02-23 10:27:13.433  1662  1662 I KgBattery: BatteryInfo updated:  5lPC-1
02-23 10:27:13.433  1662  1662 W AppHandler: sendMessage with obj100
02-23 10:27:13.450  5591  6448 E CloudAlbum[8.0.3.304]: [ReceiverManager] not log on ignore
02-23 10:27:13.466  1662  1662 W HwLockScreenPanel: Handle message: 100
02-23 10:27:13.466  1662  1662 W HwLockScreenPanel: refreshBatteryInfo: null
02-23 10:27:13.523  8073  8094 I AppLogManager: PrintWoker poll timeout , shutdown
02-23 10:27:13.748  1662  1742 I HwMobileSignalController: subId:0 phoneType:2 networktype:13 targetClass:3 masterLevel:5 slaveLevel:5
02-23 10:27:14.444  1662  1742 I HwMobileSignalController: subId:0 phoneType:2 networktype:13 targetClass:3 masterLevel:5 slaveLevel:5
02-23 10:27:14.521  1314  1314 I chatty  : uid=1000 system_server expire 10 lines
02-23 10:27:14.537  1662  1742 I HwMobileSignalController: subId:0 phoneType:2 networktype:13 targetClass:3 masterLevel:5 slaveLevel:5
02-23 10:27:16.412  1952  2080 W PhoneInterfaceManager: shouldBlockLocation running ...
02-23 10:27:16.413  1952  2080 I PhoneInterfaceManager: shouldBlockLocation  ret:false
02-23 10:27:21.443  1952  1966 W PhoneInterfaceManager: shouldBlockLocation running ...
02-23 10:27:21.445  1952  1966 I PhoneInterfaceManager: shouldBlockLocation  ret:false
02-23 10:27:21.739  1662  1742 I HwMobileSignalController: subId:0 phoneType:2 networktype:13 targetClass:3 masterLevel:5 slaveLevel:5
02-23 10:27:21.938  1662  1742 I HwMobileSignalController: subId:0 phoneType:2 networktype:13 targetClass:3 masterLevel:5 slaveLevel:5
02-23 10:27:26.476  1952  2143 W PhoneInterfaceManager: shouldBlockLocation running ...
02-23 10:27:26.478  1952  2143 I PhoneInterfaceManager: shouldBlockLocation  ret:false
02-23 10:27:26.481  1314  1334 I chatty  : uid=1000(system) android.fg expire 10 lines
02-23 10:27:27.944  1662  1742 I HwMobileSignalController: subId:0 phoneType:2 networktype:13 targetClass:3 masterLevel:5 slaveLevel:5
02-23 10:27:28.391  1314  1314 I chatty  : uid=1000 system_server expire 10 lines
02-23 10:27:31.510  1952  2142 W PhoneInterfaceManager: shouldBlockLocation running ...
02-23 10:27:31.512  1952  2142 I PhoneInterfaceManager: shouldBlockLocation  ret:false
02-23 10:27:33.442  1662  1742 I HwMobileSignalController: subId:0 phoneType:2 networktype:13 targetClass:3 masterLevel:5 slaveLevel:5
02-23 10:27:36.544  1952  1966 W PhoneInterfaceManager: shouldBlockLocation running ...
02-23 10:27:36.545  1952  1966 I PhoneInterfaceManager: shouldBlockLocation  ret:false
02-23 10:27:38.402  1314  4120 I chatty  : uid=1000(system) MobileQosDetect expire 21 lines
02-23 10:27:41.578  1952  2143 W PhoneInterfaceManager: shouldBlockLocation running ...
02-23 10:27:41.579  1952  2143 I PhoneInterfaceManager: shouldBlockLocation  ret:false
02-23 10:27:44.028  1662  1662 W KeyguardUpdateMonitor: ACTION_BATTERY_CHANGED AMP: 0; Volt: 0
02-23 10:27:44.042  1662  1662 W KeyguardUpdateMonitor: ChargingSpeed  Wattage: -1 ST: 5000000 --> 7500000
02-23 10:27:44.042  1662  1662 I KgBattery: BatteryInfo updated:  5lPC-1
02-23 10:27:44.042  1662  1662 W AppHandler: sendMessage with obj100
02-23 10:27:44.051  5591  6448 E CloudAlbum[8.0.3.304]: [ReceiverManager] not log on ignore
02-23 10:27:44.065  1662  1662 W HwLockScreenPanel: Handle message: 100
02-23 10:27:44.066  1662  1662 W HwLockScreenPanel: refreshBatteryInfo: null
02-23 10:27:46.611  1952  1966 W PhoneInterfaceManager: shouldBlockLocation running ...
02-23 10:27:46.612  1952  1966 I PhoneInterfaceManager: shouldBlockLocation  ret:false
02-23 10:27:51.644  1952  2143 W PhoneInterfaceManager: shouldBlockLocation running ...
02-23 10:27:51.645  1952  2143 I PhoneInterfaceManager: shouldBlockLocation  ret:false
02-23 10:27:56.675  1952  2123 W PhoneInterfaceManager: shouldBlockLocation running ...
02-23 10:27:56.676  1952  2123 I PhoneInterfaceManager: shouldBlockLocation  ret:false
02-23 10:27:58.427  1314  1544 I chatty  : uid=1000(system) Thread-11 expire 12 lines
02-23 10:28:00.049  1662  1662 W HwKeyguardDragHelper: AnimationBlocked
02-23 10:28:00.070  1662  1662 I EventCenter: EventCenter Get :android.intent.action.TIME_TICK
02-23 10:28:00.074  1662  1662 W HwKeyguardDragHelper: AnimationBlocked
02-23 10:28:00.079  1662  1662 W ResourceType: Failure getting entry for 0xffffffff (t=254 e=65535) (error -2147483647)
02-23 10:28:00.080  1662  1662 E DateLunarView: mDateString is: 2月23日星期五
02-23 10:28:00.084  1662  1662 W ResourceType: Failure getting entry for 0xffffffff (t=254 e=65535) (error -2147483647)
02-23 10:28:00.085  1662  1662 E DateLunarView: mDateString is: 2月23日星期五
02-23 10:28:00.095  2652  2652 I HwLauncher: Model  onReceive intent=Intent { act=android.intent.action.TIME_TICK flg=0x50000014 (has extras) }
02-23 10:28:00.095  2652  2652 I HwLauncher: Model  onReceive user=UserHandle{0}
02-23 10:28:00.109  2652  2652 I HwLauncher: ClockDynamicUpdater date changed begin
02-23 10:28:00.110  2652  2652 I HwLauncher: ClockDynamicUpdater date changed end
02-23 10:28:00.110  2652  2788 E HwLauncher: SettingsEx , no such field.
02-23 10:28:00.110  2652  2788 W HwLauncher: Clock getDataFormat the getSystemString failed.
02-23 10:28:00.112  2652  2788 I HwLauncher: ClockDynamicUpdater clock update folder at ClockDynamicUpdater
02-23 10:28:00.112  2652  2788 I HwLauncher: DynamicUpdater updateBitmap end and send update message
02-23 10:28:00.113  2652  2652 I HwLauncher: DynamicUpdater  mDynamicIconList size:1 Intent:Intent { cmp=com.android.deskclock/.AlarmsMainActivity }
02-23 10:28:00.113  2652  2652 I HwLauncher: DynamicUpdater call updateFolder
02-23 10:28:00.119  2652  2652 I HwLauncher: CalenderDynamicUpdater date changed begin
02-23 10:28:00.119  2652  2652 I HwLauncher: CalenderDynamicUpdater date changed end
02-23 10:28:00.125  2981  2981 I Calendar: CalendarWidgetService info:LanguageChangeReceiver:android.intent.action.TIME_TICK
02-23 10:28:00.132  4859  5258 I Step_LSC: 80001313|processHandleBroadcastAction action:android.intent.action.TIME_TICK
02-23 10:28:00.155  1662  1662 W HwKeyguardDragHelper: AnimationBlocked
02-23 10:28:00.164  4859  5258 W Step_MemoryPolicy: 80001313|pssSizeMB larger than 20M,warning...,pssSizeMB:24
02-23 10:28:01.708  1952  2087 W PhoneInterfaceManager: shouldBlockLocation running ...
02-23 10:28:01.709  1952  2087 I PhoneInterfaceManager: shouldBlockLocation  ret:false
02-23 10:28:06.742  1952  2143 W PhoneInterfaceManager: shouldBlockLocation running ...
02-23 10:28:06.744  1952  2143 I PhoneInterfaceManager: shouldBlockLocation  ret:false
02-23 10:28:08.437  1314  1314 I chatty  : uid=1000 system_server expire 15 lines
02-23 10:28:10.581  1662  1742 I HwMobileSignalController: subId:0 phoneType:2 networktype:13 targetClass:3 masterLevel:5 slaveLevel:5
02-23 10:28:11.775  1952  2142 W PhoneInterfaceManager: shouldBlockLocation running ...
02-23 10:28:11.777  1952  2142 I PhoneInterfaceManager: shouldBlockLocation  ret:false
02-23 10:28:13.423  1662  1662 W KeyguardUpdateMonitor: ACTION_BATTERY_CHANGED AMP: 0; Volt: 0
02-23 10:28:13.449  5591  6448 E CloudAlbum[8.0.3.304]: [ReceiverManager] not log on ignore
02-23 10:28:13.463  1662  1662 W KeyguardUpdateMonitor: ChargingSpeed  Wattage: -1 ST: 5000000 --> 7500000
02-23 10:28:13.463  1662  1662 I KgBattery: BatteryInfo updated:  5lPC-1
02-23 10:28:13.463  1662  1662 W AppHandler: sendMessage with obj100
02-23 10:28:13.480  1662  1662 W HwLockScreenPanel: Handle message: 100
02-23 10:28:13.480  1662  1662 W HwLockScreenPanel: refreshBatteryInfo: null
02-23 10:28:16.582  1662  1742 I HwMobileSignalController: subId:0 phoneType:2 networktype:13 targetClass:3 masterLevel:5 slaveLevel:5
02-23 10:28:16.811  1952  2087 W PhoneInterfaceManager: shouldBlockLocation running ...
02-23 10:28:16.812  1952  2087 I PhoneInterfaceManager: shouldBlockLocation  ret:false
02-23 10:28:21.844  1952  1967 W PhoneInterfaceManager: shouldBlockLocation running ...
02-23 10:28:21.845  1952  1967 I PhoneInterfaceManager: shouldBlockLocation  ret:false
02-23 10:28:22.583  1662  1742 I HwMobileSignalController: subId:0 phoneType:2 networktype:13 targetClass:3 masterLevel:5 slaveLevel:5
02-23 10:28:26.876  1952  2087 W PhoneInterfaceManager: shouldBlockLocation running ...
02-23 10:28:26.877  1952  2087 I PhoneInterfaceManager: shouldBlockLocation  ret:false
02-23 10:28:27.951  1314  1448 I chatty  : uid=1000(system) AlarmManager expire 6 lines
02-23 10:28:27.999  2047  2047 W HwSystemManager: AbsRecordInfo:createRecordFromBundle type provider or service
02-23 10:28:28.584  1662  1742 I HwMobileSignalController: subId:0 phoneType:2 networktype:13 targetClass:3 masterLevel:5 slaveLevel:5
02-23 10:28:31.908  1952  2080 W PhoneInterfaceManager: shouldBlockLocation running ...
02-23 10:28:31.909  1952  2080 I PhoneInterfaceManager: shouldBlockLocation  ret:false
02-23 10:28:35.999   595  1168 I logserver: handle_logfile_events, Object Path:/data/system/dropbox/, mask=0x00000080
02-23 10:28:35.999   595  1168 I logserver: process_one_event, event->len=48, name=system_server_wtf@1519352915998.txt
02-23 10:28:36.011  1314  1314 I chatty  : uid=1000 system_server expire 17 lines
02-23 10:28:36.939  1952  1967 W PhoneInterfaceManager: shouldBlockLocation running ...
02-23 10:28:36.939  1952  1967 I PhoneInterfaceManager: shouldBlockLocation  ret:false
02-23 10:28:39.663   595  1169 I logserver: handle_exception_events enter
02-23 10:28:41.955  1952  2080 W PhoneInterfaceManager: shouldBlockLocation running ...
02-23 10:28:41.956  1952  2080 I PhoneInterfaceManager: shouldBlockLocation  ret:false
02-23 10:28:42.505  1662  1742 I HwMobileSignalController: subId:0 phoneType:2 networktype:13 targetClass:3 masterLevel:5 slaveLevel:5
02-23 10:28:42.700  1662  1742 I HwMobileSignalController: subId:0 phoneType:2 networktype:13 targetClass:3 masterLevel:5 slaveLevel:5
02-23 10:28:43.506  1662  1742 I HwMobileSignalController: subId:0 phoneType:2 networktype:13 targetClass:3 masterLevel:5 slaveLevel:5
02-23 10:28:43.515  1662  1742 I HwMobileSignalController: subId:0 phoneType:2 networktype:13 targetClass:3 masterLevel:5 slaveLevel:5
02-23 10:28:43.695  1662  1742 I HwMobileSignalController: subId:0 phoneType:2 networktype:13 targetClass:3 masterLevel:5 slaveLevel:5
02-23 10:28:43.902  1662  1742 I HwMobileSignalController: subId:0 phoneType:2 networktype:13 targetClass:3 masterLevel:5 slaveLevel:5
02-23 10:28:44.356  1662  1662 W KeyguardUpdateMonitor: ACTION_BATTERY_CHANGED AMP: 0; Volt: 0
02-23 10:28:44.372  5591  6448 E CloudAlbum[8.0.3.304]: [ReceiverManager] not log on ignore
02-23 10:28:44.396  1662  1662 W KeyguardUpdateMonitor: ChargingSpeed  Wattage: -1 ST: 5000000 --> 7500000
02-23 10:28:44.396  1662  1662 I KgBattery: BatteryInfo updated:  5lPC-1
02-23 10:28:44.396  1662  1662 W AppHandler: sendMessage with obj100
02-23 10:28:44.412  1662  1662 W HwLockScreenPanel: Handle message: 100
02-23 10:28:44.412  1662  1662 W HwLockScreenPanel: refreshBatteryInfo: null
02-23 10:28:44.479  1662  1742 I HwMobileSignalController: subId:0 phoneType:2 networktype:13 targetClass:3 masterLevel:5 slaveLevel:5
02-23 10:28:46.987  1952  2123 W PhoneInterfaceManager: shouldBlockLocation running ...
02-23 10:28:46.988  1952  2123 I PhoneInterfaceManager: shouldBlockLocation  ret:false
02-23 10:28:48.483  1314  4120 I chatty  : uid=1000(system) MobileQosDetect expire 13 lines
02-23 10:28:48.484  1314  1314 I chatty  : uid=1000 system_server expire 38 lines
02-23 10:28:50.503  1662  1742 I HwMobileSignalController: subId:0 phoneType:2 networktype:13 targetClass:3 masterLevel:5 slaveLevel:5
02-23 10:28:50.893   579   579 I chatty  : uid=1000(system) /vendor/bin/thermal-daemon expire 10 lines
02-23 10:28:52.019  1952  2080 W PhoneInterfaceManager: shouldBlockLocation running ...
02-23 10:28:52.020  1952  2080 I PhoneInterfaceManager: shouldBlockLocation  ret:false
02-23 10:28:56.487  1662  1742 I HwMobileSignalController: subId:0 phoneType:2 networktype:13 targetClass:3 masterLevel:5 slaveLevel:5
02-23 10:28:57.052  1952  2087 W PhoneInterfaceManager: shouldBlockLocation running ...
02-23 10:28:57.053  1952  2087 I PhoneInterfaceManager: shouldBlockLocation  ret:false
02-23 10:28:57.291  1662  1742 I HwMobileSignalController: subId:0 phoneType:2 networktype:13 targetClass:3 masterLevel:5 slaveLevel:5
02-23 10:28:57.483  1662  1742 I HwMobileSignalController: subId:0 phoneType:2 networktype:13 targetClass:3 masterLevel:5 slaveLevel:5
02-23 10:28:58.496  1314  1544 I chatty  : uid=1000(system) Thread-11 expire 18 lines
02-23 10:28:58.580  1314  1334 I chatty  : uid=1000(system) android.fg expire 17 lines
02-23 10:28:59.084  1662  1742 I HwMobileSignalController: subId:0 phoneType:2 networktype:13 targetClass:3 masterLevel:5 slaveLevel:5
02-23 10:28:59.284  1662  1742 I HwMobileSignalController: subId:0 phoneType:2 networktype:13 targetClass:3 masterLevel:5 slaveLevel:5
02-23 10:28:59.683  1662  1742 I HwMobileSignalController: subId:0 phoneType:2 networktype:13 targetClass:3 masterLevel:5 slaveLevel:5
02-23 10:29:00.052  1662  1662 W HwKeyguardDragHelper: AnimationBlocked
02-23 10:29:00.074  1662  1662 I EventCenter: EventCenter Get :android.intent.action.TIME_TICK
02-23 10:29:00.079  1662  1742 I HwMobileSignalController: subId:0 phoneType:2 networktype:13 targetClass:3 masterLevel:5 slaveLevel:5
02-23 10:29:00.091  1662  1662 W HwKeyguardDragHelper: AnimationBlocked
02-23 10:29:00.097  1662  1662 W ResourceType: Failure getting entry for 0xffffffff (t=254 e=65535) (error -2147483647)
02-23 10:29:00.098  1662  1662 E DateLunarView: mDateString is: 2月23日星期五
02-23 10:29:00.102  1662  1662 W ResourceType: Failure getting entry for 0xffffffff (t=254 e=65535) (error -2147483647)
02-23 10:29:00.103  1662  1662 E DateLunarView: mDateString is: 2月23日星期五
02-23 10:29:00.112  2652  2652 I HwLauncher: Model  onReceive intent=Intent { act=android.intent.action.TIME_TICK flg=0x50000014 (has extras) }
02-23 10:29:00.112  2652  2652 I HwLauncher: Model  onReceive user=UserHandle{0}
02-23 10:29:00.122  2652  2652 I HwLauncher: ClockDynamicUpdater date changed begin
02-23 10:29:00.122  2652  2652 I HwLauncher: ClockDynamicUpdater date changed end
02-23 10:29:00.123  2652  2788 E HwLauncher: SettingsEx , no such field.
02-23 10:29:00.123  2652  2788 W HwLauncher: Clock getDataFormat the getSystemString failed.
02-23 10:29:00.125  2652  2788 I HwLauncher: ClockDynamicUpdater clock update folder at ClockDynamicUpdater
02-23 10:29:00.125  2652  2788 I HwLauncher: DynamicUpdater updateBitmap end and send update message
02-23 10:29:00.126  2652  2652 I HwLauncher: DynamicUpdater  mDynamicIconList size:1 Intent:Intent { cmp=com.android.deskclock/.AlarmsMainActivity }
02-23 10:29:00.126  2652  2652 I HwLauncher: DynamicUpdater call updateFolder
02-23 10:29:00.139  2652  2652 I HwLauncher: CalenderDynamicUpdater date changed begin
02-23 10:29:00.140  2652  2652 I HwLauncher: CalenderDynamicUpdater date changed end
02-23 10:29:00.146  2981  2981 I Calendar: CalendarWidgetService info:LanguageChangeReceiver:android.intent.action.TIME_TICK
02-23 10:29:00.153  4859  5258 I Step_LSC: 80001313|processHandleBroadcastAction action:android.intent.action.TIME_TICK
02-23 10:29:00.176  1662  1662 W HwKeyguardDragHelper: AnimationBlocked
02-23 10:29:00.184  4859  5258 W Step_MemoryPolicy: 80001313|pssSizeMB larger than 20M,warning...,pssSizeMB:24
02-23 10:29:00.253  1662  1742 I HwMobileSignalController: subId:0 phoneType:2 networktype:13 targetClass:3 masterLevel:5 slaveLevel:5
02-23 10:29:00.461  1662  1742 I HwMobileSignalController: subId:0 phoneType:2 networktype:13 targetClass:3 masterLevel:5 slaveLevel:5
02-23 10:29:00.682  1662  1742 I HwMobileSignalController: subId:0 phoneType:2 networktype:13 targetClass:3 masterLevel:5 slaveLevel:5
02-23 10:29:01.484  1662  1742 I HwMobileSignalController: subId:0 phoneType:2 networktype:13 targetClass:3 masterLevel:5 slaveLevel:5
02-23 10:29:01.684  1662  1742 I HwMobileSignalController: subId:0 phoneType:2 networktype:13 targetClass:3 masterLevel:5 slaveLevel:5
02-23 10:29:01.888  1662  1742 I HwMobileSignalController: subId:0 phoneType:2 networktype:13 targetClass:3 masterLevel:5 slaveLevel:5
02-23 10:29:02.082  1952  2087 W PhoneInterfaceManager: shouldBlockLocation running ...
02-23 10:29:02.082  1952  2087 I PhoneInterfaceManager: shouldBlockLocation  ret:false
02-23 10:29:04.343  1662  1742 I HwMobileSignalController: subId:0 phoneType:2 networktype:13 targetClass:3 masterLevel:5 slaveLevel:5
02-23 10:29:07.110  1952  1966 W PhoneInterfaceManager: shouldBlockLocation running ...
02-23 10:29:07.111  1952  1966 I PhoneInterfaceManager: shouldBlockLocation  ret:false
02-23 10:29:10.343  1662  1742 I HwMobileSignalController: subId:0 phoneType:2 networktype:13 targetClass:3 masterLevel:5 slaveLevel:5
02-23 10:29:12.145  1952  2244 W PhoneInterfaceManager: shouldBlockLocation running ...
02-23 10:29:12.146  1952  2244 I PhoneInterfaceManager: shouldBlockLocation  ret:false
02-23 10:29:13.423  1662  1662 W KeyguardUpdateMonitor: ACTION_BATTERY_CHANGED AMP: 0; Volt: 0
02-23 10:29:13.462  5591  6448 E CloudAlbum[8.0.3.304]: [ReceiverManager] not log on ignore
02-23 10:29:13.475  1662  1662 W KeyguardUpdateMonitor: ChargingSpeed  Wattage: -1 ST: 5000000 --> 7500000
02-23 10:29:13.475  1662  1662 I KgBattery: BatteryInfo updated:  5lPC-1
02-23 10:29:13.475  1662  1662 W AppHandler: sendMessage with obj100
02-23 10:29:13.481  1662  1662 W HwLockScreenPanel: Handle message: 100
02-23 10:29:13.481  1662  1662 W HwLockScreenPanel: refreshBatteryInfo: null
