02-23 10:29:13.592  6474  6474 I PushLog2847: [main-1]action is com.huawei.intent.action.PUSH(android/null:-1)
02-23 10:29:13.604  6474  6474 I PushLog2847: [main-1]broadcast(),and mReceivers  4(android/null:-1)
02-23 10:29:14.513  1662  1662 W KeyguardUpdateMonitor: ACTION_BATTERY_CHANGED AMP: 0; Volt: 0
02-23 10:29:14.535  5591  6448 E CloudAlbum[8.0.3.304]: [ReceiverManager] not log on ignore
02-23 10:29:14.551  1662  1662 W KeyguardUpdateMonitor: ChargingSpeed  Wattage: -1 ST: 5000000 --> 7500000
02-23 10:29:14.551  1662  1662 I KgBattery: BatteryInfo updated:  5lPC-1
02-23 10:29:14.551  1662  1662 W AppHandler: sendMessage with obj100
02-23 10:29:14.557  1662  1662 W HwLockScreenPanel: Handle message: 100
02-23 10:29:14.557  1662  1662 W HwLockScreenPanel: refreshBatteryInfo: null
02-23 10:29:16.322  1314  1314 I chatty  : uid=1000 system_server expire 16 lines
02-23 10:29:16.337  1662  1742 I HwMobileSignalController: subId:0 phoneType:2 networktype:13 targetClass:3 masterLevel:5 slaveLevel:5
02-23 10:29:16.626   455   455 E bastetd : [BastetService  ] prepareHeartbeatProxy# Bastet is not available
02-23 10:29:16.632  6474  6493 I PushLog2847: [ReceiverDispatcher-425]isBastetAvailable false, can't use bastet.(android/null:-1)
02-23 10:29:16.633  6474  6493 I PushLog2847: [ReceiverDispatcher-425]resetBastet(android/null:-1)
02-23 10:29:16.644  6474  6493 I PushLog2847: [ReceiverDispatcher-425]init push bastet failed!(android/null:-1)
02-23 10:29:16.675  6474  6493 I PushLog2847: [ReceiverDispatcher-425]read to Send:DA(android/null:-1)
02-23 10:29:16.680  6474  6493 I PushLog2847: [ReceiverDispatcher-425]send msg to remote srv success(android/null:-1)
02-23 10:29:16.755  6474  4381 I PushLog2847: [SocketRead_09:18:54-1720]received a msg cmdId:DB(android/null:-1)
02-23 10:29:16.837  6474  4381 I PushLog2847: [SocketRead_09:18:54-1720]broadcast(),and mReceivers  4(android/null:-1)
02-23 10:29:17.180  1952  2142 W PhoneInterfaceManager: shouldBlockLocation running ...
02-23 10:29:17.181  1952  2142 I PhoneInterfaceManager: shouldBlockLocation  ret:false
02-23 10:29:19.155  1314  1459 I chatty  : uid=1000(system) Binder:1314_3 expire 10 lines
02-23 10:29:19.174  1662  1742 I HwMobileSignalController: subId:0 phoneType:2 networktype:13 targetClass:3 masterLevel:5 slaveLevel:5
02-23 10:29:19.186  1662  1742 I HwMobileSignalController: subId:0 phoneType:2 networktype:13 targetClass:3 masterLevel:5 slaveLevel:5
02-23 10:29:22.215  1952  2143 W PhoneInterfaceManager: shouldBlockLocation running ...
02-23 10:29:22.216  1952  2143 I PhoneInterfaceManager: shouldBlockLocation  ret:false
02-23 10:29:23.337  1662  1742 I HwMobileSignalController: subId:0 phoneType:2 networktype:13 targetClass:3 masterLevel:5 slaveLevel:5
02-23 10:29:23.561  1662  1742 I HwMobileSignalController: subId:0 phoneType:2 networktype:13 targetClass:3 masterLevel:5 slaveLevel:5
02-23 10:29:23.958  1662  1742 I HwMobileSignalController: subId:0 phoneType:2 networktype:13 targetClass:3 masterLevel:5 slaveLevel:5
02-23 10:29:27.166  1662  1742 I HwMobileSignalController: subId:0 phoneType:2 networktype:13 targetClass:3 masterLevel:5 slaveLevel:5
02-23 10:29:27.245  1952  2087 W PhoneInterfaceManager: shouldBlockLocation running ...
02-23 10:29:27.246  1952  2087 I PhoneInterfaceManager: shouldBlockLocation  ret:false
02-23 10:29:28.532  1314  1314 I chatty  : uid=1000 system_server expire 16 lines
02-23 10:29:28.543  1314  4120 I chatty  : uid=1000(system) MobileQosDetect expire 14 lines
02-23 10:29:30.936   579   579 I chatty  : uid=1000(system) /vendor/bin/thermal-daemon expire 10 lines
02-23 10:29:32.278  1952  2123 W PhoneInterfaceManager: shouldBlockLocation running ...
02-23 10:29:32.280  1952  2123 I PhoneInterfaceManager: shouldBlockLocation  ret:false
02-23 10:29:33.169  1662  1742 I HwMobileSignalController: subId:0 phoneType:2 networktype:13 targetClass:3 masterLevel:5 slaveLevel:5
02-23 10:29:37.311  1952  2142 W PhoneInterfaceManager: shouldBlockLocation running ...
02-23 10:29:37.312  1952  2142 I PhoneInterfaceManager: shouldBlockLocation  ret:false
02-23 10:29:42.343  1952  2244 W PhoneInterfaceManager: shouldBlockLocation running ...
02-23 10:29:42.345  1952  2244 I PhoneInterfaceManager: shouldBlockLocation  ret:false
02-23 10:29:44.679  1662  1662 W KeyguardUpdateMonitor: ACTION_BATTERY_CHANGED AMP: 0; Volt: 0
02-23 10:29:44.714  5591  6448 E CloudAlbum[8.0.3.304]: [ReceiverManager] not log on ignore
02-23 10:29:44.721  1662  1662 W KeyguardUpdateMonitor: ChargingSpeed  Wattage: -1 ST: 5000000 --> 7500000
02-23 10:29:44.721  1662  1662 I KgBattery: BatteryInfo updated:  5lPC-1
02-23 10:29:44.721  1662  1662 W AppHandler: sendMessage with obj100
02-23 10:29:44.729  1662  1662 W HwLockScreenPanel: Handle message: 100
02-23 10:29:44.729  1662  1662 W HwLockScreenPanel: refreshBatteryInfo: null
02-23 10:29:44.737  2460  2460 E iMonitor: Bad param for imonitor_set_param, paramid: 12
02-23 10:29:44.737  2460  2460 E iMonitor: Bad param for imonitor_set_param, paramid: 10
02-23 10:29:44.738  2460  2460 I iMonitor: send: 903001012
02-23 10:29:44.738   595  1169 I logserver: handle_exception_events enter
02-23 10:29:44.750  2460  2545 E LogCollectService: illegal eventid
02-23 10:29:47.376  1952  2142 W PhoneInterfaceManager: shouldBlockLocation running ...
02-23 10:29:47.378  1952  2142 I PhoneInterfaceManager: shouldBlockLocation  ret:false
02-23 10:29:52.409  1952  1966 W PhoneInterfaceManager: shouldBlockLocation running ...
02-23 10:29:52.410  1952  1966 I PhoneInterfaceManager: shouldBlockLocation  ret:false
02-23 10:29:55.958   579   579 I chatty  : uid=1000(system) /vendor/bin/thermal-daemon expire 10 lines
02-23 10:29:57.441  1952  2087 W PhoneInterfaceManager: shouldBlockLocation running ...
02-23 10:29:57.442  1952  2087 I PhoneInterfaceManager: shouldBlockLocation  ret:false
02-23 10:30:00.049  1662  1662 W HwKeyguardDragHelper: AnimationBlocked
02-23 10:30:00.059  1662  1662 I EventCenter: EventCenter Get :android.intent.action.TIME_TICK
02-23 10:30:00.063  1662  1662 W HwKeyguardDragHelper: AnimationBlocked
02-23 10:30:00.068  1662  1662 W ResourceType: Failure getting entry for 0xffffffff (t=254 e=65535) (error -2147483647)
02-23 10:30:00.069  1662  1662 E DateLunarView: mDateString is: 2月23日星期五
02-23 10:30:00.074  1662  1662 W ResourceType: Failure getting entry for 0xffffffff (t=254 e=65535) (error -2147483647)
02-23 10:30:00.075  1662  1662 E DateLunarView: mDateString is: 2月23日星期五
02-23 10:30:00.086  2652  2652 I HwLauncher: Model  onReceive intent=Intent { act=android.intent.action.TIME_TICK flg=0x50000014 (has extras) }
02-23 10:30:00.086  2652  2652 I HwLauncher: Model  onReceive user=UserHandle{0}
02-23 10:30:00.101  2652  2652 I HwLauncher: ClockDynamicUpdater date changed begin
02-23 10:30:00.101  2652  2652 I HwLauncher: ClockDynamicUpdater date changed end
02-23 10:30:00.101  2652  2788 E HwLauncher: SettingsEx , no such field.
02-23 10:30:00.102  2652  2788 W HwLauncher: Clock getDataFormat the getSystemString failed.
02-23 10:30:00.104  2652  2788 I HwLauncher: ClockDynamicUpdater clock update folder at ClockDynamicUpdater
02-23 10:30:00.104  2652  2788 I HwLauncher: DynamicUpdater updateBitmap end and send update message
02-23 10:30:00.105  2652  2652 I HwLauncher: DynamicUpdater  mDynamicIconList size:1 Intent:Intent { cmp=com.android.deskclock/.AlarmsMainActivity }
02-23 10:30:00.105  2652  2652 I HwLauncher: DynamicUpdater call updateFolder
02-23 10:30:00.109  2652  2652 I HwLauncher: CalenderDynamicUpdater date changed begin
02-23 10:30:00.109  2652  2652 I HwLauncher: CalenderDynamicUpdater date changed end
02-23 10:30:00.114  2981  2981 I Calendar: CalendarWidgetService info:LanguageChangeReceiver:android.intent.action.TIME_TICK
02-23 10:30:00.121  4859  5258 I Step_LSC: 80001313|processHandleBroadcastAction action:android.intent.action.TIME_TICK
02-23 10:30:00.144  1662  1662 W HwKeyguardDragHelper: AnimationBlocked
02-23 10:30:00.151  4859  5258 W Step_MemoryPolicy: 80001313|pssSizeMB larger than 20M,warning...,pssSizeMB:24
02-23 10:30:02.483  1952  2123 W PhoneInterfaceManager: shouldBlockLocation running ...
02-23 10:30:02.484  1952  2123 I PhoneInterfaceManager: shouldBlockLocation  ret:false
02-23 10:30:05.822  1662  1742 I HwMobileSignalController: subId:0 phoneType:2 networktype:13 targetClass:3 masterLevel:5 slaveLevel:5
02-23 10:30:05.920  1662  1742 I HwMobileSignalController: subId:0 phoneType:2 networktype:13 targetClass:3 masterLevel:5 slaveLevel:5
02-23 10:30:07.517  1952  2087 W PhoneInterfaceManager: shouldBlockLocation running ...
02-23 10:30:07.518  1952  2087 I PhoneInterfaceManager: shouldBlockLocation  ret:false
02-23 10:30:12.553  1952  2087 W PhoneInterfaceManager: shouldBlockLocation running ...
02-23 10:30:12.555  1952  2087 I PhoneInterfaceManager: shouldBlockLocation  ret:false
02-23 10:30:12.905  1314  1314 I chatty  : uid=1000 system_server expire 10 lines
02-23 10:30:12.925  1662  1742 I HwMobileSignalController: subId:0 phoneType:2 networktype:13 targetClass:3 masterLevel:5 slaveLevel:5
02-23 10:30:13.315  6662  6755 I chatty  : uid=10294(com.yeapao.andorid) JHeartBeatHelpe expire 1 line
02-23 10:30:13.422  1662  1662 W KeyguardUpdateMonitor: ACTION_BATTERY_CHANGED AMP: 0; Volt: 0
02-23 10:30:13.439  5591  6448 E CloudAlbum[8.0.3.304]: [ReceiverManager] not log on ignore
02-23 10:30:13.463  1662  1662 W KeyguardUpdateMonitor: ChargingSpeed  Wattage: -1 ST: 5000000 --> 7500000
02-23 10:30:13.463  1662  1662 I KgBattery: BatteryInfo updated:  5lPC-1
02-23 10:30:13.463  1662  1662 W AppHandler: sendMessage with obj100
02-23 10:30:13.474  1662  1662 W HwLockScreenPanel: Handle message: 100
02-23 10:30:13.474  1662  1662 W HwLockScreenPanel: refreshBatteryInfo: null
02-23 10:30:14.829  1662  1662 W KeyguardUpdateMonitor: ACTION_BATTERY_CHANGED AMP: 0; Volt: 0
02-23 10:30:14.830  1662  1662 W KeyguardUpdateMonitor: ChargingSpeed  Wattage: -1 ST: 5000000 --> 7500000
02-23 10:30:14.830  1662  1662 I KgBattery: BatteryInfo updated:  5lPC-1
02-23 10:30:14.830  1662  1662 W AppHandler: sendMessage with obj100
02-23 10:30:14.846  1662  1662 W HwLockScreenPanel: Handle message: 100
02-23 10:30:14.846  1662  1662 W HwLockScreenPanel: refreshBatteryInfo: null
02-23 10:30:14.850  5591  6448 E CloudAlbum[8.0.3.304]: [ReceiverManager] not log on ignore
02-23 10:30:17.587  1952  2143 W PhoneInterfaceManager: shouldBlockLocation running ...
02-23 10:30:17.588  1952  2143 I PhoneInterfaceManager: shouldBlockLocation  ret:false
02-23 10:30:18.377  2402  2449 I 8.3.1.301-1228-DataSrv-WatchMan: message come: 0
02-23 10:30:18.382  2402  2449 I 8.3.1.301-1228-DataSrv-WatchMan: processStateMachineCheck
02-23 10:30:18.386  2402  2449 I 8.3.1.301-1228-DataSrv-VSimManager: handleEvent async
02-23 10:30:18.390  2402  2449 I 8.3.1.301-1228-DataSrv-StateManager: handleEvent prepare[89]: HEART_BEAT
02-23 10:30:18.396  2402  8429 I 8.3.1.301-1228-DataSrv-StateManager: handleEvent run: HEART_BEAT
02-23 10:30:18.401  2402  8429 I 8.3.1.301-1228-DataSrv-StateManager: handleEvent end: HEART_BEAT
02-23 10:30:18.404  2402  8429 I 8.3.1.301-1228-DataSrv-WatchMan: onHeartBeat
02-23 10:30:18.590  1314  4120 I chatty  : uid=1000(system) MobileQosDetect expire 21 lines
02-23 10:30:18.905  1662  1742 I HwMobileSignalController: subId:0 phoneType:2 networktype:13 targetClass:3 masterLevel:5 slaveLevel:5
02-23 10:30:22.621  1952  2080 W PhoneInterfaceManager: shouldBlockLocation running ...
02-23 10:30:22.622  1952  2080 I PhoneInterfaceManager: shouldBlockLocation  ret:false
02-23 10:30:24.927  1662  1742 I HwMobileSignalController: subId:0 phoneType:2 networktype:13 targetClass:3 masterLevel:5 slaveLevel:5
02-23 10:30:27.655  1952  2087 W PhoneInterfaceManager: shouldBlockLocation running ...
02-23 10:30:27.657  1952  2087 I PhoneInterfaceManager: shouldBlockLocation  ret:false
02-23 10:30:28.604  1314  1544 I chatty  : uid=1000(system) Thread-11 expire 14 lines
02-23 10:30:30.906  1314  1314 I chatty  : uid=1000 system_server expire 20 lines
02-23 10:30:30.911  1662  1742 I HwMobileSignalController: subId:0 phoneType:2 networktype:13 targetClass:3 masterLevel:5 slaveLevel:5
02-23 10:30:31.738  1662  1742 I HwMobileSignalController: subId:0 phoneType:2 networktype:13 targetClass:3 masterLevel:5 slaveLevel:5
02-23 10:30:31.796  2652  2652 I HwLauncher: FPSMonitor  [Launcher , dispatchTouchEvent begin, false, true] down event  x = 514 y = 1050
02-23 10:30:31.796  2652  2652 I HwLauncher: Launcher workspaceTranslationX = 0.0
02-23 10:30:31.797  2652  2652 I HwLauncher: FPSMonitor  [PagedView , onIntercept] down event  x = 514 y = 1050
02-23 10:30:31.801  2652  2652 I HwLauncher: FPSMonitor  [Launcher , dispatchTouchEvent end, false, true] down event  x = 514 y = 1050
02-23 10:30:31.806  2652  2652 I HwLauncher:  FPSMonitor startScroll xMoved = true  xPaged = true xDiff =  50
02-23 10:30:31.842  2652  2652 I HwLauncher: FPSMonitor  [Launcher , dispatchTouchEvent begin, false, true] up event  x = 857 y = 1078
02-23 10:30:31.842  2652  2652 I HwLauncher: FPSMonitor  [PagedView , onTouchEvent] up event  x = 857 y = 1078
02-23 10:30:31.842  2652  2652 I HwLauncher:  FPSMonitor snapToPage whichPage = 7 delta = -870 duration = 248
02-23 10:30:31.842  2652  2652 W HwLauncher: Workspace workspace notfiyPageSwitchListener clingContoller is NULL
02-23 10:30:31.844  2652  2652 I HwLauncher: FPSMonitor  [Launcher , dispatchTouchEvent end, false, true] up event  x = 857 y = 1078
02-23 10:30:32.152  2652  2652 I HwLauncher:  FPSMonitor endScroll
02-23 10:30:32.551  2652  2652 I HwLauncher: FPSMonitor  [Launcher , dispatchTouchEvent begin, false, true] down event  x = 403 y = 454
02-23 10:30:32.551  2652  2652 I HwLauncher: Launcher workspaceTranslationX = 0.0
02-23 10:30:32.552  2652  2652 I HwLauncher: FPSMonitor  [PagedView , onIntercept] down event  x = 403 y = 454
02-23 10:30:32.557  2652  2652 I HwLauncher: FPSMonitor  [Launcher , dispatchTouchEvent end, false, true] down event  x = 403 y = 454
02-23 10:30:32.614  2652  2652 I HwLauncher: FPSMonitor  [Launcher , dispatchTouchEvent begin, false, true] up event  x = 401 y = 450
02-23 10:30:32.614  2652  2652 I HwLauncher: FPSMonitor  [PagedView , onIntercept] up event  x = 401 y = 450
02-23 10:30:32.615  2652  2652 I HwLauncher: FPSMonitor  [Launcher , dispatchTouchEvent end, false, true] up event  x = 401 y = 450
02-23 10:30:32.616  2652  2652 I HwLauncher: Launcher onclick begin com.huawei.android.launcher.BubbleTextView{a7d2783 VFED..CL. ...P..ID 264,402-528,684 #9c080101}
02-23 10:30:32.616  2652  2652 I HwLauncher: Launcher.Utilities  startActivitySafely useLaunchAnimation = true
02-23 10:30:32.616  2652  2652 I HwLauncher: Launcher.Utilities  startActivitySafely begin startActivity() for current user
02-23 10:30:32.627   580   580 I Pged-IPgedBinderService: ****action is 1, pid num is 4***
02-23 10:30:32.627   580   580 I Pged-Freezer: freezePids
02-23 10:30:32.627   580   580 I Pged-Freezer: Freeze process: 28708
02-23 10:30:32.628   580   580 I Pged-Freezer: Freeze process: 5431
02-23 10:30:32.628   580   580 I Pged-Freezer: Freeze process: 8187
02-23 10:30:32.631  2652  2652 I HwLauncher: Launcher.Utilities  startActivitySafely end startActivity() for current user
02-23 10:30:32.631  2652  2652 I HwLauncher: Launcher this view's parent is not SearchGridView , so no need to reportRecentApp.
02-23 10:30:32.631  2652  2652 I HwLauncher: Launcher onclick end
02-23 10:30:32.633  2652  2652 I HwLauncher: Launcher onPause()
02-23 10:30:32.640  2652  8432 I HwLauncher: Launcher.MotionManager stopMotionAppsReco begin,mFlg = 403
02-23 10:30:32.640  2652  8432 W HwLauncher: Launcher.MotionManager stopMotionAppsReco service flg 403 is unavailable
02-23 10:30:32.644  8433  8433 I         : power log dlsym ok
02-23 10:30:32.647  8433  8433 I chatty  : uid=10294(com.yeapao.andorid) expire 3 lines
02-23 10:30:32.668  8433  8440 I chatty  : uid=10294(com.yeapao.andorid) expire 3 lines
02-23 10:30:32.682  1952  2142 W PhoneInterfaceManager: shouldBlockLocation running ...
02-23 10:30:32.682  1952  2142 I PhoneInterfaceManager: shouldBlockLocation  ret:false
02-23 10:30:32.744  1662  1662 W HwKeyguardDragHelper: AnimationBlocked
02-23 10:30:33.236  8433  8433 I chatty  : uid=10294(com.yeapao.andorid) expire 24 lines
02-23 10:30:33.822  1662  1662 I PhoneStatusBarPolicy: updateBluetooth:::setBluetoothBatteryEnable false.
02-23 10:30:33.822  1662  1662 I PhoneStatusBarPolicy: updateBluetooth::bluetoothEnabled:true, bluetoothConnected=false, bluetoothTransfering=false
02-23 10:30:33.836  8433  8479 I chatty  : uid=10294(com.yeapao.andorid) expire 1 line
02-23 10:30:34.099  8433  8477 I chatty  : uid=10294(com.yeapao.andorid) expire 1 line
02-23 10:30:34.104  6662  6764 I chatty  : uid=10294 com.yeapao.andorid:pushcore expire 1 line
02-23 10:30:34.110  8433  8433 I chatty  : uid=10294(com.yeapao.andorid) expire 2 lines
02-23 10:30:34.131   580 15878 I Pged-IPgedBinderService: ****action is 2, pid num is 4***
02-23 10:30:34.131   580 15878 I Pged-Freezer: thawPids
02-23 10:30:34.144  8433  8472 I chatty  : uid=10294(com.yeapao.andorid) expire 2 lines
02-23 10:30:34.144  8433  8474 I chatty  : uid=10294(com.yeapao.andorid) expire 2 lines
02-23 10:30:34.145  1314  2604 I chatty  : uid=1000(system) Binder:1314_E expire 8 lines
02-23 10:30:34.172  8433  8472 I chatty  : uid=10294(com.yeapao.andorid) expire 1 line
02-23 10:30:34.177  1952  2087 W PhoneInterfaceManager: shouldBlockLocation running ...
02-23 10:30:34.184  1952  2087 I PhoneInterfaceManager: shouldBlockLocation  ret:false
02-23 10:30:34.199  1952  2244 W PhoneInterfaceManager: shouldBlockLocation running ...
02-23 10:30:34.203  2831  2851 I AppLogManager: PrintWoker poll timeout , shutdown
02-23 10:30:34.209  1952  2244 I PhoneInterfaceManager: shouldBlockLocation  ret:false
02-23 10:30:34.276  8433  8433 I chatty  : uid=10294(com.yeapao.andorid) expire 6 lines
02-23 10:30:34.315  8433  8542 I chatty  : uid=10294(com.yeapao.andorid) expire 2 lines
02-23 10:30:34.343  8433  8494 I chatty  : uid=10294(com.yeapao.andorid) expire 1 line
02-23 10:30:34.350  8433  8433 I chatty  : uid=10294(com.yeapao.andorid) expire 4 lines
02-23 10:30:34.354  8433  8494 I chatty  : uid=10294(com.yeapao.andorid) expire 1 line
02-23 10:30:34.401   447  3999 I chatty  : uid=1000(system) Binder:447_5 expire 6 lines
02-23 10:30:34.429   595   654 W JankService: virtual bool android::JankManualDumpLogAnalyser::processEntry(android::LogEntry *, int, bool), not beta version or commercial log off
02-23 10:30:34.450  1952  1967 W PhoneInterfaceManager: shouldBlockLocation running ...
02-23 10:30:34.464  1952  1967 I PhoneInterfaceManager: shouldBlockLocation  ret:false
02-23 10:30:34.469   447  1597 I chatty  : uid=1000(system) Binder:447_4 expire 12 lines
02-23 10:30:34.486  1314  1893 I chatty  : uid=1000(system) LocationThread expire 22 lines
02-23 10:30:34.491  8433  8433 I chatty  : uid=10294(com.yeapao.andorid) expire 2 lines
02-23 10:30:34.511  6789  6789 I chatty  : uid=10294 com.yeapao.andorid:remote expire 1 line
02-23 10:30:34.515  1952  2087 W PhoneInterfaceManager: shouldBlockLocation running ...
02-23 10:30:34.519  8433  8552 I chatty  : uid=10294(com.yeapao.andorid) expire 1 line
02-23 10:30:34.536  1952  2087 I PhoneInterfaceManager: shouldBlockLocation  ret:false
02-23 10:30:34.543  1952  2143 W PhoneInterfaceManager: shouldBlockLocation running ...
02-23 10:30:34.544  2831  2851 I AppLogManager: PrintWoker poll timeout , shutdown
02-23 10:30:34.554  8433  8490 I chatty  : uid=10294(com.yeapao.andorid) expire 1 line
02-23 10:30:34.562  1952  2143 I PhoneInterfaceManager: shouldBlockLocation  ret:false
02-23 10:30:34.572  8433  8433 I chatty  : uid=10294(com.yeapao.andorid) expire 3 lines
02-23 10:30:34.573  8433  8438 I chatty  : uid=10294(com.yeapao.andorid) expire 3 lines
02-23 10:30:34.574  8433  8490 I chatty  : uid=10294(com.yeapao.andorid) expire 1 line
02-23 10:30:34.578  2831  2851 I AppLogManager: PrintWoker poll timeout , shutdown
02-23 10:30:34.582  1314  8561 I chatty  : uid=1000 system_server expire 9 lines
02-23 10:30:34.597  2460 16935 I NCCHR_NcLogCollectServiceImpl: getUserType = 1
02-23 10:30:34.605  1952  2244 W PhoneInterfaceManager: shouldBlockLocation running ...
02-23 10:30:34.618  1952  2244 I PhoneInterfaceManager: shouldBlockLocation  ret:false
02-23 10:30:34.625  1952  2087 W PhoneInterfaceManager: shouldBlockLocation running ...
02-23 10:30:34.629  2652  2652 I HwLauncher: Launcher onStop()
02-23 10:30:34.634  1952  2087 I PhoneInterfaceManager: shouldBlockLocation  ret:false
02-23 10:30:34.651  1952  2143 W PhoneInterfaceManager: shouldBlockLocation running ...
02-23 10:30:34.659  1952  2143 I PhoneInterfaceManager: shouldBlockLocation  ret:false
02-23 10:30:34.668  1952  2123 W PhoneInterfaceManager: shouldBlockLocation running ...
02-23 10:30:34.679  1952  2123 I PhoneInterfaceManager: shouldBlockLocation  ret:false
02-23 10:30:34.680  8433  8433 I chatty  : uid=10294(com.yeapao.andorid) expire 4 lines
02-23 10:30:34.698  1952  2142 W PhoneInterfaceManager: shouldBlockLocation running ...
02-23 10:30:34.711  1952  2142 I PhoneInterfaceManager: shouldBlockLocation  ret:false
02-23 10:30:34.720  1952  1966 W PhoneInterfaceManager: shouldBlockLocation running ...
02-23 10:30:34.728  1952  1966 I PhoneInterfaceManager: shouldBlockLocation  ret:false
02-23 10:30:34.733  1314  2169 I chatty  : uid=1000(system) IPC Thread expire 1 line
02-23 10:30:34.736  1314  8569 I chatty  : uid=1000 system_server expire 4 lines
02-23 10:30:34.831   595   654 W JankService: virtual bool android::JankManualDumpLogAnalyser::processEntry(android::LogEntry *, int, bool), not beta version or commercial log off
02-23 10:30:34.871  8433  8438 I chatty  : uid=10294(com.yeapao.andorid) expire 3 lines
02-23 10:30:35.837  2460  2482 I NCCHR_NcLogCollectServiceImpl: getUserType = 1
02-23 10:30:35.839  1662  1755 I EventCenter: ContentChange for slot: 1
02-23 10:30:36.424  8433  8433 I chatty  : uid=10294(com.yeapao.andorid) expire 5 lines
02-23 10:30:36.567   595   654 W JankService: virtual bool android::JankManualDumpLogAnalyser::processEntry(android::LogEntry *, int, bool), not beta version or commercial log off
02-23 10:30:36.789  8433  8438 I chatty  : uid=10294(com.yeapao.andorid) expire 4 lines
02-23 10:30:36.834  8433  8433 I chatty  : uid=10294(com.yeapao.andorid) expire 4 lines
02-23 10:30:36.843  8433  8438 I chatty  : uid=10294(com.yeapao.andorid) expire 1 line
02-23 10:30:36.843   595   654 W JankService: virtual bool android::JankManualDumpLogAnalyser::processEntry(android::LogEntry *, int, bool), not beta version or commercial log off
02-23 10:30:37.689  1952  2080 W PhoneInterfaceManager: shouldBlockLocation running ...
02-23 10:30:37.690  1952  2080 I PhoneInterfaceManager: shouldBlockLocation  ret:false
02-23 10:30:37.728  1662  1742 I HwMobileSignalController: subId:0 phoneType:2 networktype:13 targetClass:3 masterLevel:5 slaveLevel:5
02-23 10:30:38.042  8433  8433 I chatty  : uid=10294(com.yeapao.andorid) expire 1 line
02-23 10:30:38.043  8433  8542 I chatty  : uid=10294(com.yeapao.andorid) expire 1 line
02-23 10:30:39.034  1939  1939 W HwStepCounter: version : 1
02-23 10:30:39.034  1939  1939 I HwStepCounter: dealReportData length 19
02-23 10:30:39.034  1939  1939 W HwStepCounter: abi 25 total 4869 total floor 0 totalCar 1024 total dis 2048
02-23 10:30:39.034  1939  1939 W HwStepCounter: stepPace 4096 stepLength 8192 speed 16384 touchdown_ratio 32768 reserved1 0 reserved2 0
02-23 10:30:39.034  1939  1939 E HwStepCounter: dealReportData tm: 2018-02-23 10:30:39 steps_value[0] : 0 state_value[0]:0 level_value[0]:0
02-23 10:30:39.034  1939  1939 I HwStepCounter: ###### finish ####
02-23 10:30:39.034  4859  5258 I Step_LSC: 80001313|onStandStepChanged 4869
02-23 10:30:39.034  1939  1939 I HwStepCounter: isBeginOfToday: 23 -> 23
02-23 10:30:39.034  1939  1939 I HwStepCounter: isBeginOfToday: false
02-23 10:30:39.034  1939  1939 I HwStepCounter: dealReportData: diff = 0
02-23 10:30:39.041  1939  2959 I StepCounterRemoteProxy: Report client count 1
02-23 10:30:39.042  4859  4871 I Step_LSC: 80001313|onExtend:1519353039000 0 0 0
02-23 10:30:39.336  4859  5258 I Step_SPUtils: 80001313| getTodayTotalDetailSteps = 1519315200000##1736##38797##0##0##69488397
02-23 10:30:39.337  4859  5258 I Step_SPUtils: 80001313|setTodayTotalDetailSteps=1519315200000##1736##38797##0##0##69731389 timeZero=1519315200000
02-23 10:30:39.349  4859  5258 I Step_ExtSDM: 80001313|calculateCaloriesWithCache totalCalories=34132
02-23 10:30:39.354  4859  5258 I Step_ExtSDM: 80001313|calculateAltitudeWithCache totalAltitude=0
02-23 10:30:39.658  2460  2460 I iMonitor: create: 903001011
02-23 10:30:39.662  2460  2460 I iMonitor: send: 903001011
02-23 10:30:39.662   595  1169 I logserver: handle_exception_events enter
02-23 10:30:39.662  2460  2460 W PTM.PeriodCheckManager: mSendService start
02-23 10:30:39.674  2460  2545 E LogCollectService: illegal eventid
02-23 10:30:39.782  8433  8433 I chatty  : uid=10294(com.yeapao.andorid) expire 11 lines
02-23 10:30:40.997   579   579 I chatty  : uid=1000(system) /vendor/bin/thermal-daemon expire 10 lines
02-23 10:30:42.712  1952  2142 W PhoneInterfaceManager: shouldBlockLocation running ...
02-23 10:30:42.713  1952  2142 I PhoneInterfaceManager: shouldBlockLocation  ret:false
02-23 10:30:42.975  1925  2868 I chatty  : uid=1000(system) Binder:1925_5 expire 2 lines
02-23 10:30:42.976   580   612 I Pged-IPgedBinderService: ****action is 1, pid num is 4***
02-23 10:30:42.976   580   612 I Pged-Freezer: freezePids
02-23 10:30:42.976   580   612 I Pged-Freezer: Freeze process: 28708
02-23 10:30:42.977   580   612 I Pged-Freezer: Freeze process: 5431
02-23 10:30:42.977   580   612 I Pged-Freezer: Freeze process: 8187
02-23 10:30:43.028  8433  8479 I chatty  : uid=10294(com.yeapao.andorid) expire 1 line
02-23 10:30:43.048   447   463 I chatty  : uid=1000(system) Binder:447_2 expire 16 lines
02-23 10:30:44.481   580   580 I Pged-IPgedBinderService: ****action is 2, pid num is 4***
02-23 10:30:44.481   580   580 I Pged-Freezer: thawPids
02-23 10:30:44.978  1662  1662 W KeyguardUpdateMonitor: ACTION_BATTERY_CHANGED AMP: 0; Volt: 0
02-23 10:30:44.987  5591  6448 E CloudAlbum[8.0.3.304]: [ReceiverManager] not log on ignore
02-23 10:30:45.000  1662  1662 W KeyguardUpdateMonitor: ChargingSpeed  Wattage: -1 ST: 5000000 --> 7500000
02-23 10:30:45.000  1662  1662 I KgBattery: BatteryInfo updated:  5lPC-1
02-23 10:30:45.000  1662  1662 W AppHandler: sendMessage with obj100
02-23 10:30:45.012  1662  1662 W HwLockScreenPanel: Handle message: 100
02-23 10:30:45.013  1662  1662 W HwLockScreenPanel: refreshBatteryInfo: null
02-23 10:30:45.787  8433  8433 I chatty  : uid=10294(com.yeapao.andorid) expire 12 lines
02-23 10:30:45.885   580 15878 I Pged-IPgedBinderService: ****action is 1, pid num is 4***
02-23 10:30:45.885   580 15878 I Pged-Freezer: freezePids
02-23 10:30:45.885   580 15878 I Pged-Freezer: Freeze process: 28708
02-23 10:30:45.885   580 15878 I Pged-Freezer: Freeze process: 5431
02-23 10:30:45.886   580 15878 I Pged-Freezer: Freeze process: 8187
02-23 10:30:46.596  1314  1893 I chatty  : uid=1000(system) LocationThread expire 11 lines
02-23 10:30:47.389   580   612 I Pged-IPgedBinderService: ****action is 2, pid num is 4***
02-23 10:30:47.389   580   612 I Pged-Freezer: thawPids
02-23 10:30:47.741  1952  2143 W PhoneInterfaceManager: shouldBlockLocation running ...
02-23 10:30:47.741  1952  2143 I PhoneInterfaceManager: shouldBlockLocation  ret:false
02-23 10:30:52.033  1939  1939 W HwStepCounter: version : 1
02-23 10:30:52.033  1939  1939 I HwStepCounter: dealReportData length 19
02-23 10:30:52.034  1939  1939 W HwStepCounter: abi 25 total 4869 total floor 0 totalCar 1024 total dis 2048
02-23 10:30:52.034  1939  1939 W HwStepCounter: stepPace 4096 stepLength 8192 speed 16384 touchdown_ratio 32768 reserved1 0 reserved2 0
02-23 10:30:52.034  4859  5258 I Step_LSC: 80001313|onStandStepChanged 4869
02-23 10:30:52.034  1939  1939 E HwStepCounter: dealReportData tm: 2018-02-23 10:30:52 steps_value[0] : 0 state_value[0]:5 level_value[0]:0
02-23 10:30:52.034  1939  1939 I HwStepCounter: ###### finish ####
02-23 10:30:52.034  1939  1939 I HwStepCounter: isBeginOfToday: 23 -> 23
02-23 10:30:52.034  1939  1939 I HwStepCounter: isBeginOfToday: false
02-23 10:30:52.035  1939  1939 I HwStepCounter: dealReportData: diff = 0
02-23 10:30:52.043  1939  2959 I StepCounterRemoteProxy: Report client count 1
02-23 10:30:52.044  4859  4870 I Step_LSC: 80001313|onExtend:1519353052000 0 0 5
02-23 10:30:52.337  4859  5258 I Step_SPUtils: 80001313| getTodayTotalDetailSteps = 1519315200000##1736##38797##0##0##69731389
02-23 10:30:52.343  4859  5258 I Step_SPUtils: 80001313|setTodayTotalDetailSteps=1519315200000##1736##38797##0##0##69744395 timeZero=1519315200000
02-23 10:30:52.378  4859  5258 I Step_ExtSDM: 80001313|calculateCaloriesWithCache totalCalories=34132
02-23 10:30:52.387  4859  5258 I Step_ExtSDM: 80001313|calculateAltitudeWithCache totalAltitude=0
02-23 10:30:52.759  1952  2143 W PhoneInterfaceManager: shouldBlockLocation running ...
02-23 10:30:52.761  1952  2143 I PhoneInterfaceManager: shouldBlockLocation  ret:false
02-23 10:30:57.791  1952  2087 W PhoneInterfaceManager: shouldBlockLocation running ...
02-23 10:30:57.792  1952  2087 I PhoneInterfaceManager: shouldBlockLocation  ret:false
02-23 10:30:57.792  8433  8433 I chatty  : uid=10294(com.yeapao.andorid) expire 10 lines
02-23 10:31:00.034  1662  1662 W HwKeyguardDragHelper: AnimationBlocked
02-23 10:31:00.043  1662  1662 I EventCenter: EventCenter Get :android.intent.action.TIME_TICK
02-23 10:31:00.053  1662  1662 W HwKeyguardDragHelper: AnimationBlocked
02-23 10:31:00.058  1662  1662 W ResourceType: Failure getting entry for 0xffffffff (t=254 e=65535) (error -2147483647)
02-23 10:31:00.058  1662  1662 E DateLunarView: mDateString is: 2月23日星期五
02-23 10:31:00.062  1662  1662 W ResourceType: Failure getting entry for 0xffffffff (t=254 e=65535) (error -2147483647)
02-23 10:31:00.062  1662  1662 E DateLunarView: mDateString is: 2月23日星期五
02-23 10:31:00.073  2652  2652 I HwLauncher: Model  onReceive intent=Intent { act=android.intent.action.TIME_TICK flg=0x50000014 (has extras) }
02-23 10:31:00.073  2652  2652 I HwLauncher: Model  onReceive user=UserHandle{0}
02-23 10:31:00.101  2981  2981 I Calendar: CalendarWidgetService info:LanguageChangeReceiver:android.intent.action.TIME_TICK
02-23 10:31:00.107  4859  5258 I Step_LSC: 80001313|processHandleBroadcastAction action:android.intent.action.TIME_TICK
02-23 10:31:00.131  1662  1662 W HwKeyguardDragHelper: AnimationBlocked
02-23 10:31:00.141  4859  5258 W Step_MemoryPolicy: 80001313|pssSizeMB larger than 20M,warning...,pssSizeMB:25
02-23 10:31:01.022   579   579 I chatty  : uid=1000(system) /vendor/bin/thermal-daemon expire 10 lines
02-23 10:31:02.825  1952  2080 W PhoneInterfaceManager: shouldBlockLocation running ...
02-23 10:31:02.827  1952  2080 I PhoneInterfaceManager: shouldBlockLocation  ret:false
02-23 10:31:07.854  1952  2123 W PhoneInterfaceManager: shouldBlockLocation running ...
02-23 10:31:07.854  1952  2123 I PhoneInterfaceManager: shouldBlockLocation  ret:false
02-23 10:31:12.800  8433  8433 I chatty  : uid=10294(com.yeapao.andorid) expire 12 lines
02-23 10:31:12.871  1952  2123 W PhoneInterfaceManager: shouldBlockLocation running ...
02-23 10:31:12.872  1952  2123 I PhoneInterfaceManager: shouldBlockLocation  ret:false
02-23 10:31:13.414  1662  1662 W KeyguardUpdateMonitor: ACTION_BATTERY_CHANGED AMP: 0; Volt: 0
02-23 10:31:13.423  5591  6448 E CloudAlbum[8.0.3.304]: [ReceiverManager] not log on ignore
02-23 10:31:13.436  1662  1662 W KeyguardUpdateMonitor: ChargingSpeed  Wattage: -1 ST: 5000000 --> 7500000
02-23 10:31:13.436  1662  1662 I KgBattery: BatteryInfo updated:  5lPC-1
02-23 10:31:13.437  1662  1662 W AppHandler: sendMessage with obj100
02-23 10:31:13.442  1662  1662 W HwLockScreenPanel: Handle message: 100
02-23 10:31:13.442  1662  1662 W HwLockScreenPanel: refreshBatteryInfo: null
02-23 10:31:15.149  1662  1662 W KeyguardUpdateMonitor: ACTION_BATTERY_CHANGED AMP: 0; Volt: 0
02-23 10:31:15.163  1662  1662 W KeyguardUpdateMonitor: ChargingSpeed  Wattage: -1 ST: 5000000 --> 7500000
02-23 10:31:15.163  1662  1662 I KgBattery: BatteryInfo updated:  5lPC-1
02-23 10:31:15.163  1662  1662 W AppHandler: sendMessage with obj100
02-23 10:31:15.169  5591  6448 E CloudAlbum[8.0.3.304]: [ReceiverManager] not log on ignore
02-23 10:31:15.186  1662  1662 W HwLockScreenPanel: Handle message: 100
02-23 10:31:15.186  1662  1662 W HwLockScreenPanel: refreshBatteryInfo: null
02-23 10:31:17.897  1952  2143 W PhoneInterfaceManager: shouldBlockLocation running ...
02-23 10:31:17.898  1952  2143 I PhoneInterfaceManager: shouldBlockLocation  ret:false
02-23 10:31:22.928  1952  2080 W PhoneInterfaceManager: shouldBlockLocation running ...
02-23 10:31:22.929  1952  2080 I PhoneInterfaceManager: shouldBlockLocation  ret:false
02-23 10:31:27.960  1952  2123 W PhoneInterfaceManager: shouldBlockLocation running ...
02-23 10:31:27.961  1952  2123 I PhoneInterfaceManager: shouldBlockLocation  ret:false
02-23 10:31:28.657  1314  4120 I chatty  : uid=1000(system) MobileQosDetect expire 16 lines
02-23 10:31:30.806  8433  8433 I chatty  : uid=10294(com.yeapao.andorid) expire 7 lines
02-23 10:31:31.515  1662  1742 I HwMobileSignalController: subId:0 phoneType:2 networktype:13 targetClass:3 masterLevel:5 slaveLevel:5
02-23 10:31:32.990  1952  1966 W PhoneInterfaceManager: shouldBlockLocation running ...
02-23 10:31:32.992  1952  1966 I PhoneInterfaceManager: shouldBlockLocation  ret:false
02-23 10:31:38.017  1952  2244 W PhoneInterfaceManager: shouldBlockLocation running ...
02-23 10:31:38.017  1952  2244 I PhoneInterfaceManager: shouldBlockLocation  ret:false
02-23 10:31:38.100  1314  1314 I chatty  : uid=1000 system_server expire 18 lines
02-23 10:31:38.108  1662  1742 I HwMobileSignalController: subId:0 phoneType:2 networktype:13 targetClass:3 masterLevel:5 slaveLevel:5
02-23 10:31:38.661  1314  1544 I chatty  : uid=1000(system) Thread-11 expire 20 lines
02-23 10:31:38.733  1925  2014 I chatty  : uid=1000(system) core expire 12 lines
02-23 10:31:39.311   580   580 I Pged-IPgedBinderService: ****action is 1, pid num is 4***
02-23 10:31:39.311   580   580 I Pged-Freezer: freezePids
02-23 10:31:39.311   580   580 I Pged-Freezer: Freeze process: 28708
02-23 10:31:39.312   580   580 I Pged-Freezer: Freeze process: 5431
02-23 10:31:39.312   580   580 I Pged-Freezer: Freeze process: 8187
02-23 10:31:39.849  8433  8433 E AndroidRuntime: FATAL EXCEPTION: main
02-23 10:31:39.849  8433  8433 E AndroidRuntime: Process: com.yeapao.andorid, PID: 8433
02-23 10:31:39.849  8433  8433 E AndroidRuntime: java.lang.NoSuchFieldError: No field button_back of type I in class Lcom/zhihu/matisse/R$id; or its superclasses (declaration of 'com.zhihu.matisse.R$id' appears in /data/app/com.yeapao.andorid-1/split_lib_slice_8_apk.apk)
02-23 10:31:39.849  8433  8433 E AndroidRuntime: 	at com.zhihu.matisse.internal.ui.BasePreviewActivity.onCreate(BasePreviewActivity.java:79)
02-23 10:31:39.849  8433  8433 E AndroidRuntime: 	at com.zhihu.matisse.internal.ui.AlbumPreviewActivity.onCreate(AlbumPreviewActivity.java:42)
02-23 10:31:39.849  8433  8433 E AndroidRuntime: 	at android.app.Activity.performCreate(Activity.java:6915)
02-23 10:31:39.849  8433  8433 E AndroidRuntime: 	at android.app.Instrumentation.callActivityOnCreate(Instrumentation.java:1123)
02-23 10:31:39.849  8433  8433 E AndroidRuntime: 	at cn.jiguang.a.a.d.a.a.d.callActivityOnCreate(Unknown Source)
02-23 10:31:39.849  8433  8433 E AndroidRuntime: 	at android.app.ActivityThread.performLaunchActivity(ActivityThread.java:2746)
02-23 10:31:39.849  8433  8433 E AndroidRuntime: 	at android.app.ActivityThread.handleLaunchActivity(ActivityThread.java:2864)
02-23 10:31:39.849  8433  8433 E AndroidRuntime: 	at android.app.ActivityThread.-wrap12(ActivityThread.java)
02-23 10:31:39.849  8433  8433 E AndroidRuntime: 	at android.app.ActivityThread$H.handleMessage(ActivityThread.java:1567)
02-23 10:31:39.849  8433  8433 E AndroidRuntime: 	at android.os.Handler.dispatchMessage(Handler.java:105)
02-23 10:31:39.849  8433  8433 E AndroidRuntime: 	at android.os.Looper.loop(Looper.java:156)
02-23 10:31:39.849  8433  8433 E AndroidRuntime: 	at android.app.ActivityThread.main(ActivityThread.java:6523)
02-23 10:31:39.849  8433  8433 E AndroidRuntime: 	at java.lang.reflect.Method.invoke(Native Method)
02-23 10:31:39.849  8433  8433 E AndroidRuntime: 	at com.android.internal.os.ZygoteInit$MethodAndArgsCaller.run(ZygoteInit.java:942)
02-23 10:31:39.849  8433  8433 E AndroidRuntime: 	at com.android.internal.os.ZygoteInit.main(ZygoteInit.java:832)
02-23 10:31:39.859   595  1168 I logserver: handle_logfile_events, Object Path:/data/system/dropbox/, mask=0x00000080
02-23 10:31:39.859   595  1168 I logserver: process_one_event, event->len=48, name=data_app_crash@1519353099858.txt
02-23 10:31:39.859   595  1168 I logserver: find_first_match: find match, plogs(type=1, pfile=/data/system/dropbox/, match=app_crash)
02-23 10:31:39.859   595  1168 I iMonitor: create: 901001001
02-23 10:31:39.859   595  1168 I logserver: process_event_by_imonitor, pos=0, type=crash, event_id=901001001
02-23 10:31:39.859   595  1168 I logserver: get_acr_info, match:(app_crash), actual_name:(data_app_crash@1519353099858.txt)
02-23 10:31:39.859   595  1168 E logserver: imonitor_add_dynamic_path, path:/data/system/dropbox/data_app_crash@1519353099858.txt
02-23 10:31:39.859   595  1168 I iMonitor: send: 901001001
02-23 10:31:39.859   595  1168 I logserver: imonitor_send_event ret=150
02-23 10:31:39.859   595  1169 I logserver: handle_exception_events enter
02-23 10:31:40.099   447   460 I chatty  : uid=1000(system) Binder:447_1 expire 9 lines
02-23 10:31:40.100  1314  1452 I chatty  : uid=1000(system) InputDispatcher expire 88 lines
02-23 10:31:40.133  8623  8623 I         : power log dlsym ok
02-23 10:31:40.136  8623  8623 I chatty  : uid=10294(com.yeapao.andorid) expire 23 lines
02-23 10:31:40.149  1662  1662 W ImageWallpaper: trimMemory condition not ready!
02-23 10:31:40.157  1314  1336 I chatty  : uid=1000(system) android.display expire 7 lines
02-23 10:31:40.160  1314  2608 I chatty  : uid=1000(system) Binder:1314_11 expire 10 lines
02-23 10:31:40.200  1314  2213 I chatty  : uid=1000(system) Binder:1314_9 expire 6 lines
02-23 10:31:40.201  2460 20321 I NCCHR_NcLogCollectServiceImpl: getUserType = 1
02-23 10:31:40.202  2460 20201 I NCCHR_NcLogCollectServiceImpl: getUserType = 1
02-23 10:31:40.204  1314  1483 I chatty  : uid=1000(system) HwGpsLogService expire 2 lines
02-23 10:31:40.210   595  1169 I logserver: handle_exception_events enter
02-23 10:31:40.217  1952  1967 W PhoneInterfaceManager: shouldBlockLocation running ...
02-23 10:31:40.218  1952  1967 I PhoneInterfaceManager: shouldBlockLocation  ret:false
02-23 10:31:40.234  1952  1967 W PhoneInterfaceManager: shouldBlockLocation running ...
02-23 10:31:40.235  1952  1967 I PhoneInterfaceManager: shouldBlockLocation  ret:false
02-23 10:31:40.237  2460  2475 I NCCHR_NcLogCollectServiceImpl: getUserType = 1
02-23 10:31:40.242  1314  3906 I chatty  : uid=1000(system) GnssConnectivit expire 1 line
02-23 10:31:40.242  2460 13673 I NCCHR_NcLogCollectServiceImpl: getUserType = 1
02-23 10:31:40.247  2460 16766 I NCCHR_NcLogCollectServiceImpl: getUserType = 1
02-23 10:31:40.248  2460  2527 I NCCHR_NcLogCollectService: ChrLogServiceHandler msg = 1 received
02-23 10:31:40.248  2460  2528 I NCCHR_LogDatabaseNc: msg = 1 received
02-23 10:31:40.248  2460  2527 I NCCHR_NcLogCollectService: ChrLogServiceHandler msg = 2 received
02-23 10:31:40.248  1314  3904 I chatty  : uid=1000(system) Base4in1LogMana expire 1 line
02-23 10:31:40.248  2460  2528 I NCCHR_LogDatabaseNc: msg = 2 received
02-23 10:31:40.249  2460  2527 I NCCHR_NcLogCollectService: ChrLogServiceHandler msg = 4 received
02-23 10:31:40.249  2460  2528 I NCCHR_LogDatabaseNc: msg = 5 received
02-23 10:31:40.250  2460  2528 I System.out: [chown, system.log, /log/nc_chr/gps/GPS_CHR_EVA-AL10_yJXLudwTcrNWJ8rGWFDOvZxAa+8hh+1VaOI$T2oGtQw=_20180223091306.log]
02-23 10:31:40.250  2460  2528 I System.out: null
02-23 10:31:40.250  2460  2528 I System.out: null
02-23 10:31:40.250  2460  2528 I System.out: Calling by::className:com.huawei.lcagent.util.FileUtils  MethodName:runCommand
02-23 10:31:40.252  2460  2528 I System.out: [chmod, 640, /log/nc_chr/gps/GPS_CHR_EVA-AL10_yJXLudwTcrNWJ8rGWFDOvZxAa+8hh+1VaOI$T2oGtQw=_20180223091306.log]
02-23 10:31:40.252  2460  2528 I System.out: null
02-23 10:31:40.252  2460  2528 I System.out: null
02-23 10:31:40.252  2460  2528 I System.out: Calling by::className:com.huawei.lcagent.util.FileUtils  MethodName:runCommand
02-23 10:31:40.816   580 15878 I Pged-IPgedBinderService: ****action is 2, pid num is 4***
02-23 10:31:40.816   580 15878 I Pged-Freezer: thawPids
02-23 10:31:41.057   579   579 I chatty  : uid=1000(system) /vendor/bin/thermal-daemon expire 10 lines
02-23 10:31:41.348  8623  8680 I chatty  : uid=10294(com.yeapao.andorid) expire 1 line
02-23 10:31:41.391  8623  8623 I chatty  : uid=10294(com.yeapao.andorid) expire 1 line
02-23 10:31:41.394  8623  8681 I chatty  : uid=10294(com.yeapao.andorid) expire 2 lines
02-23 10:31:41.630   447   447 I chatty  : uid=1000(system) /system/bin/surfaceflinger expire 5 lines
02-23 10:31:42.219  8623  8623 E ChangeDataActivity: ok
02-23 10:31:43.035  1952  2123 W PhoneInterfaceManager: shouldBlockLocation running ...
02-23 10:31:43.035  1952  2123 I PhoneInterfaceManager: shouldBlockLocation  ret:false
02-23 10:31:44.038  1939  1939 W HwStepCounter: version : 1
02-23 10:31:44.038  1939  1939 I HwStepCounter: dealReportData length 19
02-23 10:31:44.038  1939  1939 W HwStepCounter: abi 25 total 4869 total floor 0 totalCar 1024 total dis 2048
02-23 10:31:44.038  1939  1939 W HwStepCounter: stepPace 4096 stepLength 8192 speed 16384 touchdown_ratio 32768 reserved1 0 reserved2 0
02-23 10:31:44.040  1939  1939 E HwStepCounter: dealReportData tm: 2018-02-23 10:31:44 steps_value[0] : 0 state_value[0]:0 level_value[0]:0
02-23 10:31:44.040  1939  1939 I HwStepCounter: ###### finish ####
02-23 10:31:44.041  1939  1939 I HwStepCounter: isBeginOfToday: 23 -> 23
02-23 10:31:44.041  1939  1939 I HwStepCounter: isBeginOfToday: false
02-23 10:31:44.041  1939  1939 I HwStepCounter: dealReportData: diff = 0
02-23 10:31:44.046  4859  5258 I Step_LSC: 80001313|onStandStepChanged 4869
02-23 10:31:44.049  1939  2959 I StepCounterRemoteProxy: Report client count 1
02-23 10:31:44.052  4859  4870 I Step_LSC: 80001313|onExtend:1519353104000 0 0 0
02-23 10:31:44.106  1662  1742 I HwMobileSignalController: subId:0 phoneType:2 networktype:13 targetClass:3 masterLevel:5 slaveLevel:5
02-23 10:31:44.351  4859  5258 I Step_SPUtils: 80001313| getTodayTotalDetailSteps = 1519315200000##1736##38797##0##0##69744395
02-23 10:31:44.353  4859  5258 I Step_SPUtils: 80001313|setTodayTotalDetailSteps=1519315200000##1736##38797##0##0##69796405 timeZero=1519315200000
02-23 10:31:44.368  4859  5258 I Step_ExtSDM: 80001313|calculateCaloriesWithCache totalCalories=34132
02-23 10:31:44.375  4859  5258 I Step_ExtSDM: 80001313|calculateAltitudeWithCache totalAltitude=0
02-23 10:31:45.130  1314  1334 I chatty  : uid=1000(system) android.fg expire 12 lines
02-23 10:31:45.140  3063  8357 I HwMtpServerExJNI: cleanup MtpServerEx
02-23 10:31:45.140  3063  8357 I StagefrightMediaScannerEx: StagefrightMediaScanner destructor
02-23 10:31:45.141  6662  6669 I art     : Debugger is no longer active
02-23 10:31:45.141  6662  6669 I art     : Starting a blocking GC Instrumentation
02-23 10:31:45.142  8623  8630 I art     : Debugger is no longer active
02-23 10:31:45.142  8623  8630 I art     : Starting a blocking GC Instrumentation
02-23 10:31:45.147  1314  1440 I chatty  : uid=1000(system) HwBatteryServic expire 7 lines
02-23 10:31:45.151   589  8300 W AMessage: failed to post message as target looper for handler 0 is gone.
02-23 10:31:45.155 17167 17167 I UsbReceiver: Usb port changed, start service. data role = 0, port = UsbPort{id=otg_default, supportedModes=dual}, powerSupplyEnabled = true
02-23 10:31:45.164  6789  6796 I art     : Debugger is no longer active
02-23 10:31:45.164  6789  6796 I art     : Starting a blocking GC Instrumentation
02-23 10:31:45.165  1662  1662 W KeyguardUpdateMonitor: ACTION_BATTERY_CHANGED AMP: 0; Volt: 0
02-23 10:31:45.172  5591  6448 E CloudAlbum[8.0.3.304]: [ReceiverManager] not log on ignore
02-23 10:31:45.189  2047  2181 E HwSystemManager: ChargeInfo: doRecordsChargeInfo chargeTime =69465509 plugType = 2 chargeType =1
02-23 10:31:45.189  2047  2181 E HwSystemManager: ChargeInfo: doRecordsChargeInfo lastCapacityRm =2299 capacityRm = 2310 mTimes = 331731 chargeBattery =11
02-23 10:31:45.189  2047  2181 E HwSystemManager: ChargeInfo: doRecordsChargeInfo BATTERY_PLUGGED_USB chargeBattery =11
02-23 10:31:45.212  5591  5591 I hisync-findmyphone.BatteryLowReport: BatteryLowBroadcastReceiver action:android.intent.action.ACTION_POWER_DISCONNECTED;isLastLocReportSwitchOpen:false
02-23 10:31:45.221  1662  1662 W KeyguardUpdateMonitor: ChargingSpeed  Wattage: -1 ST: 5000000 --> 7500000
02-23 10:31:45.221  1662  1662 I KgBattery: BatteryInfo updated:  3lpC-1
02-23 10:31:45.221  1662  1662 W AppHandler: sendMessage with obj100
02-23 10:31:45.222  8040  8040 I HwOUC   : [main-1]PowerConnectedReceiver receive ACTION_POWER_DISCONNECTED intent(hwouc/PowerConnectedReceiver.java:34)
02-23 10:31:45.223  8040  8040 I HwOUC   : [main-1]DBManager--getCacheContents data is null tableType is 4(hwouc/CacheDBManager.java:138)
02-23 10:31:45.223  8040  8040 E HwOUC   : [main-1]isAllFirmwareInSameStatus cacheContents is null, return false(hwouc/HwOucUtility.java:4942)
02-23 10:31:45.223  8040  8040 I HwOUC   : [main-1]isAllFirmwareVerifySuccess is false(hwouc/HwOucUtility.java:4882)
02-23 10:31:45.224  8040  8040 I HwOUC   : [main-1]getRealFirmwareVersion(),send ro.build.product.real.id = (hwouc/HwOucUtility.java:3299)
02-23 10:31:45.229  1662  1662 W HwLockScreenPanel: Handle message: 100
02-23 10:31:45.229  1662  1662 W HwLockScreenPanel: refreshBatteryInfo: null
02-23 10:31:45.229  1662  1662 I ChargingAnimController: Battery plugin status changed in screen off
02-23 10:31:45.230  8040  8040 I HwOUC   : [main-1]getFirmwareVersion(), getDisplayFirmwareVersion EVA-AL10C00B399SP02(hwouc/HwOucUtility.java:3302)
02-23 10:31:45.231  8040  8040 I HwOUC   : [main-1]DBManager--getCacheContents data is null tableType is 4(hwouc/CacheDBManager.java:138)
02-23 10:31:45.231  8040  8040 E HwOUC   : [main-1]isMicroPatchOnly cacheContents is null, return false(hwouc/HwOucUtility.java:5011)
02-23 10:31:45.231  8040  8040 I HwOUC   : [main-1]isABsystemSupport local swtich is closed, return false(hwouc/HwOucUtility.java:7260)
02-23 10:31:45.234  8040  8040 I HwOUC   : [main-1]DBManager--getCacheContents data is null tableType is 4(hwouc/CacheDBManager.java:138)
02-23 10:31:45.234  8040  8040 E HwOUC   : [main-1]isAllFirmwareInSameStatus cacheContents is null, return false(hwouc/HwOucUtility.java:4942)
02-23 10:31:45.234  8040  8040 I HwOUC   : [main-1]isAllFirmwareInstallSuccessUnderAB is false(hwouc/HwOucUtility.java:4893)
02-23 10:31:45.234  8040  8040 I HwOUC   : [main-1]PowerConnectedReceiver nextInstallRemindTime is -1 or nextSwitchABSystemRemindTime is -1 not AllFirmwareVerifySuccess and not AllFirmwareInstallSuccessUnderAB, do noting(hwouc/PowerConnectedReceiver.java:123)
02-23 10:31:45.240  2460  2460 I iMonitor: create: 903001010
02-23 10:31:45.243  2460  2460 I iMonitor: send: 903001010
02-23 10:31:45.243   595  1169 I logserver: handle_exception_events enter
02-23 10:31:45.268  8073  8073 E AppLogApi: handlerNetworkEvent !
02-23 10:31:45.268  5877  5981 I chatty  : uid=1101000(com.huawei.android.CotaDecompressService) BgPowerManagerS expire 102 lines
02-23 10:31:45.270  8073  8073 E AppLogApi: currentTimeMillis!1519353105270
02-23 10:31:45.270  8073  8073 E AppLogApi: beforeTimeMillis!1519352760616
02-23 10:31:45.270  8073  8073 E AppLogApi: checkTimeOver false
02-23 10:31:45.270  8073  8073 E AppLogApi: CONNECTIVITY_ACTION checkTimeOver or checkPolicyOver false!
02-23 10:31:45.270  2460  2545 E LogCollectService: illegal eventid
02-23 10:31:45.285  5877  5981 W System.err: 	at com.huawei.systemmanager.power.util.AppRangeWrapper.getRunningThirdUidSet(AppRangeWrapper.java:62)
02-23 10:31:45.285  5877  5981 W System.err: 	at com.huawei.systemmanager.power.provider.ProviderWrapper.updateWakeupNumDB(ProviderWrapper.java:48)
02-23 10:31:45.285  5877  5981 W System.err: 	at com.huawei.systemmanager.power.service.BgPowerManagerService$4.handleMessage(BgPowerManagerService.java:482)
02-23 10:31:45.285  5877  5981 W System.err: 	at android.os.Handler.dispatchMessage(Handler.java:105)
02-23 10:31:45.285  5877  5981 W System.err: 	at android.os.Looper.loop(Looper.java:156)
02-23 10:31:45.285  5877  5981 W System.err: 	at android.os.HandlerThread.run(HandlerThread.java:61)
02-23 10:31:45.298  5877  5981 E HwSystemManager: SysCoreUtils:getAppInfoByPackageName NameNotFoundException: com.android.mms
02-23 10:31:45.298  5877  5981 W System.err: android.content.pm.PackageManager$NameNotFoundException: com.android.mms
02-23 10:31:45.298  5877  5981 W System.err: 	at android.app.ApplicationPackageManager.getApplicationInfoAsUser(ApplicationPackageManager.java:363)
02-23 10:31:45.298  5877  5981 W System.err: 	at android.app.ApplicationPackageManager.getApplicationInfo(ApplicationPackageManager.java:345)
02-23 10:31:45.298  5877  5981 W System.err: 	at com.huawei.systemmanager.power.util.SysCoreUtils.getAppInfoByPackageName(SysCoreUtils.java:231)
